C:/Users/azmib/Desktop/Bachelorarbeit/05Software/STM_Workspace/Pilotix6SC_Measurement/MCSDK_v6.4.2-Full/MotorControl/MCSDK/MCLib/Any/Src/revup_ctrl_sixstep.c:86:13:RUC_6S_Clear	4	static
C:/Users/azmib/Desktop/Bachelorarbeit/05Software/STM_Workspace/Pilotix6SC_Measurement/MCSDK_v6.4.2-Full/MotorControl/MCSDK/MCLib/Any/Src/revup_ctrl_sixstep.c:143:13:RUC_6S_UpdatePulse	8	static
C:/Users/azmib/Desktop/Bachelorarbeit/05Software/STM_Workspace/Pilotix6SC_Measurement/MCSDK_v6.4.2-Full/MotorControl/MCSDK/MCLib/Any/Src/revup_ctrl_sixstep.c:166:13:RUC_6S_Exec	16	static
C:/Users/azmib/Desktop/Bachelorarbeit/05Software/STM_Workspace/Pilotix6SC_Measurement/MCSDK_v6.4.2-Full/MotorControl/MCSDK/MCLib/Any/Src/revup_ctrl_sixstep.c:279:6:RUC_6S_IsAlignStageNow	0	static
C:/Users/azmib/Desktop/Bachelorarbeit/05Software/STM_Workspace/Pilotix6SC_Measurement/MCSDK_v6.4.2-Full/MotorControl/MCSDK/MCLib/Any/Src/revup_ctrl_sixstep.c:318:13:RUC_6S_ObserverSpeedReached	0	static
