Archive member included to satisfy reference by file (symbol)

C:/ST/STM32CubeIDE_2.2.0/STM32CubeIDE/plugins/com.st.stm32cube.ide.mcu.externaltools.gnu-tools-for-stm32.14.3.rel1.win32_1.0.100.202602081740/tools/bin/../lib/gcc/arm-none-eabi/14.3.1/../../../../arm-none-eabi/lib/thumb/v7e-m+fp/hard\libc_nano.a(libc_a-exit.o)
                              C:/ST/STM32CubeIDE_2.2.0/STM32CubeIDE/plugins/com.st.stm32cube.ide.mcu.externaltools.gnu-tools-for-stm32.14.3.rel1.win32_1.0.100.202602081740/tools/bin/../lib/gcc/arm-none-eabi/14.3.1/../../../../arm-none-eabi/lib/thumb/v7e-m+fp/hard/crt0.o (exit)
C:/ST/STM32CubeIDE_2.2.0/STM32CubeIDE/plugins/com.st.stm32cube.ide.mcu.externaltools.gnu-tools-for-stm32.14.3.rel1.win32_1.0.100.202602081740/tools/bin/../lib/gcc/arm-none-eabi/14.3.1/../../../../arm-none-eabi/lib/thumb/v7e-m+fp/hard\libc_nano.a(libc_a-findfp.o)
                              C:/ST/STM32CubeIDE_2.2.0/STM32CubeIDE/plugins/com.st.stm32cube.ide.mcu.externaltools.gnu-tools-for-stm32.14.3.rel1.win32_1.0.100.202602081740/tools/bin/../lib/gcc/arm-none-eabi/14.3.1/../../../../arm-none-eabi/lib/thumb/v7e-m+fp/hard\libc_nano.a(libc_a-exit.o) (__stdio_exit_handler)
C:/ST/STM32CubeIDE_2.2.0/STM32CubeIDE/plugins/com.st.stm32cube.ide.mcu.externaltools.gnu-tools-for-stm32.14.3.rel1.win32_1.0.100.202602081740/tools/bin/../lib/gcc/arm-none-eabi/14.3.1/../../../../arm-none-eabi/lib/thumb/v7e-m+fp/hard\libc_nano.a(libc_a-fwalk.o)
                              C:/ST/STM32CubeIDE_2.2.0/STM32CubeIDE/plugins/com.st.stm32cube.ide.mcu.externaltools.gnu-tools-for-stm32.14.3.rel1.win32_1.0.100.202602081740/tools/bin/../lib/gcc/arm-none-eabi/14.3.1/../../../../arm-none-eabi/lib/thumb/v7e-m+fp/hard\libc_nano.a(libc_a-findfp.o) (_fwalk_sglue)
C:/ST/STM32CubeIDE_2.2.0/STM32CubeIDE/plugins/com.st.stm32cube.ide.mcu.externaltools.gnu-tools-for-stm32.14.3.rel1.win32_1.0.100.202602081740/tools/bin/../lib/gcc/arm-none-eabi/14.3.1/../../../../arm-none-eabi/lib/thumb/v7e-m+fp/hard\libc_nano.a(libc_a-stdio.o)
                              C:/ST/STM32CubeIDE_2.2.0/STM32CubeIDE/plugins/com.st.stm32cube.ide.mcu.externaltools.gnu-tools-for-stm32.14.3.rel1.win32_1.0.100.202602081740/tools/bin/../lib/gcc/arm-none-eabi/14.3.1/../../../../arm-none-eabi/lib/thumb/v7e-m+fp/hard\libc_nano.a(libc_a-findfp.o) (__sread)
C:/ST/STM32CubeIDE_2.2.0/STM32CubeIDE/plugins/com.st.stm32cube.ide.mcu.externaltools.gnu-tools-for-stm32.14.3.rel1.win32_1.0.100.202602081740/tools/bin/../lib/gcc/arm-none-eabi/14.3.1/../../../../arm-none-eabi/lib/thumb/v7e-m+fp/hard\libc_nano.a(libc_a-memset.o)
                              C:/ST/STM32CubeIDE_2.2.0/STM32CubeIDE/plugins/com.st.stm32cube.ide.mcu.externaltools.gnu-tools-for-stm32.14.3.rel1.win32_1.0.100.202602081740/tools/bin/../lib/gcc/arm-none-eabi/14.3.1/../../../../arm-none-eabi/lib/thumb/v7e-m+fp/hard/crt0.o (memset)
C:/ST/STM32CubeIDE_2.2.0/STM32CubeIDE/plugins/com.st.stm32cube.ide.mcu.externaltools.gnu-tools-for-stm32.14.3.rel1.win32_1.0.100.202602081740/tools/bin/../lib/gcc/arm-none-eabi/14.3.1/../../../../arm-none-eabi/lib/thumb/v7e-m+fp/hard\libc_nano.a(libc_a-closer.o)
                              C:/ST/STM32CubeIDE_2.2.0/STM32CubeIDE/plugins/com.st.stm32cube.ide.mcu.externaltools.gnu-tools-for-stm32.14.3.rel1.win32_1.0.100.202602081740/tools/bin/../lib/gcc/arm-none-eabi/14.3.1/../../../../arm-none-eabi/lib/thumb/v7e-m+fp/hard\libc_nano.a(libc_a-stdio.o) (_close_r)
C:/ST/STM32CubeIDE_2.2.0/STM32CubeIDE/plugins/com.st.stm32cube.ide.mcu.externaltools.gnu-tools-for-stm32.14.3.rel1.win32_1.0.100.202602081740/tools/bin/../lib/gcc/arm-none-eabi/14.3.1/../../../../arm-none-eabi/lib/thumb/v7e-m+fp/hard\libc_nano.a(libc_a-reent.o)
                              C:/ST/STM32CubeIDE_2.2.0/STM32CubeIDE/plugins/com.st.stm32cube.ide.mcu.externaltools.gnu-tools-for-stm32.14.3.rel1.win32_1.0.100.202602081740/tools/bin/../lib/gcc/arm-none-eabi/14.3.1/../../../../arm-none-eabi/lib/thumb/v7e-m+fp/hard\libc_nano.a(libc_a-closer.o) (errno)
C:/ST/STM32CubeIDE_2.2.0/STM32CubeIDE/plugins/com.st.stm32cube.ide.mcu.externaltools.gnu-tools-for-stm32.14.3.rel1.win32_1.0.100.202602081740/tools/bin/../lib/gcc/arm-none-eabi/14.3.1/../../../../arm-none-eabi/lib/thumb/v7e-m+fp/hard\libc_nano.a(libc_a-impure.o)
                              C:/ST/STM32CubeIDE_2.2.0/STM32CubeIDE/plugins/com.st.stm32cube.ide.mcu.externaltools.gnu-tools-for-stm32.14.3.rel1.win32_1.0.100.202602081740/tools/bin/../lib/gcc/arm-none-eabi/14.3.1/../../../../arm-none-eabi/lib/thumb/v7e-m+fp/hard\libc_nano.a(libc_a-reent.o) (_impure_ptr)
C:/ST/STM32CubeIDE_2.2.0/STM32CubeIDE/plugins/com.st.stm32cube.ide.mcu.externaltools.gnu-tools-for-stm32.14.3.rel1.win32_1.0.100.202602081740/tools/bin/../lib/gcc/arm-none-eabi/14.3.1/../../../../arm-none-eabi/lib/thumb/v7e-m+fp/hard\libc_nano.a(libc_a-lseekr.o)
[...]
Memory Configuration

Name             Origin             Length             Attributes
RAM              0x20000000         0x00008000         xrw
FLASH            0x08000000         0x00020000         xr
*default*        0x00000000         0xffffffff

Linker script and memory map

LOAD C:/ST/STM32CubeIDE_2.2.0/STM32CubeIDE/plugins/com.st.stm32cube.ide.mcu.externaltools.gnu-tools-for-stm32.14.3.rel1.win32_1.0.100.202602081740/tools/bin/../lib/gcc/arm-none-eabi/14.3.1/thumb/v7e-m+fp/hard/crti.o
LOAD C:/ST/STM32CubeIDE_2.2.0/STM32CubeIDE/plugins/com.st.stm32cube.ide.mcu.externaltools.gnu-tools-for-stm32.14.3.rel1.win32_1.0.100.202602081740/tools/bin/../lib/gcc/arm-none-eabi/14.3.1/thumb/v7e-m+fp/hard/crtbegin.o
LOAD C:/ST/STM32CubeIDE_2.2.0/STM32CubeIDE/plugins/com.st.stm32cube.ide.mcu.externaltools.gnu-tools-for-stm32.14.3.rel1.win32_1.0.100.202602081740/tools/bin/../lib/gcc/arm-none-eabi/14.3.1/../../../../arm-none-eabi/lib/thumb/v7e-m+fp/hard/crt0.o
LOAD ./Application/Startup/startup_stm32g431rbtx.o
LOAD ./Application/User/aspep.o
LOAD ./Application/User/bemf_ADC_fdbk_sixstep.o
LOAD ./Application/User/main.o
LOAD ./Application/User/mc_api.o
LOAD ./Application/User/mc_app_hooks.o
LOAD ./Application/User/mc_config.o
LOAD ./Application/User/mc_config_common.o
LOAD ./Application/User/mc_configuration_registers.o
LOAD ./Application/User/mc_interface.o
LOAD ./Application/User/mc_math.o
LOAD ./Application/User/mc_parameters.o
LOAD ./Application/User/mc_perf.o
LOAD ./Application/User/mc_tasks.o
LOAD ./Application/User/mc_tasks_sixstep.o
LOAD ./Application/User/mcp.o
LOAD ./Application/User/mcp_config.o
LOAD ./Application/User/motorcontrol.o
LOAD ./Application/User/pwmc_sixstep.o
LOAD ./Application/User/regular_conversion_manager.o
LOAD ./Application/User/speed_duty_ctrl.o
LOAD ./Application/User/speed_potentiometer.o
LOAD ./Application/User/stm32_mc_common_it.o
LOAD ./Application/User/stm32g4xx_hal_msp.o
LOAD ./Application/User/stm32g4xx_it.o
LOAD ./Application/User/stm32g4xx_mc_it.o
LOAD ./Application/User/sync_registers.o
LOAD ./Application/User/syscalls.o
LOAD ./Application/User/sysmem.o
LOAD ./Application/User/usart_aspep_driver.o
LOAD ./Drivers/CMSIS/system_stm32g4xx.o
LOAD ./Drivers/STM32G4xx_HAL_Driver/stm32g4xx_hal.o
LOAD ./Drivers/STM32G4xx_HAL_Driver/stm32g4xx_hal_adc.o
LOAD ./Drivers/STM32G4xx_HAL_Driver/stm32g4xx_hal_adc_ex.o
LOAD ./Drivers/STM32G4xx_HAL_Driver/stm32g4xx_hal_cortex.o
LOAD ./Drivers/STM32G4xx_HAL_Driver/stm32g4xx_hal_dma.o
LOAD ./Drivers/STM32G4xx_HAL_Driver/stm32g4xx_hal_dma_ex.o
LOAD ./Drivers/STM32G4xx_HAL_Driver/stm32g4xx_hal_exti.o
LOAD ./Drivers/STM32G4xx_HAL_Driver/stm32g4xx_hal_flash.o
LOAD ./Drivers/STM32G4xx_HAL_Driver/stm32g4xx_hal_flash_ex.o
LOAD ./Drivers/STM32G4xx_HAL_Driver/stm32g4xx_hal_flash_ramfunc.o
LOAD ./Drivers/STM32G4xx_HAL_Driver/stm32g4xx_hal_gpio.o
LOAD ./Drivers/STM32G4xx_HAL_Driver/stm32g4xx_hal_pwr.o
LOAD ./Drivers/STM32G4xx_HAL_Driver/stm32g4xx_hal_pwr_ex.o
LOAD ./Drivers/STM32G4xx_HAL_Driver/stm32g4xx_hal_rcc.o
LOAD ./Drivers/STM32G4xx_HAL_Driver/stm32g4xx_hal_rcc_ex.o
LOAD ./Drivers/STM32G4xx_HAL_Driver/stm32g4xx_hal_tim.o
LOAD ./Drivers/STM32G4xx_HAL_Driver/stm32g4xx_hal_tim_ex.o
LOAD ./Drivers/STM32G4xx_HAL_Driver/stm32g4xx_hal_uart.o
LOAD ./Drivers/STM32G4xx_HAL_Driver/stm32g4xx_hal_uart_ex.o
LOAD ./Drivers/STM32G4xx_HAL_Driver/stm32g4xx_ll_adc.o
LOAD ./Middlewares/MotorControl/bus_voltage_sensor.o
LOAD ./Middlewares/MotorControl/ntc_temperature_sensor.o
LOAD ./Middlewares/MotorControl/otf_sixstep.o
LOAD ./Middlewares/MotorControl/pid_regulator.o
LOAD ./Middlewares/MotorControl/potentiometer.o
LOAD ./Middlewares/MotorControl/r_divider_bus_voltage_sensor.o
LOAD ./Middlewares/MotorControl/revup_ctrl_sixstep.o
LOAD ./Middlewares/MotorControl/speed_pos_fdbk_sixstep.o
START GROUP
LOAD C:/ST/STM32CubeIDE_2.2.0/STM32CubeIDE/plugins/com.st.stm32cube.ide.mcu.externaltools.gnu-tools-for-stm32.14.3.rel1.win32_1.0.100.202602081740/tools/bin/../lib/gcc/arm-none-eabi/14.3.1/../../../../arm-none-eabi/lib/thumb/v7e-m+fp/hard\libc_nano.a
LOAD C:/ST/STM32CubeIDE_2.2.0/STM32CubeIDE/plugins/com.st.stm32cube.ide.mcu.externaltools.gnu-tools-for-stm32.14.3.rel1.win32_1.0.100.202602081740/tools/bin/../lib/gcc/arm-none-eabi/14.3.1/../../../../arm-none-eabi/lib/thumb/v7e-m+fp/hard\libm.a
END GROUP
START GROUP
LOAD C:/ST/STM32CubeIDE_2.2.0/STM32CubeIDE/plugins/com.st.stm32cube.ide.mcu.externaltools.gnu-tools-for-stm32.14.3.rel1.win32_1.0.100.202602081740/tools/bin/../lib/gcc/arm-none-eabi/14.3.1/thumb/v7e-m+fp/hard\libgcc.a
LOAD C:/ST/STM32CubeIDE_2.2.0/STM32CubeIDE/plugins/com.st.stm32cube.ide.mcu.externaltools.gnu-tools-for-stm32.14.3.rel1.win32_1.0.100.202602081740/tools/bin/../lib/gcc/arm-none-eabi/14.3.1/../../../../arm-none-eabi/lib/thumb/v7e-m+fp/hard\libc_nano.a
END GROUP
START GROUP
LOAD C:/ST/STM32CubeIDE_2.2.0/STM32CubeIDE/plugins/com.st.stm32cube.ide.mcu.externaltools.gnu-tools-for-stm32.14.3.rel1.win32_1.0.100.202602081740/tools/bin/../lib/gcc/arm-none-eabi/14.3.1/thumb/v7e-m+fp/hard\libgcc.a
LOAD C:/ST/STM32CubeIDE_2.2.0/STM32CubeIDE/plugins/com.st.stm32cube.ide.mcu.externaltools.gnu-tools-for-stm32.14.3.rel1.win32_1.0.100.202602081740/tools/bin/../lib/gcc/arm-none-eabi/14.3.1/../../../../arm-none-eabi/lib/thumb/v7e-m+fp/hard\libc_nano.a
LOAD C:/ST/STM32CubeIDE_2.2.0/STM32CubeIDE/plugins/com.st.stm32cube.ide.mcu.externaltools.gnu-tools-for-stm32.14.3.rel1.win32_1.0.100.202602081740/tools/bin/../lib/gcc/arm-none-eabi/14.3.1/../../../../arm-none-eabi/lib/thumb/v7e-m+fp/hard\libnosys.a
END GROUP
START GROUP
LOAD C:/ST/STM32CubeIDE_2.2.0/STM32CubeIDE/plugins/com.st.stm32cube.ide.mcu.externaltools.gnu-tools-for-stm32.14.3.rel1.win32_1.0.100.202602081740/tools/bin/../lib/gcc/arm-none-eabi/14.3.1/thumb/v7e-m+fp/hard\libgcc.a
LOAD C:/ST/STM32CubeIDE_2.2.0/STM32CubeIDE/plugins/com.st.stm32cube.ide.mcu.externaltools.gnu-tools-for-stm32.14.3.rel1.win32_1.0.100.202602081740/tools/bin/../lib/gcc/arm-none-eabi/14.3.1/../../../../arm-none-eabi/lib/thumb/v7e-m+fp/hard\libc_nano.a
LOAD C:/ST/STM32CubeIDE_2.2.0/STM32CubeIDE/plugins/com.st.stm32cube.ide.mcu.externaltools.gnu-tools-for-stm32.14.3.rel1.win32_1.0.100.202602081740/tools/bin/../lib/gcc/arm-none-eabi/14.3.1/../../../../arm-none-eabi/lib/thumb/v7e-m+fp/hard\libnosys.a
END GROUP
LOAD C:/ST/STM32CubeIDE_2.2.0/STM32CubeIDE/plugins/com.st.stm32cube.ide.mcu.externaltools.gnu-tools-for-stm32.14.3.rel1.win32_1.0.100.202602081740/tools/bin/../lib/gcc/arm-none-eabi/14.3.1/thumb/v7e-m+fp/hard/crtend.o
LOAD C:/ST/STM32CubeIDE_2.2.0/STM32CubeIDE/plugins/com.st.stm32cube.ide.mcu.externaltools.gnu-tools-for-stm32.14.3.rel1.win32_1.0.100.202602081740/tools/bin/../lib/gcc/arm-none-eabi/14.3.1/thumb/v7e-m+fp/hard/crtn.o
                0x20008000                        _estack = (ORIGIN (RAM) + LENGTH (RAM))
                0x00000200                        _Min_Heap_Size = 0x200
                0x00000400                        _Min_Stack_Size = 0x400

.isr_vector     0x08000000      0x1d8
                0x08000000                        . = ALIGN (0x4)
 *(.isr_vector)
 .isr_vector    0x08000000      0x1d8 ./Application/Startup/startup_stm32g431rbtx.o
                0x08000000                g_pfnVectors
                0x080001d8                        . = ALIGN (0x4)

.text           0x080001d8     0x8084
                0x080001d8                        . = ALIGN (0x4)
 *(.text)
 .text          0x080001d8       0x40 C:/ST/STM32CubeIDE_2.2.0/STM32CubeIDE/plugins/com.st.stm32cube.ide.mcu.externaltools.gnu-tools-for-stm32.14.3.rel1.win32_1.0.100.202602081740/tools/bin/../lib/gcc/arm-none-eabi/14.3.1/thumb/v7e-m+fp/hard/crtbegin.o
 .text          0x08000218      0x254 C:/ST/STM32CubeIDE_2.2.0/STM32CubeIDE/plugins/com.st.stm32cube.ide.mcu.externaltools.gnu-tools-for-stm32.14.3.rel1.win32_1.0.100.202602081740/tools/bin/../lib/gcc/arm-none-eabi/14.3.1/thumb/v7e-m+fp/hard\libgcc.a(_arm_muldf3.o)
                0x08000218                __muldf3
                0x08000218                __aeabi_dmul
 .text          0x0800046c      0x378 C:/ST/STM32CubeIDE_2.2.0/STM32CubeIDE/plugins/com.st.stm32cube.ide.mcu.externaltools.gnu-tools-for-stm32.14.3.rel1.win32_1.0.100.202602081740/tools/bin/../lib/gcc/arm-none-eabi/14.3.1/thumb/v7e-m+fp/hard\libgcc.a(_arm_addsubdf3.o)
                0x0800046c                __aeabi_drsub
                0x08000474                __aeabi_dsub
                0x08000474                __subdf3
                0x08000478                __aeabi_dadd
                0x08000478                __adddf3
                0x080006f0                __floatunsidf
                0x080006f0                __aeabi_ui2d
                0x08000710                __floatsidf
                0x08000710                __aeabi_i2d
                0x08000734                __aeabi_f2d
                0x08000734                __extendsfdf2
                0x08000778                __floatundidf
                0x08000778                __aeabi_ul2d
                0x08000788                __floatdidf
                0x08000788                __aeabi_l2d
 .text          0x080007e4       0x40 C:/ST/STM32CubeIDE_2.2.0/STM32CubeIDE/plugins/com.st.stm32cube.ide.mcu.externaltools.gnu-tools-for-stm32.14.3.rel1.win32_1.0.100.202602081740/tools/bin/../lib/gcc/arm-none-eabi/14.3.1/thumb/v7e-m+fp/hard\libgcc.a(_arm_fixunsdfsi.o)
                0x080007e4                __aeabi_d2uiz
                0x080007e4                __fixunsdfsi
 .text          0x08000824       0x30 C:/ST/STM32CubeIDE_2.2.0/STM32CubeIDE/plugins/com.st.stm32cube.ide.mcu.externaltools.gnu-tools-for-stm32.14.3.rel1.win32_1.0.100.202602081740/tools/bin/../lib/gcc/arm-none-eabi/14.3.1/thumb/v7e-m+fp/hard\libgcc.a(_aeabi_uldivmod.o)
                0x08000824                __aeabi_uldivmod
 .text          0x08000854      0x2f8 C:/ST/STM32CubeIDE_2.2.0/STM32CubeIDE/plugins/com.st.stm32cube.ide.mcu.externaltools.gnu-tools-for-stm32.14.3.rel1.win32_1.0.100.202602081740/tools/bin/../lib/gcc/arm-none-eabi/14.3.1/thumb/v7e-m+fp/hard\libgcc.a(_udivmoddi4.o)
                0x08000854                __udivmoddi4
 .text          0x08000b4c        0x4 C:/ST/STM32CubeIDE_2.2.0/STM32CubeIDE/plugins/com.st.stm32cube.ide.mcu.externaltools.gnu-tools-for-stm32.14.3.rel1.win32_1.0.100.202602081740/tools/bin/../lib/gcc/arm-none-eabi/14.3.1/thumb/v7e-m+fp/hard\libgcc.a(_dvmd_tls.o)
                0x08000b4c                __aeabi_idiv0
                0x08000b4c                __aeabi_ldiv0
 *(.text*)
 .text.Reset_Handler
                0x08000b50       0x50 ./Application/Startup/startup_stm32g431rbtx.o
                0x08000b50                Reset_Handler
 .text.Default_Handler
                0x08000ba0        0x2 ./Application/Startup/startup_stm32g431rbtx.o
                0x08000ba0                RTC_Alarm_IRQHandler
                0x08000ba0                EXTI2_IRQHandler
                0x08000ba0                TIM8_TRG_COM_IRQHandler
                0x08000ba0                TIM8_CC_IRQHandler
                0x08000ba0                DebugMon_Handler
                0x08000ba0                TIM1_CC_IRQHandler
                0x08000ba0                USB_HP_IRQHandler
                0x08000ba0                CORDIC_IRQHandler
                0x08000ba0                PendSV_Handler
                0x08000ba0                NMI_Handler
                0x08000ba0                EXTI3_IRQHandler
                0x08000ba0                I2C3_ER_IRQHandler
                0x08000ba0                EXTI0_IRQHandler
                0x08000ba0                I2C2_EV_IRQHandler
                0x08000ba0                FPU_IRQHandler
                0x08000ba0                FDCAN1_IT1_IRQHandler
                0x08000ba0                TIM1_UP_TIM16_IRQHandler
                0x08000ba0                UsageFault_Handler
                0x08000ba0                SPI1_IRQHandler
                0x08000ba0                TIM6_DAC_IRQHandler
                0x08000ba0                TIM8_UP_IRQHandler
                0x08000ba0                DMA2_Channel2_IRQHandler
                0x08000ba0                DMA1_Channel4_IRQHandler
                0x08000ba0                USART3_IRQHandler
                0x08000ba0                TIM4_IRQHandler
                0x08000ba0                DMA2_Channel1_IRQHandler
                0x08000ba0                I2C1_EV_IRQHandler
                0x08000ba0                DMA1_Channel6_IRQHandler
                0x08000ba0                UART4_IRQHandler
                0x08000ba0                DMA2_Channel4_IRQHandler
                0x08000ba0                TIM3_IRQHandler
                0x08000ba0                RCC_IRQHandler
                0x08000ba0                DMA1_Channel1_IRQHandler
                0x08000ba0                Default_Handler
                0x08000ba0                RTC_TAMP_LSECSS_IRQHandler
                0x08000ba0                FMAC_IRQHandler
                0x08000ba0                TIM7_IRQHandler
                0x08000ba0                UCPD1_IRQHandler
                0x08000ba0                I2C3_EV_IRQHandler
                0x08000ba0                EXTI9_5_IRQHandler
                0x08000ba0                RTC_WKUP_IRQHandler
                0x08000ba0                PVD_PVM_IRQHandler
                0x08000ba0                SPI2_IRQHandler
                0x08000ba0                MemManage_Handler
                0x08000ba0                SVC_Handler
                0x08000ba0                DMA2_Channel5_IRQHandler
                0x08000ba0                CRS_IRQHandler
                0x08000ba0                DMA1_Channel5_IRQHandler
                0x08000ba0                USB_LP_IRQHandler
                0x08000ba0                EXTI4_IRQHandler
                0x08000ba0                RNG_IRQHandler
                0x08000ba0                TIM1_TRG_COM_TIM17_IRQHandler
                0x08000ba0                DMA1_Channel3_IRQHandler
                0x08000ba0                WWDG_IRQHandler
                0x08000ba0                LPUART1_IRQHandler
                0x08000ba0                DMA2_Channel6_IRQHandler
                0x08000ba0                FDCAN1_IT0_IRQHandler
                0x08000ba0                COMP1_2_3_IRQHandler
                0x08000ba0                EXTI1_IRQHandler
                0x08000ba0                I2C2_ER_IRQHandler
                0x08000ba0                DMA1_Channel2_IRQHandler
                0x08000ba0                TIM8_BRK_IRQHandler
                0x08000ba0                FLASH_IRQHandler
                0x08000ba0                BusFault_Handler
                0x08000ba0                USART1_IRQHandler
                0x08000ba0                SPI3_IRQHandler
                0x08000ba0                I2C1_ER_IRQHandler
                0x08000ba0                LPTIM1_IRQHandler
                0x08000ba0                DMAMUX_OVR_IRQHandler
                0x08000ba0                USBWakeUp_IRQHandler
                0x08000ba0                SAI1_IRQHandler
                0x08000ba0                DMA2_Channel3_IRQHandler
                0x08000ba0                COMP4_IRQHandler
 *fill*         0x08000ba2        0x2 
 .text.ASPEP_start
                0x08000ba4       0x28 ./Application/User/aspep.o
                0x08000ba4                ASPEP_start
 .text.ASPEP_sendBeacon
                0x08000bcc       0x8c ./Application/User/aspep.o
                0x08000bcc                ASPEP_sendBeacon
 .text.ASPEP_sendPing
                0x08000c58       0x8c ./Application/User/aspep.o
                0x08000c58                ASPEP_sendPing
 .text.ASPEP_getBuffer
                0x08000ce4       0x24 ./Application/User/aspep.o
                0x08000ce4                ASPEP_getBuffer
 .text.ASPEP_sendPacket
                0x08000d08       0xdc ./Application/User/aspep.o
                0x08000d08                ASPEP_sendPacket
 .text.ASPEP_HWDataTransmittedIT
                0x08000de4       0x60 ./Application/User/aspep.o
                0x08000de4                ASPEP_HWDataTransmittedIT
 .text.ASPEP_RXframeProcess
                0x08000e44      0x2b8 ./Application/User/aspep.o
                0x08000e44                ASPEP_RXframeProcess
 .text.ASPEP_HWDataReceivedIT
                0x080010fc       0xa0 ./Application/User/aspep.o
                0x080010fc                ASPEP_HWDataReceivedIT
 .text.ASPEP_HWReset
                0x0800119c       0x14 ./Application/User/aspep.o
                0x0800119c                ASPEP_HWReset
 .text.BADC_Init
                0x080011b0      0x174 ./Application/User/bemf_ADC_fdbk_sixstep.o
                0x080011b0                BADC_Init
 .text.BADC_Clear
                0x08001324       0x60 ./Application/User/bemf_ADC_fdbk_sixstep.o
                0x08001324                BADC_Clear
 .text.BADC_Stop
                0x08001384       0x24 ./Application/User/bemf_ADC_fdbk_sixstep.o
                0x08001384                BADC_Stop
 .text.BADC_SetSamplingPoint
                0x080013a8       0x84 ./Application/User/bemf_ADC_fdbk_sixstep.o
                0x080013a8                BADC_SetSamplingPoint
 .text.BADC_IsZcDetected
                0x0800142c      0x114 ./Application/User/bemf_ADC_fdbk_sixstep.o
                0x0800142c                BADC_IsZcDetected
 .text.BADC_CalcAvrgMecSpeedUnit
                0x08001540       0x84 ./Application/User/bemf_ADC_fdbk_sixstep.o
                0x08001540                BADC_CalcAvrgMecSpeedUnit
 .text.BADC_SetDirection
                0x080015c4        0x8 ./Application/User/bemf_ADC_fdbk_sixstep.o
                0x080015c4                BADC_SetDirection
 .text.BADC_SelectAdcChannel
                0x080015cc       0x98 ./Application/User/bemf_ADC_fdbk_sixstep.o
                0x080015cc                BADC_SelectAdcChannel
 .text.BADC_Start
                0x08001664       0x94 ./Application/User/bemf_ADC_fdbk_sixstep.o
                0x08001664                BADC_Start
 .text.BADC_StepChangeEvent
                0x080016f8       0x4c ./Application/User/bemf_ADC_fdbk_sixstep.o
                0x080016f8                BADC_StepChangeEvent
 .text.BADC_CalcRevUpDemagTime
                0x08001744       0x28 ./Application/User/bemf_ADC_fdbk_sixstep.o
                0x08001744                BADC_CalcRevUpDemagTime
 .text.BADC_CalcRunDemagTime
                0x0800176c       0x2c ./Application/User/bemf_ADC_fdbk_sixstep.o
                0x0800176c                BADC_CalcRunDemagTime
 .text.BADC_SetLoopClosed
                0x08001798        0x8 ./Application/User/bemf_ADC_fdbk_sixstep.o
                0x08001798                BADC_SetLoopClosed
 .text.BADC_SetSpeedTimer
                0x080017a0       0x1c ./Application/User/bemf_ADC_fdbk_sixstep.o
                0x080017a0                BADC_SetSpeedTimer
 .text.BADC_CheckDetectionErrors
                0x080017bc       0x3c ./Application/User/bemf_ADC_fdbk_sixstep.o
                0x080017bc                BADC_CheckDetectionErrors
 .text.BADC_SetBemfSensorlessParam
                0x080017f8       0x3c ./Application/User/bemf_ADC_fdbk_sixstep.o
                0x080017f8                BADC_SetBemfSensorlessParam
 .text.BADC_GetBemfSensorlessParam
                0x08001834       0x50 ./Application/User/bemf_ADC_fdbk_sixstep.o
                0x08001834                BADC_GetBemfSensorlessParam
 *fill*         0x08001884        0x4 
 .text.SystemClock_Config
                0x08001888       0x78 ./Application/User/main.o
                0x08001888                SystemClock_Config
 .text.startup.main
                0x08001900      0x5f0 ./Application/User/main.o
                0x08001900                main
 .text.Error_Handler
                0x08001ef0        0x4 ./Application/User/main.o
                0x08001ef0                Error_Handler
 .text.MC_StartMotor1
                0x08001ef4        0xc ./Application/User/mc_api.o
                0x08001ef4                MC_StartMotor1
 .text.MC_StopMotor1
                0x08001f00        0xc ./Application/User/mc_api.o
                0x08001f00                MC_StopMotor1
 .text.MC_GetSTMStateMotor1
                0x08001f0c        0xc ./Application/User/mc_api.o
                0x08001f0c                MC_GetSTMStateMotor1
 .text.MC_APP_BootHook
                0x08001f18       0x1c ./Application/User/mc_app_hooks.o
                0x08001f18                MC_APP_BootHook
 .text.MC_APP_PostMediumFrequencyHook_M1
                0x08001f34       0x14 ./Application/User/mc_app_hooks.o
                0x08001f34                MC_APP_PostMediumFrequencyHook_M1
 .text.MCI_ExecSpeedRamp
                0x08001f48       0x24 ./Application/User/mc_interface.o
                0x08001f48                MCI_ExecSpeedRamp
 .text.MCI_FaultProcessing
                0x08001f6c       0x18 ./Application/User/mc_interface.o
                0x08001f6c                MCI_FaultProcessing
 .text.MCI_ExecBufferedCommands
                0x08001f84       0x38 ./Application/User/mc_interface.o
                0x08001f84                MCI_ExecBufferedCommands
 .text.MCI_GetSTMState
                0x08001fbc        0x4 ./Application/User/mc_interface.o
                0x08001fbc                MCI_GetSTMState
 .text.MCI_GetOccurredFaults
                0x08001fc0        0x4 ./Application/User/mc_interface.o
                0x08001fc0                MCI_GetOccurredFaults
 .text.MCI_GetCurrentFaults
                0x08001fc4        0x4 ./Application/User/mc_interface.o
                0x08001fc4                MCI_GetCurrentFaults
 .text.MCI_StartMotor
                0x08001fc8       0x2c ./Application/User/mc_interface.o
                0x08001fc8                MCI_StartMotor
 .text.MCI_StopMotor
                0x08001ff4       0x34 ./Application/User/mc_interface.o
                0x08001ff4                MCI_StopMotor
 .text.MCI_FaultAcknowledged
                0x08002028       0x24 ./Application/User/mc_interface.o
                0x08002028                MCI_FaultAcknowledged
 .text.MCI_GetFaultState
                0x0800204c        0xc ./Application/User/mc_interface.o
                0x0800204c                MCI_GetFaultState
 .text.MCI_GetControlMode
                0x08002058        0x4 ./Application/User/mc_interface.o
                0x08002058                MCI_GetControlMode
 .text.MCI_GetImposedMotorDirection
                0x0800205c       0x1c ./Application/User/mc_interface.o
                0x0800205c                MCI_GetImposedMotorDirection
 .text.MCI_GetLastRampFinalSpeed
                0x08002078        0x8 ./Application/User/mc_interface.o
                0x08002078                MCI_GetLastRampFinalSpeed
 .text.MCI_GetLastRampFinalDuration
                0x08002080        0x4 ./Application/User/mc_interface.o
                0x08002080                MCI_GetLastRampFinalDuration
 .text.MCI_StopRamp
                0x08002084        0xc ./Application/User/mc_interface.o
                0x08002084                MCI_StopRamp
 .text.MCI_GetAvrgMecSpeedUnit
                0x08002090        0x8 ./Application/User/mc_interface.o
                0x08002090                MCI_GetAvrgMecSpeedUnit
 .text.MCI_GetMecSpeedRefUnit
                0x08002098       0x14 ./Application/User/mc_interface.o
                0x08002098                MCI_GetMecSpeedRefUnit
 .text.MCI_Clear_PerfMeasure
                0x080020ac        0x8 ./Application/User/mc_interface.o
                0x080020ac                MCI_Clear_PerfMeasure
 .text.MC_Perf_Measure_Init
                0x080020b4       0x4c ./Application/User/mc_perf.o
                0x080020b4                MC_Perf_Measure_Init
 .text.MC_Perf_Clear
                0x08002100       0x28 ./Application/User/mc_perf.o
                0x08002100                MC_Perf_Clear
 .text.MC_BG_Perf_Measure_Start
                0x08002128       0x18 ./Application/User/mc_perf.o
                0x08002128                MC_BG_Perf_Measure_Start
 .text.MC_Perf_Measure_Stop
                0x08002140       0x44 ./Application/User/mc_perf.o
                0x08002140                MC_Perf_Measure_Stop
 .text.MC_BG_Perf_Measure_Stop
                0x08002184       0x48 ./Application/User/mc_perf.o
                0x08002184                MC_BG_Perf_Measure_Stop
 .text.MC_Perf_GetCPU_Load
                0x080021cc       0x78 ./Application/User/mc_perf.o
                0x080021cc                MC_Perf_GetCPU_Load
 .text.MC_Perf_GetMaxCPU_Load
                0x08002244       0x78 ./Application/User/mc_perf.o
                0x08002244                MC_Perf_GetMaxCPU_Load
 .text.MC_Perf_GetMinCPU_Load
                0x080022bc       0xa8 ./Application/User/mc_perf.o
                0x080022bc                MC_Perf_GetMinCPU_Load
 .text.MCboot   0x08002364       0x70 ./Application/User/mc_tasks.o
                0x08002364                MCboot
 .text.TSK_SetBrakeDelayM1
                0x080023d4        0xc ./Application/User/mc_tasks.o
                0x080023d4                TSK_SetBrakeDelayM1
 .text.TSK_SetOTFDetectionDelayM1
                0x080023e0        0xc ./Application/User/mc_tasks.o
                0x080023e0                TSK_SetOTFDetectionDelayM1
 .text.TSK_SetStopPermanencyTimeM1
                0x080023ec        0xc ./Application/User/mc_tasks.o
                0x080023ec                TSK_SetStopPermanencyTimeM1
 .text.TSK_StopPermanencyTimeHasElapsedM1
                0x080023f8       0x14 ./Application/User/mc_tasks.o
                0x080023f8                TSK_StopPermanencyTimeHasElapsedM1
 .text.TSK_BrakeDelayHasElapsedM1
                0x0800240c       0x14 ./Application/User/mc_tasks.o
                0x0800240c                TSK_BrakeDelayHasElapsedM1
 .text.TSK_OTFDetectionDelayHasElapsedM1
                0x08002420       0x14 ./Application/User/mc_tasks.o
                0x08002420                TSK_OTFDetectionDelayHasElapsedM1
 .text.TSK_SafetyTask_PWMOFF
                0x08002434       0x88 ./Application/User/mc_tasks.o
                0x08002434                TSK_SafetyTask_PWMOFF
 .text.TSK_SafetyTask
                0x080024bc       0x18 ./Application/User/mc_tasks.o
                0x080024bc                TSK_SafetyTask
 .text.MC_RunMotorControlTasks
                0x080024d4       0xd0 ./Application/User/mc_tasks.o
                0x080024d4                MC_RunMotorControlTasks
 .text.TSK_HardwareFaultTask
                0x080025a4       0x1c ./Application/User/mc_tasks.o
                0x080025a4                TSK_HardwareFaultTask
 .text.UI_HandleStartStopButton_cb
                0x080025c0       0x18 ./Application/User/mc_tasks.o
                0x080025c0                UI_HandleStartStopButton_cb
 .text.mc_lock_pins
                0x080025d8      0x110 ./Application/User/mc_tasks.o
                0x080025d8                mc_lock_pins
 .text.SIX_STEP_Clear
                0x080026e8       0x74 ./Application/User/mc_tasks_sixstep.o
                0x080026e8                SIX_STEP_Clear
 .text.SIX_STEP_Init
                0x0800275c       0x4c ./Application/User/mc_tasks_sixstep.o
                0x0800275c                SIX_STEP_Init
 .text.TSK_MediumFrequencyTaskM1
                0x080027a8      0x2d0 ./Application/User/mc_tasks_sixstep.o
                0x080027a8                TSK_MediumFrequencyTaskM1
 .text.TSK_SpeedTIM_task
                0x08002a78       0xf8 ./Application/User/mc_tasks_sixstep.o
                0x08002a78                TSK_SpeedTIM_task
 .text.TSK_BEMF_ZCD_Task
                0x08002b70       0x54 ./Application/User/mc_tasks_sixstep.o
                0x08002b70                TSK_BEMF_ZCD_Task
 .text.RI_SetRegCommandParser
                0x08002bc4       0xe0 ./Application/User/mcp.o
                0x08002bc4                RI_SetRegCommandParser
 .text.RI_GetRegCommandParser
                0x08002ca4       0x8c ./Application/User/mcp.o
                0x08002ca4                RI_GetRegCommandParser
 .text.MCP_ReceivedPacket
                0x08002d30      0x174 ./Application/User/mcp.o
                0x08002d30                MCP_ReceivedPacket
 .text.MX_MotorControl_Init
                0x08002ea4       0x3c ./Application/User/motorcontrol.o
                0x08002ea4                MX_MotorControl_Init
 .text.PWMC_Init
                0x08002ee0       0x48 ./Application/User/pwmc_sixstep.o
                0x08002ee0                PWMC_Init
 .text.PWMC_SetPhaseVoltage
                0x08002f28       0x10 ./Application/User/pwmc_sixstep.o
                0x08002f28                PWMC_SetPhaseVoltage
 .text.PWMC_LoadNextStep
                0x08002f38      0x110 ./Application/User/pwmc_sixstep.o
                0x08002f38                PWMC_LoadNextStep
 .text.PWMC_SwitchOnPWM
                0x08003048       0x44 ./Application/User/pwmc_sixstep.o
                0x08003048                PWMC_SwitchOnPWM
 .text.PWMC_SetADCTriggerChannel
                0x0800308c       0x14 ./Application/User/pwmc_sixstep.o
                0x0800308c                PWMC_SetADCTriggerChannel
 .text.PWMC_SwitchOffPWM
                0x080030a0       0x3c ./Application/User/pwmc_sixstep.o
                0x080030a0                PWMC_SwitchOffPWM
 .text.PWMC_ForceNextStep
                0x080030dc       0x2c ./Application/User/pwmc_sixstep.o
                0x080030dc                PWMC_ForceNextStep
 .text.PWMC_IsFaultOccurred
                0x08003108       0x2c ./Application/User/pwmc_sixstep.o
                0x08003108                PWMC_IsFaultOccurred
 .text.PWMC_GetLSModConfig
                0x08003134       0x28 ./Application/User/pwmc_sixstep.o
                0x08003134                PWMC_GetLSModConfig
 .text.PWMC_SetLSModConfig
                0x0800315c       0x2c ./Application/User/pwmc_sixstep.o
                0x0800315c                PWMC_SetLSModConfig
 .text.PWMC_SetQuasiSynchState
                0x08003188       0x10 ./Application/User/pwmc_sixstep.o
                0x08003188                PWMC_SetQuasiSynchState
 .text.RCM_RegisterRegConv
                0x08003198       0xcc ./Application/User/regular_conversion_manager.o
                0x08003198                RCM_RegisterRegConv
 .text.RCM_ExecNextConv
                0x08003264       0x6c ./Application/User/regular_conversion_manager.o
                0x08003264                RCM_ExecNextConv
 .text.RCM_ReadOngoingConv
                0x080032d0       0x44 ./Application/User/regular_conversion_manager.o
                0x080032d0                RCM_ReadOngoingConv
 .text.RCM_WaitForConv
                0x08003314       0x28 ./Application/User/regular_conversion_manager.o
                0x08003314                RCM_WaitForConv
 .text.SDC_Clear
                0x0800333c       0x24 ./Application/User/speed_duty_ctrl.o
                0x0800333c                SDC_Clear
 .text.SDC_ExecRamp
                0x08003360       0x94 ./Application/User/speed_duty_ctrl.o
                0x08003360                SDC_ExecRamp
 .text.SDC_CalcSpeedReference
                0x080033f4       0xac ./Application/User/speed_duty_ctrl.o
                0x080033f4                SDC_CalcSpeedReference
 .text.SPDPOT_Init
                0x080034a0       0x18 ./Application/User/speed_potentiometer.o
                0x080034a0                SPDPOT_Init
 .text.SPDPOT_Run
                0x080034b8       0xa8 ./Application/User/speed_potentiometer.o
                0x080034b8                SPDPOT_Run
 .text.USART2_IRQHandler
                0x08003560      0x120 ./Application/User/stm32_mc_common_it.o
                0x08003560                USART2_IRQHandler
 .text.HardFault_Handler
                0x08003680        0x8 ./Application/User/stm32_mc_common_it.o
                0x08003680                HardFault_Handler
 .text.SysTick_Handler
                0x08003688       0x44 ./Application/User/stm32_mc_common_it.o
                0x08003688                SysTick_Handler
 .text.EXTI15_10_IRQHandler
                0x080036cc       0x18 ./Application/User/stm32_mc_common_it.o
                0x080036cc                EXTI15_10_IRQHandler
 .text.HAL_MspInit
                0x080036e4       0x40 ./Application/User/stm32g4xx_hal_msp.o
                0x080036e4                HAL_MspInit
 *fill*         0x08003724        0x4 
 .text.HAL_ADC_MspInit
                0x08003728      0x138 ./Application/User/stm32g4xx_hal_msp.o
                0x08003728                HAL_ADC_MspInit
 .text.HAL_TIM_Base_MspInit
                0x08003860       0x50 ./Application/User/stm32g4xx_hal_msp.o
                0x08003860                HAL_TIM_Base_MspInit
 .text.HAL_TIM_MspPostInit
                0x080038b0       0x6c ./Application/User/stm32g4xx_hal_msp.o
                0x080038b0                HAL_TIM_MspPostInit
 *fill*         0x0800391c        0x4 
 .text.HAL_UART_MspInit
                0x08003920      0x110 ./Application/User/stm32g4xx_hal_msp.o
                0x08003920                HAL_UART_MspInit
 .text.ADC1_2_IRQHandler
                0x08003a30       0x64 ./Application/User/stm32g4xx_mc_it.o
                0x08003a30                ADC1_2_IRQHandler
 .text.TIM2_IRQHandler
                0x08003a94       0x38 ./Application/User/stm32g4xx_mc_it.o
                0x08003a94                TIM2_IRQHandler
 .text.TIM1_BRK_TIM15_IRQHandler
                0x08003acc       0x34 ./Application/User/stm32g4xx_mc_it.o
                0x08003acc                TIM1_BRK_TIM15_IRQHandler
 .text.RI_SetRegisterGlobal
                0x08003b00      0x104 ./Application/User/sync_registers.o
                0x08003b00                RI_SetRegisterGlobal
 .text.RI_SetRegisterMotor1
                0x08003c04      0x3c0 ./Application/User/sync_registers.o
                0x08003c04                RI_SetRegisterMotor1
 .text.RI_GetRegisterGlobal
                0x08003fc4      0x194 ./Application/User/sync_registers.o
                0x08003fc4                RI_GetRegisterGlobal
 .text.RI_GetRegisterMotor1
                0x08004158      0x55c ./Application/User/sync_registers.o
                0x08004158                RI_GetRegisterMotor1
 .text.UASPEP_INIT
                0x080046b4       0x84 ./Application/User/usart_aspep_driver.o
                0x080046b4                UASPEP_INIT
 .text.UASPEP_CFG_TRANSMISSION
                0x08004738       0x38 ./Application/User/usart_aspep_driver.o
                0x08004738                UASPEP_CFG_TRANSMISSION
 .text.UASPEP_CFG_RECEPTION
                0x08004770       0x3c ./Application/User/usart_aspep_driver.o
                0x08004770                UASPEP_CFG_RECEPTION
 .text.UASPEP_IDLE_ENABLE
                0x080047ac       0x18 ./Application/User/usart_aspep_driver.o
                0x080047ac                UASPEP_IDLE_ENABLE
 .text.SystemInit
                0x080047c4       0x14 ./Drivers/CMSIS/system_stm32g4xx.o
                0x080047c4                SystemInit
 .text.HAL_InitTick
                0x080047d8       0x4c ./Drivers/STM32G4xx_HAL_Driver/stm32g4xx_hal.o
                0x080047d8                HAL_InitTick
 .text.HAL_Init
                0x08004824       0x30 ./Drivers/STM32G4xx_HAL_Driver/stm32g4xx_hal.o
                0x08004824                HAL_Init
 .text.HAL_IncTick
                0x08004854       0x18 ./Drivers/STM32G4xx_HAL_Driver/stm32g4xx_hal.o
                0x08004854                HAL_IncTick
 .text.HAL_GetTick
                0x0800486c        0xc ./Drivers/STM32G4xx_HAL_Driver/stm32g4xx_hal.o
                0x0800486c                HAL_GetTick
 .text.HAL_ADC_Init
                0x08004878      0x1f4 ./Drivers/STM32G4xx_HAL_Driver/stm32g4xx_hal_adc.o
                0x08004878                HAL_ADC_Init
 .text.HAL_ADC_ConfigChannel
                0x08004a6c      0x4b4 ./Drivers/STM32G4xx_HAL_Driver/stm32g4xx_hal_adc.o
                0x08004a6c                HAL_ADC_ConfigChannel
 .text.HAL_ADC_AnalogWDGConfig
                0x08004f20      0x300 ./Drivers/STM32G4xx_HAL_Driver/stm32g4xx_hal_adc.o
                0x08004f20                HAL_ADC_AnalogWDGConfig
 .text.HAL_ADCEx_InjectedConfigChannel
                0x08005220      0x5c4 ./Drivers/STM32G4xx_HAL_Driver/stm32g4xx_hal_adc_ex.o
                0x08005220                HAL_ADCEx_InjectedConfigChannel
 .text.HAL_ADCEx_MultiModeConfigChannel
                0x080057e4       0xc8 ./Drivers/STM32G4xx_HAL_Driver/stm32g4xx_hal_adc_ex.o
                0x080057e4                HAL_ADCEx_MultiModeConfigChannel
 .text.HAL_NVIC_SetPriorityGrouping
                0x080058ac       0x24 ./Drivers/STM32G4xx_HAL_Driver/stm32g4xx_hal_cortex.o
                0x080058ac                HAL_NVIC_SetPriorityGrouping
 .text.HAL_NVIC_SetPriority
                0x080058d0       0x74 ./Drivers/STM32G4xx_HAL_Driver/stm32g4xx_hal_cortex.o
                0x080058d0                HAL_NVIC_SetPriority
 .text.HAL_NVIC_EnableIRQ
                0x08005944       0x1c ./Drivers/STM32G4xx_HAL_Driver/stm32g4xx_hal_cortex.o
                0x08005944                HAL_NVIC_EnableIRQ
 .text.HAL_NVIC_SystemReset
                0x08005960       0x24 ./Drivers/STM32G4xx_HAL_Driver/stm32g4xx_hal_cortex.o
                0x08005960                HAL_NVIC_SystemReset
 .text.HAL_SYSTICK_Config
                0x08005984       0x34 ./Drivers/STM32G4xx_HAL_Driver/stm32g4xx_hal_cortex.o
                0x08005984                HAL_SYSTICK_Config
 .text.HAL_SYSTICK_Callback
                0x080059b8        0x4 ./Drivers/STM32G4xx_HAL_Driver/stm32g4xx_hal_cortex.o
                0x080059b8                HAL_SYSTICK_Callback
 .text.HAL_SYSTICK_IRQHandler
                0x080059bc        0x8 ./Drivers/STM32G4xx_HAL_Driver/stm32g4xx_hal_cortex.o
                0x080059bc                HAL_SYSTICK_IRQHandler
 .text.HAL_DMA_Init
                0x080059c4      0x12c ./Drivers/STM32G4xx_HAL_Driver/stm32g4xx_hal_dma.o
                0x080059c4                HAL_DMA_Init
 .text.HAL_GPIO_Init
                0x08005af0      0x35c ./Drivers/STM32G4xx_HAL_Driver/stm32g4xx_hal_gpio.o
                0x08005af0                HAL_GPIO_Init
 .text.HAL_GPIO_WritePin
                0x08005e4c        0xc ./Drivers/STM32G4xx_HAL_Driver/stm32g4xx_hal_gpio.o
                0x08005e4c                HAL_GPIO_WritePin
 .text.HAL_PWREx_ControlVoltageScaling
                0x08005e58       0xe4 ./Drivers/STM32G4xx_HAL_Driver/stm32g4xx_hal_pwr_ex.o
                0x08005e58                HAL_PWREx_ControlVoltageScaling
 .text.HAL_PWREx_DisableUCPDDeadBattery
                0x08005f3c       0x10 ./Drivers/STM32G4xx_HAL_Driver/stm32g4xx_hal_pwr_ex.o
                0x08005f3c                HAL_PWREx_DisableUCPDDeadBattery
 .text.HAL_RCC_OscConfig
                0x08005f4c      0x484 ./Drivers/STM32G4xx_HAL_Driver/stm32g4xx_hal_rcc.o
                0x08005f4c                HAL_RCC_OscConfig
 .text.HAL_RCC_GetSysClockFreq
                0x080063d0       0x70 ./Drivers/STM32G4xx_HAL_Driver/stm32g4xx_hal_rcc.o
                0x080063d0                HAL_RCC_GetSysClockFreq
 .text.HAL_RCC_ClockConfig
                0x08006440      0x208 ./Drivers/STM32G4xx_HAL_Driver/stm32g4xx_hal_rcc.o
                0x08006440                HAL_RCC_ClockConfig
 .text.HAL_RCC_GetHCLKFreq
                0x08006648        0xc ./Drivers/STM32G4xx_HAL_Driver/stm32g4xx_hal_rcc.o
                0x08006648                HAL_RCC_GetHCLKFreq
 .text.HAL_RCC_GetPCLK1Freq
                0x08006654       0x24 ./Drivers/STM32G4xx_HAL_Driver/stm32g4xx_hal_rcc.o
                0x08006654                HAL_RCC_GetPCLK1Freq
 .text.HAL_RCC_GetPCLK2Freq
                0x08006678       0x24 ./Drivers/STM32G4xx_HAL_Driver/stm32g4xx_hal_rcc.o
                0x08006678                HAL_RCC_GetPCLK2Freq
 .text.HAL_RCC_EnableCSS
                0x0800669c       0x10 ./Drivers/STM32G4xx_HAL_Driver/stm32g4xx_hal_rcc.o
                0x0800669c                HAL_RCC_EnableCSS
 .text.HAL_RCCEx_PeriphCLKConfig
                0x080066ac      0x2a0 ./Drivers/STM32G4xx_HAL_Driver/stm32g4xx_hal_rcc_ex.o
                0x080066ac                HAL_RCCEx_PeriphCLKConfig
 .text.TIM_OC1_SetConfig
                0x0800694c       0x7c ./Drivers/STM32G4xx_HAL_Driver/stm32g4xx_hal_tim.o
 .text.TIM_OC3_SetConfig
                0x080069c8       0x84 ./Drivers/STM32G4xx_HAL_Driver/stm32g4xx_hal_tim.o
 .text.TIM_OC4_SetConfig
                0x08006a4c       0x88 ./Drivers/STM32G4xx_HAL_Driver/stm32g4xx_hal_tim.o
 .text.HAL_TIM_Base_Init
                0x08006ad4       0xfc ./Drivers/STM32G4xx_HAL_Driver/stm32g4xx_hal_tim.o
                0x08006ad4                HAL_TIM_Base_Init
 .text.HAL_TIM_PWM_MspInit
                0x08006bd0        0x4 ./Drivers/STM32G4xx_HAL_Driver/stm32g4xx_hal_tim.o
                0x08006bd0                HAL_TIM_PWM_MspInit
 .text.HAL_TIM_PWM_Init
                0x08006bd4       0xfc ./Drivers/STM32G4xx_HAL_Driver/stm32g4xx_hal_tim.o
                0x08006bd4                HAL_TIM_PWM_Init
 .text.HAL_TIM_ConfigClockSource
                0x08006cd0      0x220 ./Drivers/STM32G4xx_HAL_Driver/stm32g4xx_hal_tim.o
                0x08006cd0                HAL_TIM_ConfigClockSource
 .text.TIM_OC2_SetConfig
                0x08006ef0       0x88 ./Drivers/STM32G4xx_HAL_Driver/stm32g4xx_hal_tim.o
                0x08006ef0                TIM_OC2_SetConfig
 .text.HAL_TIM_PWM_ConfigChannel
                0x08006f78      0x1cc ./Drivers/STM32G4xx_HAL_Driver/stm32g4xx_hal_tim.o
                0x08006f78                HAL_TIM_PWM_ConfigChannel
 .text.HAL_TIMEx_MasterConfigSynchronization
                0x08007144       0xa4 ./Drivers/STM32G4xx_HAL_Driver/stm32g4xx_hal_tim_ex.o
                0x08007144                HAL_TIMEx_MasterConfigSynchronization
 .text.HAL_TIMEx_ConfigBreakDeadTime
                0x080071e8       0x9c ./Drivers/STM32G4xx_HAL_Driver/stm32g4xx_hal_tim_ex.o
                0x080071e8                HAL_TIMEx_ConfigBreakDeadTime
 .text.UART_SetConfig
                0x08007284      0x278 ./Drivers/STM32G4xx_HAL_Driver/stm32g4xx_hal_uart.o
                0x08007284                UART_SetConfig
 .text.UART_AdvFeatureConfig
                0x080074fc       0xb0 ./Drivers/STM32G4xx_HAL_Driver/stm32g4xx_hal_uart.o
                0x080074fc                UART_AdvFeatureConfig
 .text.UART_CheckIdleState
                0x080075ac      0x258 ./Drivers/STM32G4xx_HAL_Driver/stm32g4xx_hal_uart.o
                0x080075ac                UART_CheckIdleState
 .text.HAL_UART_Init
                0x08007804       0x68 ./Drivers/STM32G4xx_HAL_Driver/stm32g4xx_hal_uart.o
                0x08007804                HAL_UART_Init
 .text.HAL_UARTEx_DisableFifoMode
                0x0800786c       0x3c ./Drivers/STM32G4xx_HAL_Driver/stm32g4xx_hal_uart_ex.o
                0x0800786c                HAL_UARTEx_DisableFifoMode
 .text.HAL_UARTEx_SetTxFifoThreshold
                0x080078a8       0x84 ./Drivers/STM32G4xx_HAL_Driver/stm32g4xx_hal_uart_ex.o
                0x080078a8                HAL_UARTEx_SetTxFifoThreshold
 .text.HAL_UARTEx_SetRxFifoThreshold
                0x0800792c       0x84 ./Drivers/STM32G4xx_HAL_Driver/stm32g4xx_hal_uart_ex.o
                0x0800792c                HAL_UARTEx_SetRxFifoThreshold
 .text.VBS_GetAvBusVoltage_V
                0x080079b0        0xc ./Middlewares/MotorControl/bus_voltage_sensor.o
                0x080079b0                VBS_GetAvBusVoltage_V
 .text.NTC_Init
                0x080079bc       0x24 ./Middlewares/MotorControl/ntc_temperature_sensor.o
                0x080079bc                NTC_Init
 .text.NTC_CalcAvTemp
                0x080079e0       0x4c ./Middlewares/MotorControl/ntc_temperature_sensor.o
                0x080079e0                NTC_CalcAvTemp
 .text.NTC_GetAvTemp_C
                0x08007a2c       0x24 ./Middlewares/MotorControl/ntc_temperature_sensor.o
                0x08007a2c                NTC_GetAvTemp_C
 .text.OTF_6S_Clear
                0x08007a50       0x88 ./Middlewares/MotorControl/otf_sixstep.o
                0x08007a50                OTF_6S_Clear
 .text.OTF_6S_UpdateDutyConv
                0x08007ad8       0x8c ./Middlewares/MotorControl/otf_sixstep.o
                0x08007ad8                OTF_6S_UpdateDutyConv
 .text.OTF_6S_TurnOnLowSides
                0x08007b64       0x7c ./Middlewares/MotorControl/otf_sixstep.o
                0x08007b64                OTF_6S_TurnOnLowSides
 .text.OTF_6S_Init
                0x08007be0       0x84 ./Middlewares/MotorControl/otf_sixstep.o
                0x08007be0                OTF_6S_Init
 .text.OTF_6S_Task
                0x08007c64      0x14c ./Middlewares/MotorControl/otf_sixstep.o
                0x08007c64                OTF_6S_Task
 .text.OTF_6S_SwitchOver
                0x08007db0       0x3c ./Middlewares/MotorControl/otf_sixstep.o
                0x08007db0                OTF_6S_SwitchOver
 .text.OTF_6S_CalcSpeedReference
                0x08007dec       0x18 ./Middlewares/MotorControl/otf_sixstep.o
                0x08007dec                OTF_6S_CalcSpeedReference
 .text.PID_HandleInit
                0x08007e04       0x10 ./Middlewares/MotorControl/pid_regulator.o
                0x08007e04                PID_HandleInit
 .text.PID_SetKP
                0x08007e14        0x4 ./Middlewares/MotorControl/pid_regulator.o
                0x08007e14                PID_SetKP
 .text.PID_SetKI
                0x08007e18        0x4 ./Middlewares/MotorControl/pid_regulator.o
                0x08007e18                PID_SetKI
 .text.PID_GetKP
                0x08007e1c        0x8 ./Middlewares/MotorControl/pid_regulator.o
                0x08007e1c                PID_GetKP
 .text.PID_GetKI
                0x08007e24        0x8 ./Middlewares/MotorControl/pid_regulator.o
                0x08007e24                PID_GetKI
 .text.PID_SetIntegralTerm
                0x08007e2c        0x4 ./Middlewares/MotorControl/pid_regulator.o
                0x08007e2c                PID_SetIntegralTerm
 .text.PID_GetKPDivisorPOW2
                0x08007e30        0x4 ./Middlewares/MotorControl/pid_regulator.o
                0x08007e30                PID_GetKPDivisorPOW2
 .text.PID_SetKPDivisorPOW2
                0x08007e34        0xc ./Middlewares/MotorControl/pid_regulator.o
                0x08007e34                PID_SetKPDivisorPOW2
 .text.PID_GetKIDivisor
                0x08007e40        0x4 ./Middlewares/MotorControl/pid_regulator.o
                0x08007e40                PID_GetKIDivisor
 .text.PID_GetKIDivisorPOW2
                0x08007e44        0x4 ./Middlewares/MotorControl/pid_regulator.o
                0x08007e44                PID_GetKIDivisorPOW2
 .text.PID_SetLowerIntegralTermLimit
                0x08007e48        0x4 ./Middlewares/MotorControl/pid_regulator.o
                0x08007e48                PID_SetLowerIntegralTermLimit
 .text.PID_SetUpperIntegralTermLimit
                0x08007e4c        0x4 ./Middlewares/MotorControl/pid_regulator.o
                0x08007e4c                PID_SetUpperIntegralTermLimit
 .text.PID_SetKIDivisorPOW2
                0x08007e50       0x28 ./Middlewares/MotorControl/pid_regulator.o
                0x08007e50                PID_SetKIDivisorPOW2
 .text.PID_SetKD
                0x08007e78        0x4 ./Middlewares/MotorControl/pid_regulator.o
                0x08007e78                PID_SetKD
 .text.PID_GetKD
                0x08007e7c        0x8 ./Middlewares/MotorControl/pid_regulator.o
                0x08007e7c                PID_GetKD
 .text.PID_GetKDDivisorPOW2
                0x08007e84        0x4 ./Middlewares/MotorControl/pid_regulator.o
                0x08007e84                PID_GetKDDivisorPOW2
 .text.PID_SetKDDivisorPOW2
                0x08007e88        0xc ./Middlewares/MotorControl/pid_regulator.o
                0x08007e88                PID_SetKDDivisorPOW2
 .text.PI_Controller
                0x08007e94       0x80 ./Middlewares/MotorControl/pid_regulator.o
                0x08007e94                PI_Controller
 .text.POT_Init
                0x08007f14       0x24 ./Middlewares/MotorControl/potentiometer.o
                0x08007f14                POT_Init
 .text.POT_Clear
                0x08007f38       0x1c ./Middlewares/MotorControl/potentiometer.o
                0x08007f38                POT_Clear
 .text.POT_TakeMeasurement
                0x08007f54       0x34 ./Middlewares/MotorControl/potentiometer.o
                0x08007f54                POT_TakeMeasurement
 .text.RVBS_Init
                0x08007f88        0xc ./Middlewares/MotorControl/r_divider_bus_voltage_sensor.o
                0x08007f88                RVBS_Init
 .text.RVBS_CalcAvVbus
                0x08007f94       0x70 ./Middlewares/MotorControl/r_divider_bus_voltage_sensor.o
                0x08007f94                RVBS_CalcAvVbus
 .text.RUC_6S_Clear
                0x08008004       0x64 ./Middlewares/MotorControl/revup_ctrl_sixstep.o
                0x08008004                RUC_6S_Clear
 .text.RUC_6S_UpdatePulse
                0x08008068       0x18 ./Middlewares/MotorControl/revup_ctrl_sixstep.o
                0x08008068                RUC_6S_UpdatePulse
 .text.RUC_6S_Exec
                0x08008080      0x100 ./Middlewares/MotorControl/revup_ctrl_sixstep.o
                0x08008080                RUC_6S_Exec
 .text.RUC_6S_IsAlignStageNow
                0x08008180       0x10 ./Middlewares/MotorControl/revup_ctrl_sixstep.o
                0x08008180                RUC_6S_IsAlignStageNow
 .text.RUC_6S_ObserverSpeedReached
                0x08008190       0x14 ./Middlewares/MotorControl/revup_ctrl_sixstep.o
                0x08008190                RUC_6S_ObserverSpeedReached
 .text.SPD_GetAvrgMecSpeedUnit
                0x080081a4        0x8 ./Middlewares/MotorControl/speed_pos_fdbk_sixstep.o
                0x080081a4                SPD_GetAvrgMecSpeedUnit
 .text.SPD_IsMecSpeedReliable
                0x080081ac       0x40 ./Middlewares/MotorControl/speed_pos_fdbk_sixstep.o
                0x080081ac                SPD_IsMecSpeedReliable
 .text.memset   0x080081ec       0x10 C:/ST/STM32CubeIDE_2.2.0/STM32CubeIDE/plugins/com.st.stm32cube.ide.mcu.externaltools.gnu-tools-for-stm32.14.3.rel1.win32_1.0.100.202602081740/tools/bin/../lib/gcc/arm-none-eabi/14.3.1/../../../../arm-none-eabi/lib/thumb/v7e-m+fp/hard\libc_nano.a(libc_a-memset.o)
                0x080081ec                memset
 .text.__libc_init_array
                0x080081fc       0x48 C:/ST/STM32CubeIDE_2.2.0/STM32CubeIDE/plugins/com.st.stm32cube.ide.mcu.externaltools.gnu-tools-for-stm32.14.3.rel1.win32_1.0.100.202602081740/tools/bin/../lib/gcc/arm-none-eabi/14.3.1/../../../../arm-none-eabi/lib/thumb/v7e-m+fp/hard\libc_nano.a(libc_a-init.o)
                0x080081fc                __libc_init_array
 *(.glue_7)
 .glue_7        0x08008244        0x0 linker stubs
 *(.glue_7t)
 .glue_7t       0x08008244        0x0 linker stubs
 *(.eh_frame)
 .eh_frame      0x08008244        0x0 C:/ST/STM32CubeIDE_2.2.0/STM32CubeIDE/plugins/com.st.stm32cube.ide.mcu.externaltools.gnu-tools-for-stm32.14.3.rel1.win32_1.0.100.202602081740/tools/bin/../lib/gcc/arm-none-eabi/14.3.1/thumb/v7e-m+fp/hard/crtbegin.o
 *(.init)
 .init          0x08008244        0x4 C:/ST/STM32CubeIDE_2.2.0/STM32CubeIDE/plugins/com.st.stm32cube.ide.mcu.externaltools.gnu-tools-for-stm32.14.3.rel1.win32_1.0.100.202602081740/tools/bin/../lib/gcc/arm-none-eabi/14.3.1/thumb/v7e-m+fp/hard/crti.o
                0x08008244                _init
 .init          0x08008248        0x8 C:/ST/STM32CubeIDE_2.2.0/STM32CubeIDE/plugins/com.st.stm32cube.ide.mcu.externaltools.gnu-tools-for-stm32.14.3.rel1.win32_1.0.100.202602081740/tools/bin/../lib/gcc/arm-none-eabi/14.3.1/thumb/v7e-m+fp/hard/crtn.o
 *(.fini)
 .fini          0x08008250        0x4 C:/ST/STM32CubeIDE_2.2.0/STM32CubeIDE/plugins/com.st.stm32cube.ide.mcu.externaltools.gnu-tools-for-stm32.14.3.rel1.win32_1.0.100.202602081740/tools/bin/../lib/gcc/arm-none-eabi/14.3.1/thumb/v7e-m+fp/hard/crti.o
                0x08008250                _fini
 .fini          0x08008254        0x8 C:/ST/STM32CubeIDE_2.2.0/STM32CubeIDE/plugins/com.st.stm32cube.ide.mcu.externaltools.gnu-tools-for-stm32.14.3.rel1.win32_1.0.100.202602081740/tools/bin/../lib/gcc/arm-none-eabi/14.3.1/thumb/v7e-m+fp/hard/crtn.o
                0x0800825c                        . = ALIGN (0x4)
                0x0800825c                        _etext = .

.vfp11_veneer   0x0800825c        0x0
 .vfp11_veneer  0x0800825c        0x0 linker stubs

.v4_bx          0x0800825c        0x0
 .v4_bx         0x0800825c        0x0 linker stubs

.iplt           0x0800825c        0x0
 .iplt          0x0800825c        0x0 C:/ST/STM32CubeIDE_2.2.0/STM32CubeIDE/plugins/com.st.stm32cube.ide.mcu.externaltools.gnu-tools-for-stm32.14.3.rel1.win32_1.0.100.202602081740/tools/bin/../lib/gcc/arm-none-eabi/14.3.1/thumb/v7e-m+fp/hard/crtbegin.o

.rodata         0x0800825c      0x244
                0x0800825c                        . = ALIGN (0x4)
 *(.rodata)
 .rodata        0x0800825c       0x18 ./Application/User/bemf_ADC_fdbk_sixstep.o
 *(.rodata*)
 .rodata.CRC4_Lookup4
                0x08008274       0x10 ./Application/User/aspep.o
 .rodata.CRC4_Lookup8
                0x08008284      0x100 ./Application/User/aspep.o
 .rodata.pADCbemf
                0x08008384       0x18 ./Application/User/bemf_ADC_fdbk_sixstep.o
 .rodata.M1_SixStepConfig_reg
                0x0800839c        0xd ./Application/User/mc_configuration_registers.o
 *fill*         0x080083a9        0x3 
 .rodata.M1_MotorConfig_reg
                0x080083ac       0x3c ./Application/User/mc_configuration_registers.o
 .rodata.M1_ApplicationConfig_reg
                0x080083e8       0x10 ./Application/User/mc_configuration_registers.o
 .rodata.globalConfig_reg
                0x080083f8        0xa ./Application/User/mc_configuration_registers.o
                0x080083f8                globalConfig_reg
 *fill*         0x08008402        0x2 
 .rodata.FIRMWARE_NAME
                0x08008404       0x14 ./Application/User/mc_configuration_registers.o
                0x08008404                FIRMWARE_NAME
 .rodata.M1_PWR_BOARD
                0x08008418       0x11 ./Application/User/mc_configuration_registers.o
 *fill*         0x08008429        0x3 
 .rodata.CTL_BOARD
                0x0800842c        0xe ./Application/User/mc_configuration_registers.o
                0x0800842c                CTL_BOARD
 *fill*         0x0800843a        0x2 
 .rodata.PWMC_ParamsM1
                0x0800843c       0x1c ./Application/User/mc_parameters.o
                0x0800843c                PWMC_ParamsM1
 .rodata.CHANNEL_OFFSET_TAB
                0x08008458        0x6 ./Application/User/usart_aspep_driver.o
 *fill*         0x0800845e        0x2 
 .rodata.APBPrescTable
                0x08008460        0x8 ./Drivers/CMSIS/system_stm32g4xx.o
                0x08008460                APBPrescTable
 .rodata.AHBPrescTable
                0x08008468       0x10 ./Drivers/CMSIS/system_stm32g4xx.o
                0x08008468                AHBPrescTable
 .rodata.UARTPrescTable
                0x08008478       0x18 ./Drivers/STM32G4xx_HAL_Driver/stm32g4xx_hal_uart.o
                0x08008478                UARTPrescTable
 .rodata.denominator.0
                0x08008490        0x8 ./Drivers/STM32G4xx_HAL_Driver/stm32g4xx_hal_uart_ex.o
 .rodata.numerator.1
                0x08008498        0x8 ./Drivers/STM32G4xx_HAL_Driver/stm32g4xx_hal_uart_ex.o
                0x080084a0                        . = ALIGN (0x4)

.ARM.extab      0x080084a0        0x0
                0x080084a0                        . = ALIGN (0x4)
 *(.ARM.extab* .gnu.linkonce.armextab.*)
                0x080084a0                        . = ALIGN (0x4)

.ARM            0x080084a0        0x8
                0x080084a0                        . = ALIGN (0x4)
                0x080084a0                        __exidx_start = .
 *(.ARM.exidx*)
 .ARM.exidx     0x080084a0        0x8 C:/ST/STM32CubeIDE_2.2.0/STM32CubeIDE/plugins/com.st.stm32cube.ide.mcu.externaltools.gnu-tools-for-stm32.14.3.rel1.win32_1.0.100.202602081740/tools/bin/../lib/gcc/arm-none-eabi/14.3.1/thumb/v7e-m+fp/hard\libgcc.a(_udivmoddi4.o)
                0x080084a8                        __exidx_end = .
                0x080084a8                        . = ALIGN (0x4)

.preinit_array  0x080084a8        0x0
                0x080084a8                        . = ALIGN (0x4)
                0x080084a8                        PROVIDE (__preinit_array_start = .)
 *(.preinit_array*)
                0x080084a8                        PROVIDE (__preinit_array_end = .)
                0x080084a8                        . = ALIGN (0x4)

.init_array     0x080084a8        0x4
                0x080084a8                        . = ALIGN (0x4)
                0x080084a8                        PROVIDE (__init_array_start = .)
 *(SORT_BY_NAME(.init_array.*))
 *(.init_array*)
 .init_array    0x080084a8        0x4 C:/ST/STM32CubeIDE_2.2.0/STM32CubeIDE/plugins/com.st.stm32cube.ide.mcu.externaltools.gnu-tools-for-stm32.14.3.rel1.win32_1.0.100.202602081740/tools/bin/../lib/gcc/arm-none-eabi/14.3.1/thumb/v7e-m+fp/hard/crtbegin.o
                0x080084ac                        PROVIDE (__init_array_end = .)
                0x080084ac                        . = ALIGN (0x4)

.fini_array     0x080084ac        0x4
                0x080084ac                        . = ALIGN (0x4)
                [!provide]                        PROVIDE (__fini_array_start = .)
 *(SORT_BY_NAME(.fini_array.*))
 *(.fini_array*)
 .fini_array    0x080084ac        0x4 C:/ST/STM32CubeIDE_2.2.0/STM32CubeIDE/plugins/com.st.stm32cube.ide.mcu.externaltools.gnu-tools-for-stm32.14.3.rel1.win32_1.0.100.202602081740/tools/bin/../lib/gcc/arm-none-eabi/14.3.1/thumb/v7e-m+fp/hard/crtbegin.o
                [!provide]                        PROVIDE (__fini_array_end = .)
                0x080084b0                        . = ALIGN (0x4)
                0x080084b0                        _sidata = LOADADDR (.data)

.rel.dyn        0x080084b0        0x0
 .rel.iplt      0x080084b0        0x0 C:/ST/STM32CubeIDE_2.2.0/STM32CubeIDE/plugins/com.st.stm32cube.ide.mcu.externaltools.gnu-tools-for-stm32.14.3.rel1.win32_1.0.100.202602081740/tools/bin/../lib/gcc/arm-none-eabi/14.3.1/thumb/v7e-m+fp/hard/crtbegin.o

.data           0x20000000      0x490 load address 0x080084b0
                0x20000000                        . = ALIGN (0x4)
                0x20000000                        _sdata = .
 *(.data)
 *(.data*)
 .data.Mci      0x20000000       0x28 ./Application/User/mc_config.o
                0x20000000                Mci
 .data.pSDC     0x20000028        0x4 ./Application/User/mc_config.o
                0x20000028                pSDC
 .data.OTF_M1   0x2000002c       0x54 ./Application/User/mc_config.o
                0x2000002c                OTF_M1
 .data.PWM_Handle_M1
                0x20000080       0x30 ./Application/User/mc_config.o
                0x20000080                PWM_Handle_M1
 .data.Bemf_ADC_M1
                0x200000b0       0xcc ./Application/User/mc_config.o
                0x200000b0                Bemf_ADC_M1
 .data.RevUpControlM1
                0x2000017c       0x70 ./Application/User/mc_config.o
                0x2000017c                RevUpControlM1
 .data.SpeednDutyCtrlM1
                0x200001ec       0x30 ./Application/User/mc_config.o
 .data.PIDSpeedHandle_M1
                0x2000021c       0x2c ./Application/User/mc_config.o
                0x2000021c                PIDSpeedHandle_M1
 .data.SpeedPotentiometer_M1
                0x20000248       0x24 ./Application/User/mc_config_common.o
                0x20000248                SpeedPotentiometer_M1
 .data.PotRegConv_M1
                0x2000026c       0x10 ./Application/User/mc_config_common.o
                0x2000026c                PotRegConv_M1
 .data.BusVoltageSensor_M1
                0x2000027c       0x12 ./Application/User/mc_config_common.o
                0x2000027c                BusVoltageSensor_M1
 *fill*         0x2000028e        0x2 
 .data.VbusRegConv_M1
                0x20000290       0x10 ./Application/User/mc_config_common.o
                0x20000290                VbusRegConv_M1
 .data.TempSensor_M1
                0x200002a0       0x18 ./Application/User/mc_config_common.o
                0x200002a0                TempSensor_M1
 .data.TempRegConv_M1
                0x200002b8       0x10 ./Application/User/mc_config_common.o
                0x200002b8                TempRegConv_M1
 .data.ApplicationConfig_reg
                0x200002c8        0x4 ./Application/User/mc_configuration_registers.o
                0x200002c8                ApplicationConfig_reg
 .data.MotorConfig_reg
                0x200002cc        0x4 ./Application/User/mc_configuration_registers.o
                0x200002cc                MotorConfig_reg
 .data.SixStepConfig_reg
                0x200002d0        0x4 ./Application/User/mc_configuration_registers.o
                0x200002d0                SixStepConfig_reg
 .data.PWR_BOARD_NAME
                0x200002d4        0x4 ./Application/User/mc_configuration_registers.o
                0x200002d4                PWR_BOARD_NAME
 .data.scaleParams_M1
                0x200002d8       0x10 ./Application/User/mc_parameters.o
                0x200002d8                scaleParams_M1
 .data.OTFTimerCfgM1
                0x200002e8       0x1c ./Application/User/mc_parameters.o
                0x200002e8                OTFTimerCfgM1
 .data.ThreePwm_TimerCfgM1
                0x20000304       0xfc ./Application/User/mc_parameters.o
                0x20000304                ThreePwm_TimerCfgM1
 .data.MCP_Over_UartA
                0x20000400       0x10 ./Application/User/mcp_config.o
                0x20000400                MCP_Over_UartA
 .data.aspepOverUartA
                0x20000410       0x5c ./Application/User/mcp_config.o
                0x20000410                aspepOverUartA
 .data.UASPEP_A
                0x2000046c       0x14 ./Application/User/mcp_config.o
 .data.SystickDividerCounter.0
                0x20000480        0x1 ./Application/User/stm32_mc_common_it.o
 *fill*         0x20000481        0x3 
 .data.SystemCoreClock
                0x20000484        0x4 ./Drivers/CMSIS/system_stm32g4xx.o
                0x20000484                SystemCoreClock
 .data.uwTickFreq
                0x20000488        0x4 ./Drivers/STM32G4xx_HAL_Driver/stm32g4xx_hal.o
                0x20000488                uwTickFreq
 .data.uwTickPrio
                0x2000048c        0x4 ./Drivers/STM32G4xx_HAL_Driver/stm32g4xx_hal.o
                0x2000048c                uwTickPrio
 *(.RamFunc)
 *(.RamFunc*)
                0x20000490                        . = ALIGN (0x4)
                0x20000490                        _edata = .

.igot.plt       0x20000490        0x0 load address 0x08008940
 .igot.plt      0x20000490        0x0 C:/ST/STM32CubeIDE_2.2.0/STM32CubeIDE/plugins/com.st.stm32cube.ide.mcu.externaltools.gnu-tools-for-stm32.14.3.rel1.win32_1.0.100.202602081740/tools/bin/../lib/gcc/arm-none-eabi/14.3.1/thumb/v7e-m+fp/hard/crtbegin.o
                0x20000490                        . = ALIGN (0x4)

.bss            0x20000490      0x590 load address 0x08008940
                0x20000490                        _sbss = .
                0x20000490                        __bss_start__ = _sbss
 *(.bss)
 .bss           0x20000490       0x1c C:/ST/STM32CubeIDE_2.2.0/STM32CubeIDE/plugins/com.st.stm32cube.ide.mcu.externaltools.gnu-tools-for-stm32.14.3.rel1.win32_1.0.100.202602081740/tools/bin/../lib/gcc/arm-none-eabi/14.3.1/thumb/v7e-m+fp/hard/crtbegin.o
 *(.bss*)
 .bss.USER_SPEED_AVR
                0x200004ac        0x4 ./Application/User/main.o
 .bss.USER_SPEED_MEAS
                0x200004b0        0x4 ./Application/User/main.o
 .bss.USER_SPEED_REF
                0x200004b4        0x4 ./Application/User/main.o
 .bss.USER_CPU_Load
                0x200004b8        0x4 ./Application/User/main.o
 .bss.hdma_usart2_tx
                0x200004bc       0x60 ./Application/User/main.o
                0x200004bc                hdma_usart2_tx
 .bss.hdma_usart2_rx
                0x2000051c       0x60 ./Application/User/main.o
                0x2000051c                hdma_usart2_rx
 .bss.huart2    0x2000057c       0x94 ./Application/User/main.o
                0x2000057c                huart2
 .bss.htim2     0x20000610       0x4c ./Application/User/main.o
                0x20000610                htim2
 .bss.htim1     0x2000065c       0x4c ./Application/User/main.o
                0x2000065c                htim1
 .bss.hadc2     0x200006a8       0x6c ./Application/User/main.o
                0x200006a8                hadc2
 .bss.hadc1     0x20000714       0x6c ./Application/User/main.o
                0x20000714                hadc1
 .bss.SixStepVars
                0x20000780        0x4 ./Application/User/mc_config.o
                0x20000780                SixStepVars
 .bss.pwmcHandle
                0x20000784        0x4 ./Application/User/mc_config_common.o
                0x20000784                pwmcHandle
 .bss.PerfTraces
                0x20000788       0x38 ./Application/User/mc_config_common.o
                0x20000788                PerfTraces
 .bss.SpeedPotentiometer_ValuesBuffer_M1
                0x200007c0       0x20 ./Application/User/mc_config_common.o
                0x200007c0                SpeedPotentiometer_ValuesBuffer_M1
 .bss.bMCBootCompleted
                0x200007e0        0x1 ./Application/User/mc_tasks.o
 *fill*         0x200007e1        0x1 
 .bss.hOTFDetectionCounterM1
                0x200007e2        0x2 ./Application/User/mc_tasks.o
 .bss.hBrakeCounterM1
                0x200007e4        0x2 ./Application/User/mc_tasks.o
 .bss.hStopPermanencyCounterM1
                0x200007e6        0x2 ./Application/User/mc_tasks.o
 .bss.hBootCapDelayCounterM1
                0x200007e8        0x2 ./Application/User/mc_tasks.o
 .bss.hMFTaskCounterM1
                0x200007ea        0x2 ./Application/User/mc_tasks.o
 .bss.MCP_UserCallBack
                0x200007ec        0x8 ./Application/User/mcp_config.o
                0x200007ec                MCP_UserCallBack
 .bss.MCPSyncRXBuff
                0x200007f4      0x102 ./Application/User/mcp_config.o
 *fill*         0x200008f6        0x2 
 .bss.MCPSyncTxBuff
                0x200008f8      0x106 ./Application/User/mcp_config.o
 *fill*         0x200009fe        0x2 
 .bss.pMCI      0x20000a00        0x4 ./Application/User/motorcontrol.o
                0x20000a00                pMCI
 .bss.RCM_conversion_nb
                0x20000a04        0x1 ./Application/User/regular_conversion_manager.o
 .bss.RCM_array_index
                0x20000a05        0x1 ./Application/User/regular_conversion_manager.o
 *fill*         0x20000a06        0x2 
 .bss.RCM_handle_array
                0x20000a08       0x10 ./Application/User/regular_conversion_manager.o
 .bss.HAL_RCC_ADC12_CLK_ENABLED
                0x20000a18        0x4 ./Application/User/stm32g4xx_hal_msp.o
 .bss.uwTick    0x20000a1c        0x4 ./Drivers/STM32G4xx_HAL_Driver/stm32g4xx_hal.o
                0x20000a1c                uwTick
 *(COMMON)
                0x20000a20                        . = ALIGN (0x4)
                0x20000a20                        _ebss = .
                0x20000a20                        __bss_end__ = _ebss

._user_heap_stack
                0x20000a20      0x600 load address 0x08008940
                0x20000a20                        . = ALIGN (0x8)
                [!provide]                        PROVIDE (end = .)
                0x20000a20                        PROVIDE (_end = .)
                0x20000c20                        . = (. + _Min_Heap_Size)
 *fill*         0x20000a20      0x200 
                0x20001020                        . = (. + _Min_Stack_Size)
 *fill*         0x20000c20      0x400 
                0x20001020                        . = ALIGN (0x8)

/DISCARD/
 libc.a(*)
 libm.a(*)
 libgcc.a(*)

.ARM.attributes
                0x00000000       0x30
 *(.ARM.attributes)
 .ARM.attributes
                0x00000000       0x22 C:/ST/STM32CubeIDE_2.2.0/STM32CubeIDE/plugins/com.st.stm32cube.ide.mcu.externaltools.gnu-tools-for-stm32.14.3.rel1.win32_1.0.100.202602081740/tools/bin/../lib/gcc/arm-none-eabi/14.3.1/thumb/v7e-m+fp/hard/crti.o
 .ARM.attributes
                0x00000022       0x34 C:/ST/STM32CubeIDE_2.2.0/STM32CubeIDE/plugins/com.st.stm32cube.ide.mcu.externaltools.gnu-tools-for-stm32.14.3.rel1.win32_1.0.100.202602081740/tools/bin/../lib/gcc/arm-none-eabi/14.3.1/thumb/v7e-m+fp/hard/crtbegin.o
 .ARM.attributes
                0x00000056       0x21 ./Application/Startup/startup_stm32g431rbtx.o
 .ARM.attributes
                0x00000077       0x30 ./Application/User/aspep.o
 .ARM.attributes
                0x000000a7       0x30 ./Application/User/bemf_ADC_fdbk_sixstep.o
 .ARM.attributes
                0x000000d7       0x30 ./Application/User/main.o
 .ARM.attributes
                0x00000107       0x30 ./Application/User/mc_api.o
 .ARM.attributes
                0x00000137       0x30 ./Application/User/mc_app_hooks.o
 .ARM.attributes
                0x00000167       0x30 ./Application/User/mc_config.o
 .ARM.attributes
                0x00000197       0x30 ./Application/User/mc_config_common.o
 .ARM.attributes
                0x000001c7       0x30 ./Application/User/mc_configuration_registers.o
 .ARM.attributes
                0x000001f7       0x30 ./Application/User/mc_interface.o
 .ARM.attributes
                0x00000227       0x30 ./Application/User/mc_parameters.o
 .ARM.attributes
                0x00000257       0x30 ./Application/User/mc_perf.o
 .ARM.attributes
                0x00000287       0x30 ./Application/User/mc_tasks.o
 .ARM.attributes
                0x000002b7       0x30 ./Application/User/mc_tasks_sixstep.o
 .ARM.attributes
                0x000002e7       0x30 ./Application/User/mcp.o
 .ARM.attributes
                0x00000317       0x30 ./Application/User/mcp_config.o
 .ARM.attributes
                0x00000347       0x30 ./Application/User/motorcontrol.o
 .ARM.attributes
                0x00000377       0x30 ./Application/User/pwmc_sixstep.o
 .ARM.attributes
                0x000003a7       0x30 ./Application/User/regular_conversion_manager.o
 .ARM.attributes
                0x000003d7       0x30 ./Application/User/speed_duty_ctrl.o
 .ARM.attributes
                0x00000407       0x30 ./Application/User/speed_potentiometer.o
 .ARM.attributes
                0x00000437       0x30 ./Application/User/stm32_mc_common_it.o
 .ARM.attributes
                0x00000467       0x30 ./Application/User/stm32g4xx_hal_msp.o
 .ARM.attributes
                0x00000497       0x30 ./Application/User/stm32g4xx_mc_it.o
 .ARM.attributes
                0x000004c7       0x30 ./Application/User/sync_registers.o
 .ARM.attributes
                0x000004f7       0x30 ./Application/User/usart_aspep_driver.o
 .ARM.attributes
                0x00000527       0x30 ./Drivers/CMSIS/system_stm32g4xx.o
 .ARM.attributes
                0x00000557       0x30 ./Drivers/STM32G4xx_HAL_Driver/stm32g4xx_hal.o
 .ARM.attributes
                0x00000587       0x30 ./Drivers/STM32G4xx_HAL_Driver/stm32g4xx_hal_adc.o
 .ARM.attributes
                0x000005b7       0x30 ./Drivers/STM32G4xx_HAL_Driver/stm32g4xx_hal_adc_ex.o
 .ARM.attributes
                0x000005e7       0x30 ./Drivers/STM32G4xx_HAL_Driver/stm32g4xx_hal_cortex.o
 .ARM.attributes
                0x00000617       0x30 ./Drivers/STM32G4xx_HAL_Driver/stm32g4xx_hal_dma.o
 .ARM.attributes
                0x00000647       0x30 ./Drivers/STM32G4xx_HAL_Driver/stm32g4xx_hal_gpio.o
 .ARM.attributes
                0x00000677       0x30 ./Drivers/STM32G4xx_HAL_Driver/stm32g4xx_hal_pwr_ex.o
 .ARM.attributes
                0x000006a7       0x30 ./Drivers/STM32G4xx_HAL_Driver/stm32g4xx_hal_rcc.o
 .ARM.attributes
                0x000006d7       0x30 ./Drivers/STM32G4xx_HAL_Driver/stm32g4xx_hal_rcc_ex.o
 .ARM.attributes
                0x00000707       0x30 ./Drivers/STM32G4xx_HAL_Driver/stm32g4xx_hal_tim.o
 .ARM.attributes
                0x00000737       0x30 ./Drivers/STM32G4xx_HAL_Driver/stm32g4xx_hal_tim_ex.o
 .ARM.attributes
                0x00000767       0x30 ./Drivers/STM32G4xx_HAL_Driver/stm32g4xx_hal_uart.o
 .ARM.attributes
                0x00000797       0x30 ./Drivers/STM32G4xx_HAL_Driver/stm32g4xx_hal_uart_ex.o
 .ARM.attributes
                0x000007c7       0x30 ./Middlewares/MotorControl/bus_voltage_sensor.o
 .ARM.attributes
                0x000007f7       0x30 ./Middlewares/MotorControl/ntc_temperature_sensor.o
 .ARM.attributes
                0x00000827       0x30 ./Middlewares/MotorControl/otf_sixstep.o
 .ARM.attributes
                0x00000857       0x30 ./Middlewares/MotorControl/pid_regulator.o
 .ARM.attributes
                0x00000887       0x30 ./Middlewares/MotorControl/potentiometer.o
 .ARM.attributes
                0x000008b7       0x30 ./Middlewares/MotorControl/r_divider_bus_voltage_sensor.o
 .ARM.attributes
                0x000008e7       0x30 ./Middlewares/MotorControl/revup_ctrl_sixstep.o
 .ARM.attributes
                0x00000917       0x30 ./Middlewares/MotorControl/speed_pos_fdbk_sixstep.o
 .ARM.attributes
                0x00000947       0x34 C:/ST/STM32CubeIDE_2.2.0/STM32CubeIDE/plugins/com.st.stm32cube.ide.mcu.externaltools.gnu-tools-for-stm32.14.3.rel1.win32_1.0.100.202602081740/tools/bin/../lib/gcc/arm-none-eabi/14.3.1/../../../../arm-none-eabi/lib/thumb/v7e-m+fp/hard\libc_nano.a(libc_a-memset.o)
 .ARM.attributes
                0x0000097b       0x34 C:/ST/STM32CubeIDE_2.2.0/STM32CubeIDE/plugins/com.st.stm32cube.ide.mcu.externaltools.gnu-tools-for-stm32.14.3.rel1.win32_1.0.100.202602081740/tools/bin/../lib/gcc/arm-none-eabi/14.3.1/../../../../arm-none-eabi/lib/thumb/v7e-m+fp/hard\libc_nano.a(libc_a-init.o)
 .ARM.attributes
                0x000009af       0x22 C:/ST/STM32CubeIDE_2.2.0/STM32CubeIDE/plugins/com.st.stm32cube.ide.mcu.externaltools.gnu-tools-for-stm32.14.3.rel1.win32_1.0.100.202602081740/tools/bin/../lib/gcc/arm-none-eabi/14.3.1/thumb/v7e-m+fp/hard\libgcc.a(_arm_muldf3.o)
 .ARM.attributes
                0x000009d1       0x22 C:/ST/STM32CubeIDE_2.2.0/STM32CubeIDE/plugins/com.st.stm32cube.ide.mcu.externaltools.gnu-tools-for-stm32.14.3.rel1.win32_1.0.100.202602081740/tools/bin/../lib/gcc/arm-none-eabi/14.3.1/thumb/v7e-m+fp/hard\libgcc.a(_arm_addsubdf3.o)
 .ARM.attributes
                0x000009f3       0x22 C:/ST/STM32CubeIDE_2.2.0/STM32CubeIDE/plugins/com.st.stm32cube.ide.mcu.externaltools.gnu-tools-for-stm32.14.3.rel1.win32_1.0.100.202602081740/tools/bin/../lib/gcc/arm-none-eabi/14.3.1/thumb/v7e-m+fp/hard\libgcc.a(_arm_fixunsdfsi.o)
 .ARM.attributes
                0x00000a15       0x22 C:/ST/STM32CubeIDE_2.2.0/STM32CubeIDE/plugins/com.st.stm32cube.ide.mcu.externaltools.gnu-tools-for-stm32.14.3.rel1.win32_1.0.100.202602081740/tools/bin/../lib/gcc/arm-none-eabi/14.3.1/thumb/v7e-m+fp/hard\libgcc.a(_aeabi_uldivmod.o)
 .ARM.attributes
                0x00000a37       0x34 C:/ST/STM32CubeIDE_2.2.0/STM32CubeIDE/plugins/com.st.stm32cube.ide.mcu.externaltools.gnu-tools-for-stm32.14.3.rel1.win32_1.0.100.202602081740/tools/bin/../lib/gcc/arm-none-eabi/14.3.1/thumb/v7e-m+fp/hard\libgcc.a(_udivmoddi4.o)
 .ARM.attributes
                0x00000a6b       0x22 C:/ST/STM32CubeIDE_2.2.0/STM32CubeIDE/plugins/com.st.stm32cube.ide.mcu.externaltools.gnu-tools-for-stm32.14.3.rel1.win32_1.0.100.202602081740/tools/bin/../lib/gcc/arm-none-eabi/14.3.1/thumb/v7e-m+fp/hard\libgcc.a(_dvmd_tls.o)
 .ARM.attributes
                0x00000a8d       0x22 C:/ST/STM32CubeIDE_2.2.0/STM32CubeIDE/plugins/com.st.stm32cube.ide.mcu.externaltools.gnu-tools-for-stm32.14.3.rel1.win32_1.0.100.202602081740/tools/bin/../lib/gcc/arm-none-eabi/14.3.1/thumb/v7e-m+fp/hard/crtn.o
OUTPUT(Pilotix6SC_Measurement.elf elf32-littlearm)
LOAD linker stubs
LOAD C:/ST/STM32CubeIDE_2.2.0/STM32CubeIDE/plugins/com.st.stm32cube.ide.mcu.externaltools.gnu-tools-for-stm32.14.3.rel1.win32_1.0.100.202602081740/tools/bin/../lib/gcc/arm-none-eabi/14.3.1/../../../../arm-none-eabi/lib/thumb/v7e-m+fp/hard\libc.a
LOAD C:/ST/STM32CubeIDE_2.2.0/STM32CubeIDE/plugins/com.st.stm32cube.ide.mcu.externaltools.gnu-tools-for-stm32.14.3.rel1.win32_1.0.100.202602081740/tools/bin/../lib/gcc/arm-none-eabi/14.3.1/../../../../arm-none-eabi/lib/thumb/v7e-m+fp/hard\libm.a
LOAD C:/ST/STM32CubeIDE_2.2.0/STM32CubeIDE/plugins/com.st.stm32cube.ide.mcu.externaltools.gnu-tools-for-stm32.14.3.rel1.win32_1.0.100.202602081740/tools/bin/../lib/gcc/arm-none-eabi/14.3.1/thumb/v7e-m+fp/hard\libgcc.a

.debug_line     0x00000000    0x3ece4
 .debug_line    0x00000000       0x7b ./Application/Startup/startup_stm32g431rbtx.o
 .debug_line    0x0000007b     0x150a ./Application/User/aspep.o
 .debug_line    0x00001585     0x19ec ./Application/User/bemf_ADC_fdbk_sixstep.o
 .debug_line    0x00002f71     0x18b1 ./Application/User/main.o
 .debug_line    0x00004822      0xe1a ./Application/User/mc_api.o
 .debug_line    0x0000563c      0xc4c ./Application/User/mc_app_hooks.o
 .debug_line    0x00006288      0xc15 ./Application/User/mc_config.o
 .debug_line    0x00006e9d      0xc1c ./Application/User/mc_config_common.o
 .debug_line    0x00007ab9      0xb47 ./Application/User/mc_configuration_registers.o
 .debug_line    0x00008600     0x127c ./Application/User/mc_interface.o
 .debug_line    0x0000987c      0xc06 ./Application/User/mc_parameters.o
 .debug_line    0x0000a482      0xfbb ./Application/User/mc_perf.o
 .debug_line    0x0000b43d     0x1253 ./Application/User/mc_tasks.o
 .debug_line    0x0000c690     0x12d6 ./Application/User/mc_tasks_sixstep.o
 .debug_line    0x0000d966     0x10fd ./Application/User/mcp.o
 .debug_line    0x0000ea63      0xa62 ./Application/User/mcp_config.o
 .debug_line    0x0000f4c5      0xc5c ./Application/User/motorcontrol.o
 .debug_line    0x00010121     0x12ad ./Application/User/pwmc_sixstep.o
 .debug_line    0x000113ce     0x1057 ./Application/User/regular_conversion_manager.o
 .debug_line    0x00012425      0xd1a ./Application/User/speed_duty_ctrl.o
 .debug_line    0x0001313f      0xc2f ./Application/User/speed_potentiometer.o
 .debug_line    0x00013d6e     0x11c0 ./Application/User/stm32_mc_common_it.o
 .debug_line    0x00014f2e     0x109d ./Application/User/stm32g4xx_hal_msp.o
 .debug_line    0x00015fcb      0xeeb ./Application/User/stm32g4xx_mc_it.o
 .debug_line    0x00016eb6     0x1fd8 ./Application/User/sync_registers.o
 .debug_line    0x00018e8e     0x1129 ./Application/User/usart_aspep_driver.o
 .debug_line    0x00019fb7      0x8ab ./Drivers/CMSIS/system_stm32g4xx.o
 .debug_line    0x0001a862      0xd3f ./Drivers/STM32G4xx_HAL_Driver/stm32g4xx_hal.o
 .debug_line    0x0001b5a1     0x2e16 ./Drivers/STM32G4xx_HAL_Driver/stm32g4xx_hal_adc.o
 .debug_line    0x0001e3b7     0x2824 ./Drivers/STM32G4xx_HAL_Driver/stm32g4xx_hal_adc_ex.o
 .debug_line    0x00020bdb      0xe71 ./Drivers/STM32G4xx_HAL_Driver/stm32g4xx_hal_cortex.o
 .debug_line    0x00021a4c     0x146f ./Drivers/STM32G4xx_HAL_Driver/stm32g4xx_hal_dma.o
 .debug_line    0x00022ebb     0x1090 ./Drivers/STM32G4xx_HAL_Driver/stm32g4xx_hal_gpio.o
 .debug_line    0x00023f4b     0x106b ./Drivers/STM32G4xx_HAL_Driver/stm32g4xx_hal_pwr_ex.o
 .debug_line    0x00024fb6     0x155c ./Drivers/STM32G4xx_HAL_Driver/stm32g4xx_hal_rcc.o
 .debug_line    0x00026512     0x15c9 ./Drivers/STM32G4xx_HAL_Driver/stm32g4xx_hal_rcc_ex.o
 .debug_line    0x00027adb     0x65b1 ./Drivers/STM32G4xx_HAL_Driver/stm32g4xx_hal_tim.o
 .debug_line    0x0002e08c     0x25fd ./Drivers/STM32G4xx_HAL_Driver/stm32g4xx_hal_tim_ex.o
 .debug_line    0x00030689     0x6b53 ./Drivers/STM32G4xx_HAL_Driver/stm32g4xx_hal_uart.o
 .debug_line    0x000371dc     0x1296 ./Drivers/STM32G4xx_HAL_Driver/stm32g4xx_hal_uart_ex.o
 .debug_line    0x00038472      0xa26 ./Middlewares/MotorControl/bus_voltage_sensor.o
 .debug_line    0x00038e98      0xb63 ./Middlewares/MotorControl/ntc_temperature_sensor.o
 .debug_line    0x000399fb     0x152e ./Middlewares/MotorControl/otf_sixstep.o
 .debug_line    0x0003af29      0xe5e ./Middlewares/MotorControl/pid_regulator.o
 .debug_line    0x0003bd87      0xb36 ./Middlewares/MotorControl/potentiometer.o
 .debug_line    0x0003c8bd      0xb6d ./Middlewares/MotorControl/r_divider_bus_voltage_sensor.o
 .debug_line    0x0003d42a      0xdd5 ./Middlewares/MotorControl/revup_ctrl_sixstep.o
 .debug_line    0x0003e1ff      0xae5 ./Middlewares/MotorControl/speed_pos_fdbk_sixstep.o

.debug_line_str
                0x00000000       0x98
 .debug_line_str
                0x00000000       0x98 ./Application/Startup/startup_stm32g431rbtx.o

.debug_info     0x00000000    0x404b8
 .debug_info    0x00000000       0x30 ./Application/Startup/startup_stm32g431rbtx.o
 .debug_info    0x00000030     0x10b9 ./Application/User/aspep.o
 .debug_info    0x000010e9     0x20e2 ./Application/User/bemf_ADC_fdbk_sixstep.o
 .debug_info    0x000031cb     0x3ad0 ./Application/User/main.o
 .debug_info    0x00006c9b     0x1253 ./Application/User/mc_api.o
 .debug_info    0x00007eee     0x118a ./Application/User/mc_app_hooks.o
 .debug_info    0x00009078     0x14ef ./Application/User/mc_config.o
 .debug_info    0x0000a567     0x1302 ./Application/User/mc_config_common.o
 .debug_info    0x0000b869      0x59f ./Application/User/mc_configuration_registers.o
 .debug_info    0x0000be08     0x17f8 ./Application/User/mc_interface.o
 .debug_info    0x0000d600      0x636 ./Application/User/mc_parameters.o
 .debug_info    0x0000dc36      0x999 ./Application/User/mc_perf.o
 .debug_info    0x0000e5cf     0x1fd1 ./Application/User/mc_tasks.o
 .debug_info    0x000105a0     0x2112 ./Application/User/mc_tasks_sixstep.o
 .debug_info    0x000126b2     0x146d ./Application/User/mcp.o
 .debug_info    0x00013b1f      0x8ea ./Application/User/mcp_config.o
 .debug_info    0x00014409     0x1007 ./Application/User/motorcontrol.o
 .debug_info    0x00015410     0x145c ./Application/User/pwmc_sixstep.o
 .debug_info    0x0001686c      0xb72 ./Application/User/regular_conversion_manager.o
 .debug_info    0x000173de      0x74a ./Application/User/speed_duty_ctrl.o
 .debug_info    0x00017b28     0x1185 ./Application/User/speed_potentiometer.o
 .debug_info    0x00018cad     0x1277 ./Application/User/stm32_mc_common_it.o
 .debug_info    0x00019f24     0x1d2b ./Application/User/stm32g4xx_hal_msp.o
 .debug_info    0x0001bc4f     0x1083 ./Application/User/stm32g4xx_mc_it.o
 .debug_info    0x0001ccd2     0x27c9 ./Application/User/sync_registers.o
 .debug_info    0x0001f49b     0x1277 ./Application/User/usart_aspep_driver.o
 .debug_info    0x00020712      0x5a7 ./Drivers/CMSIS/system_stm32g4xx.o
 .debug_info    0x00020cb9      0xcd7 ./Drivers/STM32G4xx_HAL_Driver/stm32g4xx_hal.o
 .debug_info    0x00021990     0x351c ./Drivers/STM32G4xx_HAL_Driver/stm32g4xx_hal_adc.o
 .debug_info    0x00024eac     0x2d4e ./Drivers/STM32G4xx_HAL_Driver/stm32g4xx_hal_adc_ex.o
 .debug_info    0x00027bfa      0xfd6 ./Drivers/STM32G4xx_HAL_Driver/stm32g4xx_hal_cortex.o
 .debug_info    0x00028bd0      0xa7c ./Drivers/STM32G4xx_HAL_Driver/stm32g4xx_hal_dma.o
 .debug_info    0x0002964c      0x7ac ./Drivers/STM32G4xx_HAL_Driver/stm32g4xx_hal_gpio.o
 .debug_info    0x00029df8      0x998 ./Drivers/STM32G4xx_HAL_Driver/stm32g4xx_hal_pwr_ex.o
 .debug_info    0x0002a790      0xe94 ./Drivers/STM32G4xx_HAL_Driver/stm32g4xx_hal_rcc.o
 .debug_info    0x0002b624      0xd5a ./Drivers/STM32G4xx_HAL_Driver/stm32g4xx_hal_rcc_ex.o
 .debug_info    0x0002c37e     0x4f8e ./Drivers/STM32G4xx_HAL_Driver/stm32g4xx_hal_tim.o
 .debug_info    0x0003130c     0x25d0 ./Drivers/STM32G4xx_HAL_Driver/stm32g4xx_hal_tim_ex.o
 .debug_info    0x000338dc     0x75e5 ./Drivers/STM32G4xx_HAL_Driver/stm32g4xx_hal_uart.o
 .debug_info    0x0003aec1     0x13e4 ./Drivers/STM32G4xx_HAL_Driver/stm32g4xx_hal_uart_ex.o
 .debug_info    0x0003c2a5      0x2d3 ./Middlewares/MotorControl/bus_voltage_sensor.o
 .debug_info    0x0003c578      0x408 ./Middlewares/MotorControl/ntc_temperature_sensor.o
 .debug_info    0x0003c980     0x1e49 ./Middlewares/MotorControl/otf_sixstep.o
 .debug_info    0x0003e7c9      0x8fa ./Middlewares/MotorControl/pid_regulator.o
 .debug_info    0x0003f0c3      0x381 ./Middlewares/MotorControl/potentiometer.o
 .debug_info    0x0003f444      0x3a7 ./Middlewares/MotorControl/r_divider_bus_voltage_sensor.o
 .debug_info    0x0003f7eb      0x91d ./Middlewares/MotorControl/revup_ctrl_sixstep.o
 .debug_info    0x00040108      0x3b0 ./Middlewares/MotorControl/speed_pos_fdbk_sixstep.o

.debug_abbrev   0x00000000     0x80a5
 .debug_abbrev  0x00000000       0x24 ./Application/Startup/startup_stm32g431rbtx.o
 .debug_abbrev  0x00000024      0x39b ./Application/User/aspep.o
 .debug_abbrev  0x000003bf      0x44a ./Application/User/bemf_ADC_fdbk_sixstep.o
 .debug_abbrev  0x00000809      0x425 ./Application/User/main.o
 .debug_abbrev  0x00000c2e      0x272 ./Application/User/mc_api.o
 .debug_abbrev  0x00000ea0      0x221 ./Application/User/mc_app_hooks.o
 .debug_abbrev  0x000010c1      0x1ae ./Application/User/mc_config.o
 .debug_abbrev  0x0000126f      0x19d ./Application/User/mc_config_common.o
 .debug_abbrev  0x0000140c      0x10a ./Application/User/mc_configuration_registers.o
 .debug_abbrev  0x00001516      0x3e5 ./Application/User/mc_interface.o
 .debug_abbrev  0x000018fb      0x11e ./Application/User/mc_parameters.o
 .debug_abbrev  0x00001a19      0x20b ./Application/User/mc_perf.o
 .debug_abbrev  0x00001c24      0x422 ./Application/User/mc_tasks.o
 .debug_abbrev  0x00002046      0x3db ./Application/User/mc_tasks_sixstep.o
 .debug_abbrev  0x00002421      0x324 ./Application/User/mcp.o
 .debug_abbrev  0x00002745      0x1c6 ./Application/User/mcp_config.o
 .debug_abbrev  0x0000290b      0x244 ./Application/User/motorcontrol.o
 .debug_abbrev  0x00002b4f      0x32b ./Application/User/pwmc_sixstep.o
 .debug_abbrev  0x00002e7a      0x2c1 ./Application/User/regular_conversion_manager.o
 .debug_abbrev  0x0000313b      0x215 ./Application/User/speed_duty_ctrl.o
 .debug_abbrev  0x00003350      0x2df ./Application/User/speed_potentiometer.o
 .debug_abbrev  0x0000362f      0x34b ./Application/User/stm32_mc_common_it.o
 .debug_abbrev  0x0000397a      0x2fd ./Application/User/stm32g4xx_hal_msp.o
 .debug_abbrev  0x00003c77      0x2df ./Application/User/stm32g4xx_mc_it.o
 .debug_abbrev  0x00003f56      0x417 ./Application/User/sync_registers.o
 .debug_abbrev  0x0000436d      0x2c0 ./Application/User/usart_aspep_driver.o
 .debug_abbrev  0x0000462d      0x120 ./Drivers/CMSIS/system_stm32g4xx.o
 .debug_abbrev  0x0000474d      0x2dd ./Drivers/STM32G4xx_HAL_Driver/stm32g4xx_hal.o
 .debug_abbrev  0x00004a2a      0x363 ./Drivers/STM32G4xx_HAL_Driver/stm32g4xx_hal_adc.o
 .debug_abbrev  0x00004d8d      0x3ea ./Drivers/STM32G4xx_HAL_Driver/stm32g4xx_hal_adc_ex.o
 .debug_abbrev  0x00005177      0x387 ./Drivers/STM32G4xx_HAL_Driver/stm32g4xx_hal_cortex.o
 .debug_abbrev  0x000054fe      0x2af ./Drivers/STM32G4xx_HAL_Driver/stm32g4xx_hal_dma.o
 .debug_abbrev  0x000057ad      0x213 ./Drivers/STM32G4xx_HAL_Driver/stm32g4xx_hal_gpio.o
 .debug_abbrev  0x000059c0      0x281 ./Drivers/STM32G4xx_HAL_Driver/stm32g4xx_hal_pwr_ex.o
 .debug_abbrev  0x00005c41      0x352 ./Drivers/STM32G4xx_HAL_Driver/stm32g4xx_hal_rcc.o
 .debug_abbrev  0x00005f93      0x2d5 ./Drivers/STM32G4xx_HAL_Driver/stm32g4xx_hal_rcc_ex.o
 .debug_abbrev  0x00006268      0x3c0 ./Drivers/STM32G4xx_HAL_Driver/stm32g4xx_hal_tim.o
 .debug_abbrev  0x00006628      0x3d0 ./Drivers/STM32G4xx_HAL_Driver/stm32g4xx_hal_tim_ex.o
 .debug_abbrev  0x000069f8      0x4b8 ./Drivers/STM32G4xx_HAL_Driver/stm32g4xx_hal_uart.o
 .debug_abbrev  0x00006eb0      0x360 ./Drivers/STM32G4xx_HAL_Driver/stm32g4xx_hal_uart_ex.o
 .debug_abbrev  0x00007210      0x10c ./Middlewares/MotorControl/bus_voltage_sensor.o
 .debug_abbrev  0x0000731c      0x196 ./Middlewares/MotorControl/ntc_temperature_sensor.o
 .debug_abbrev  0x000074b2      0x3fa ./Middlewares/MotorControl/otf_sixstep.o
 .debug_abbrev  0x000078ac      0x1b1 ./Middlewares/MotorControl/pid_regulator.o
 .debug_abbrev  0x00007a5d      0x181 ./Middlewares/MotorControl/potentiometer.o
 .debug_abbrev  0x00007bde      0x182 ./Middlewares/MotorControl/r_divider_bus_voltage_sensor.o
 .debug_abbrev  0x00007d60      0x206 ./Middlewares/MotorControl/revup_ctrl_sixstep.o
 .debug_abbrev  0x00007f66      0x13f ./Middlewares/MotorControl/speed_pos_fdbk_sixstep.o

.debug_aranges  0x00000000     0x19f0
 .debug_aranges
                0x00000000       0x28 ./Application/Startup/startup_stm32g431rbtx.o
 .debug_aranges
                0x00000028       0x60 ./Application/User/aspep.o
 .debug_aranges
                0x00000088       0xa0 ./Application/User/bemf_ADC_fdbk_sixstep.o
 .debug_aranges
                0x00000128       0x30 ./Application/User/main.o
 .debug_aranges
                0x00000158       0xc0 ./Application/User/mc_api.o
 .debug_aranges
                0x00000218       0x28 ./Application/User/mc_app_hooks.o
 .debug_aranges
                0x00000240       0x18 ./Application/User/mc_config.o
 .debug_aranges
                0x00000258       0x18 ./Application/User/mc_config_common.o
 .debug_aranges
                0x00000270       0x18 ./Application/User/mc_configuration_registers.o
 .debug_aranges
                0x00000288       0xe8 ./Application/User/mc_interface.o
 .debug_aranges
                0x00000370       0x18 ./Application/User/mc_parameters.o
 .debug_aranges
                0x00000388       0x58 ./Application/User/mc_perf.o
 .debug_aranges
                0x000003e0       0x90 ./Application/User/mc_tasks.o
 .debug_aranges
                0x00000470       0x48 ./Application/User/mc_tasks_sixstep.o
 .debug_aranges
                0x000004b8       0x38 ./Application/User/mcp.o
 .debug_aranges
                0x000004f0       0x18 ./Application/User/mcp_config.o
 .debug_aranges
                0x00000508       0x20 ./Application/User/motorcontrol.o
 .debug_aranges
                0x00000528       0x78 ./Application/User/pwmc_sixstep.o
 .debug_aranges
                0x000005a0       0x40 ./Application/User/regular_conversion_manager.o
 .debug_aranges
                0x000005e0       0x38 ./Application/User/speed_duty_ctrl.o
 .debug_aranges
                0x00000618       0x28 ./Application/User/speed_potentiometer.o
 .debug_aranges
                0x00000640       0x38 ./Application/User/stm32_mc_common_it.o
 .debug_aranges
                0x00000678       0x58 ./Application/User/stm32g4xx_hal_msp.o
 .debug_aranges
                0x000006d0       0x30 ./Application/User/stm32g4xx_mc_it.o
 .debug_aranges
                0x00000700       0x40 ./Application/User/sync_registers.o
 .debug_aranges
                0x00000740       0x48 ./Application/User/usart_aspep_driver.o
 .debug_aranges
                0x00000788       0x28 ./Drivers/CMSIS/system_stm32g4xx.o
 .debug_aranges
                0x000007b0      0x148 ./Drivers/STM32G4xx_HAL_Driver/stm32g4xx_hal.o
 .debug_aranges
                0x000008f8      0x108 ./Drivers/STM32G4xx_HAL_Driver/stm32g4xx_hal_adc.o
 .debug_aranges
                0x00000a00       0xf0 ./Drivers/STM32G4xx_HAL_Driver/stm32g4xx_hal_adc_ex.o
 .debug_aranges
                0x00000af0       0xb8 ./Drivers/STM32G4xx_HAL_Driver/stm32g4xx_hal_cortex.o
 .debug_aranges
                0x00000ba8       0x78 ./Drivers/STM32G4xx_HAL_Driver/stm32g4xx_hal_dma.o
 .debug_aranges
                0x00000c20       0x58 ./Drivers/STM32G4xx_HAL_Driver/stm32g4xx_hal_gpio.o
 .debug_aranges
                0x00000c78      0x140 ./Drivers/STM32G4xx_HAL_Driver/stm32g4xx_hal_pwr_ex.o
 .debug_aranges
                0x00000db8       0x90 ./Drivers/STM32G4xx_HAL_Driver/stm32g4xx_hal_rcc.o
 .debug_aranges
                0x00000e48       0xb0 ./Drivers/STM32G4xx_HAL_Driver/stm32g4xx_hal_rcc_ex.o
 .debug_aranges
                0x00000ef8      0x398 ./Drivers/STM32G4xx_HAL_Driver/stm32g4xx_hal_tim.o
 .debug_aranges
                0x00001290      0x238 ./Drivers/STM32G4xx_HAL_Driver/stm32g4xx_hal_tim_ex.o
 .debug_aranges
                0x000014c8      0x238 ./Drivers/STM32G4xx_HAL_Driver/stm32g4xx_hal_uart.o
 .debug_aranges
                0x00001700       0x98 ./Drivers/STM32G4xx_HAL_Driver/stm32g4xx_hal_uart_ex.o
 .debug_aranges
                0x00001798       0x28 ./Middlewares/MotorControl/bus_voltage_sensor.o
 .debug_aranges
                0x000017c0       0x30 ./Middlewares/MotorControl/ntc_temperature_sensor.o
 .debug_aranges
                0x000017f0       0x58 ./Middlewares/MotorControl/otf_sixstep.o
 .debug_aranges
                0x00001848       0xd8 ./Middlewares/MotorControl/pid_regulator.o
 .debug_aranges
                0x00001920       0x30 ./Middlewares/MotorControl/potentiometer.o
 .debug_aranges
                0x00001950       0x28 ./Middlewares/MotorControl/r_divider_bus_voltage_sensor.o
 .debug_aranges
                0x00001978       0x40 ./Middlewares/MotorControl/revup_ctrl_sixstep.o
 .debug_aranges
                0x000019b8       0x38 ./Middlewares/MotorControl/speed_pos_fdbk_sixstep.o

.debug_str      0x00000000   0x1012bb
 .debug_str     0x00000000   0x1012bb ./Application/Startup/startup_stm32g431rbtx.o
                                 0xb4 (size before relaxing)
 .debug_str     0x001012bb    0xeefee ./Application/User/aspep.o
 .debug_str     0x001012bb    0xef867 ./Application/User/bemf_ADC_fdbk_sixstep.o
 .debug_str     0x001012bb    0xf1b88 ./Application/User/main.o
 .debug_str     0x001012bb    0xf0160 ./Application/User/mc_api.o
 .debug_str     0x001012bb    0xefca7 ./Application/User/mc_app_hooks.o
 .debug_str     0x001012bb    0xf0508 ./Application/User/mc_config.o
 .debug_str     0x001012bb    0xf01d5 ./Application/User/mc_config_common.o
 .debug_str     0x001012bb    0xf2409 ./Application/User/mc_configuration_registers.o
 .debug_str     0x001012bb    0xefdfb ./Application/User/mc_interface.o
 .debug_str     0x001012bb    0xefff8 ./Application/User/mc_parameters.o
 .debug_str     0x001012bb    0xef5a0 ./Application/User/mc_perf.o
 .debug_str     0x001012bb    0xf10d7 ./Application/User/mc_tasks.o
 .debug_str     0x001012bb    0xf14c6 ./Application/User/mc_tasks_sixstep.o
 .debug_str     0x001012bb    0xf3645 ./Application/User/mcp.o
 .debug_str     0x001012bb    0xef3c7 ./Application/User/mcp_config.o
 .debug_str     0x001012bb    0xf0398 ./Application/User/motorcontrol.o