2026-07-08 11:19:14,963 [INFO] Activator:176 - 


2026-07-08 11:19:14,969 [INFO] Activator:177 - !SESSION log4j initialized
2026-07-08 11:19:18,241 [INFO] LogOutputStream:77 - [STDOUT_REDIRECT] 
2026-07-08 11:19:18,990 [INFO] ApplicationProperties:184 - Using Application install path: C:\Program Files (x86)\STM32CubeIDE_1.14.1\plugins\com.st.stm32cube.common.mx_6.10.0.202311202037
2026-07-08 11:19:19,004 [INFO] DbMcusXml:78 - Set database path to: C:\Program Files (x86)\STM32CubeIDE_1.14.1\plugins\com.st.stm32cube.common.mx_6.10.0.202311202037\\db\/mcu/
2026-07-08 11:19:19,004 [INFO] ApiDb:274 - Set plugin database path to: C:\Program Files (x86)\STM32CubeIDE_1.14.1\plugins\com.st.stm32cube.common.mx_6.10.0.202311202037\\db\/plugins/boardmanager/
2026-07-08 11:19:19,005 [WARN] ApiDb:259 - Overriding images path with different value:  => C:\Program Files (x86)\STM32CubeIDE_1.14.1\plugins\com.st.stm32cube.common.mx_6.10.0.202311202037\\db\/plugins/mcufinder/images/
2026-07-08 11:19:19,013 [INFO] ApiDb:250 - Set database path to: C:\Users\tka008729\.stmcufinder\plugins\mcufinder//mcu/
2026-07-08 11:19:19,013 [INFO] DbMcusAds:125 - Set database path to: C:\Users\tka008729\.stmcufinder\plugins\mcufinder//mcu/
2026-07-08 11:19:19,015 [INFO] CrossReferenceDbSqlite:203 - Set database path to: C:\Users\tka008729\.stmcufinder\plugins\mcufinder//mcu/cs/
2026-07-08 11:19:19,092 [INFO] RulesReader:64 - Compatibility file has been processed (297 Rules)
2026-07-08 11:19:19,169 [INFO] DbMcusXml:78 - Set database path to: C:\Program Files (x86)\STM32CubeIDE_1.14.1\plugins\com.st.stm32cube.common.mx_6.10.0.202311202037\\db\/mcu/
2026-07-08 11:19:19,169 [INFO] ApiDb:274 - Set plugin database path to: C:\Program Files (x86)\STM32CubeIDE_1.14.1\plugins\com.st.stm32cube.common.mx_6.10.0.202311202037\\db\/plugins/boardmanager/
2026-07-08 11:19:19,169 [INFO] ApiDb:261 - Set plugin images path to: C:\Program Files (x86)\STM32CubeIDE_1.14.1\plugins\com.st.stm32cube.common.mx_6.10.0.202311202037\\db\/plugins/mcufinder/images/
2026-07-08 11:19:19,169 [WARN] DbFile:41 - Overriding database path with different value: C:\Users\tka008729\.stmcufinder\plugins\mcufinder/ => C:\Users\tka008729\.stmcufinder\plugins\mcufinder
2026-07-08 11:19:19,169 [INFO] ApiDb:250 - Set database path to: C:\Users\tka008729\.stmcufinder\plugins\mcufinder//mcu/
2026-07-08 11:19:19,169 [WARN] DbFile:41 - Overriding database path with different value: C:\Users\tka008729\.stmcufinder\plugins\mcufinder/ => C:\Users\tka008729\.stmcufinder\plugins\mcufinder
2026-07-08 11:19:19,169 [INFO] DbMcusAds:125 - Set database path to: C:\Users\tka008729\.stmcufinder\plugins\mcufinder//mcu/
2026-07-08 11:19:19,169 [WARN] DbFile:41 - Overriding database path with different value: C:\Users\tka008729\.stmcufinder\plugins\mcufinder/ => C:\Users\tka008729\.stmcufinder\plugins\mcufinder
2026-07-08 11:19:19,169 [WARN] DbFile:41 - Overriding database path with different value: C:\Users\tka008729\.stmcufinder\plugins\mcufinder/ => C:\Users\tka008729\.stmcufinder\plugins\mcufinder
2026-07-08 11:19:19,169 [INFO] CrossReferenceDbSqlite:203 - Set database path to: C:\Users\tka008729\.stmcufinder\plugins\mcufinder//mcu/cs/
2026-07-08 11:19:19,240 [INFO] MainPanel:264 - HeapMemory: 268435456
2026-07-08 11:19:19,309 [INFO] DbMcusXml:78 - Set database path to: C:\Program Files (x86)\STM32CubeIDE_1.14.1\plugins\com.st.stm32cube.common.mx_6.10.0.202311202037\\db\/mcu/
2026-07-08 11:19:19,309 [INFO] ApiDb:274 - Set plugin database path to: C:\Program Files (x86)\STM32CubeIDE_1.14.1\plugins\com.st.stm32cube.common.mx_6.10.0.202311202037\\db\/plugins/boardmanager/
2026-07-08 11:19:19,309 [INFO] ApiDb:261 - Set plugin images path to: C:\Program Files (x86)\STM32CubeIDE_1.14.1\plugins\com.st.stm32cube.common.mx_6.10.0.202311202037\\db\/plugins/mcufinder/images/
2026-07-08 11:19:19,309 [WARN] DbFile:41 - Overriding database path with different value: C:\Users\tka008729\.stmcufinder\plugins\mcufinder/ => C:\Users\tka008729\.stmcufinder\plugins\mcufinder
2026-07-08 11:19:19,309 [INFO] ApiDb:250 - Set database path to: C:\Users\tka008729\.stmcufinder\plugins\mcufinder//mcu/
2026-07-08 11:19:19,309 [WARN] DbFile:41 - Overriding database path with different value: C:\Users\tka008729\.stmcufinder\plugins\mcufinder/ => C:\Users\tka008729\.stmcufinder\plugins\mcufinder
2026-07-08 11:19:19,309 [INFO] DbMcusAds:125 - Set database path to: C:\Users\tka008729\.stmcufinder\plugins\mcufinder//mcu/
2026-07-08 11:19:19,309 [WARN] DbFile:41 - Overriding database path with different value: C:\Users\tka008729\.stmcufinder\plugins\mcufinder/ => C:\Users\tka008729\.stmcufinder\plugins\mcufinder
2026-07-08 11:19:19,309 [WARN] DbFile:41 - Overriding database path with different value: C:\Users\tka008729\.stmcufinder\plugins\mcufinder/ => C:\Users\tka008729\.stmcufinder\plugins\mcufinder
2026-07-08 11:19:19,309 [INFO] CrossReferenceDbSqlite:203 - Set database path to: C:\Users\tka008729\.stmcufinder\plugins\mcufinder//mcu/cs/
2026-07-08 11:19:19,325 [INFO] ApplicationProperties:184 - Using Application install path: C:\Program Files (x86)\STM32CubeIDE_1.14.1\plugins\com.st.stm32cube.common.mx_6.10.0.202311202037
2026-07-08 11:19:19,326 [INFO] PluginManage:196 - Search for loadable plugins [exclusion list=, ]
2026-07-08 11:19:19,328 [INFO] PluginManage:310 - Check plugin analytics
2026-07-08 11:19:19,504 [INFO] AnalyticsPlugin:253 - Accepted Software Licenses: 
2026-07-08 11:19:19,504 [INFO] AnalyticsPlugin:255 - Accepted CMSIS Pack Licenses: 
2026-07-08 11:19:19,504 [INFO] AnalyticsPlugin:257 - Accepted Firmware Licenses: FW.G4.1.5.0
2026-07-08 11:19:19,507 [INFO] PluginManage:359 - Loaded plugin analytics (category:tool,tabindex:-1)
2026-07-08 11:19:19,507 [INFO] PluginManage:310 - Check plugin cadmodel
2026-07-08 11:19:19,514 [INFO] CADModel:105 - Init CAD model plugin
2026-07-08 11:19:19,514 [INFO] PluginManage:359 - Loaded plugin cadmodel (category:power,tabindex:5)
2026-07-08 11:19:19,514 [INFO] PluginManage:310 - Check plugin clock
2026-07-08 11:19:19,528 [INFO] PluginManage:359 - Loaded plugin clock (category:base,tabindex:2)
2026-07-08 11:19:19,529 [INFO] PluginManage:310 - Check plugin ddr
2026-07-08 11:19:19,531 [INFO] PluginManage:359 - Loaded plugin ddr (category:tool,tabindex:6)
2026-07-08 11:19:19,532 [INFO] PluginManage:310 - Check plugin filemanager
2026-07-08 11:19:19,652 [INFO] PluginManage:359 - Loaded plugin filemanager (category:base,tabindex:10)
2026-07-08 11:19:19,653 [INFO] PluginManage:310 - Check plugin ipmanager
2026-07-08 11:19:19,662 [INFO] PluginManage:359 - Loaded plugin ipmanager (category:base,tabindex:5)
2026-07-08 11:19:19,663 [INFO] PluginManage:310 - Check plugin lpbam
2026-07-08 11:19:19,670 [INFO] PluginManage:359 - Loaded plugin lpbam (category:base,tabindex:0)
2026-07-08 11:19:19,670 [INFO] PluginManage:310 - Check plugin memorymap
2026-07-08 11:19:19,688 [INFO] PluginManage:359 - Loaded plugin memorymap (category:base,tabindex:4)
2026-07-08 11:19:19,688 [INFO] PluginManage:310 - Check plugin pinoutandconfiguration
2026-07-08 11:19:19,699 [INFO] PluginManage:359 - Loaded plugin pinoutandconfiguration (category:base,tabindex:1)
2026-07-08 11:19:19,699 [INFO] PluginManage:310 - Check plugin pinoutconfig
2026-07-08 11:19:19,781 [WARN] SupportedApi:132 - Cannot load RTOS API schema: s4s-elt-must-match.1: The content of 'definitions' must match (annotation?, (simpleType | complexType)?, (unique | key | keyref)*)). A problem was found starting at: attribute.
2026-07-08 11:19:19,908 [INFO] PluginManage:359 - Loaded plugin pinoutconfig (category:base,tabindex:0)
2026-07-08 11:19:19,908 [INFO] PluginManage:310 - Check plugin power
2026-07-08 11:19:19,921 [INFO] PluginManage:359 - Loaded plugin power (category:power,tabindex:4)
2026-07-08 11:19:19,921 [INFO] PluginManage:310 - Check plugin projectmanager
2026-07-08 11:19:19,934 [INFO] PluginManage:359 - Loaded plugin projectmanager (category:projectmanager,tabindex:3)
2026-07-08 11:19:19,934 [INFO] PluginManage:310 - Check plugin thirdparty
2026-07-08 11:19:20,040 [INFO] PluginManage:359 - Loaded plugin thirdparty (category:base,tabindex:-1)
2026-07-08 11:19:20,040 [INFO] PluginManage:310 - Check plugin tools
2026-07-08 11:19:20,040 [WARN] IntegrityCheckThread:84 - waiting for thirdparty lock release [integrity check]
2026-07-08 11:19:20,040 [INFO] IntegrityCheckThread:86 - entering critical section [integrity check]
2026-07-08 11:19:20,041 [INFO] ThirdPartyUpdaterWithRetryManager:70 - Updater plugin not ready yet. [1/15]
2026-07-08 11:19:20,043 [INFO] PluginManage:359 - Loaded plugin tools (category:base,tabindex:7)
2026-07-08 11:19:20,043 [INFO] PluginManage:310 - Check plugin tutovideos
2026-07-08 11:19:20,163 [INFO] PluginManage:359 - Loaded plugin tutovideos (category:base,tabindex:-1)
2026-07-08 11:19:20,163 [INFO] PluginManage:310 - Check plugin updater
2026-07-08 11:19:20,173 [INFO] PluginManage:359 - Loaded plugin updater (category:base,tabindex:12)
2026-07-08 11:19:20,173 [INFO] PluginManage:310 - Check plugin userauth
2026-07-08 11:19:20,178 [INFO] UserAuth:114 - Init User Auth plugin
2026-07-08 11:19:20,178 [INFO] PluginManage:359 - Loaded plugin userauth (category:base,tabindex:14)
2026-07-08 11:19:20,179 [INFO] PluginManage:283 - PluginManage : Loaded plugins [17]
2026-07-08 11:19:20,358 [INFO] PinOutPanel:1499 - setPackage(No Configuration,No Configuration)
2026-07-08 11:19:20,430 [INFO] CADModel:165 - CPN selected for project level
2026-07-08 11:19:20,430 [INFO] CADModel:114 - Register for checkConnection events
2026-07-08 11:19:20,445 [INFO] IPUIPlugin:80 - create IPUIPlugin
2026-07-08 11:19:20,445 [INFO] PluginManager:220 - loadIPPluginJar : add adc
2026-07-08 11:19:20,453 [INFO] IPUIPlugin:80 - create IPUIPlugin
2026-07-08 11:19:20,453 [INFO] PluginManager:220 - loadIPPluginJar : add aes
2026-07-08 11:19:20,456 [INFO] IPUIPlugin:80 - create IPUIPlugin
2026-07-08 11:19:20,456 [INFO] PluginManager:220 - loadIPPluginJar : add can
2026-07-08 11:19:20,457 [INFO] IPUIPlugin:80 - create IPUIPlugin
2026-07-08 11:19:20,457 [INFO] PluginManager:220 - loadIPPluginJar : add comp
2026-07-08 11:19:20,459 [INFO] IPUIPlugin:80 - create IPUIPlugin
2026-07-08 11:19:20,459 [INFO] PluginManager:220 - loadIPPluginJar : add cryp
2026-07-08 11:19:20,461 [INFO] IPUIPlugin:80 - create IPUIPlugin
2026-07-08 11:19:20,461 [INFO] PluginManager:220 - loadIPPluginJar : add dfsdm
2026-07-08 11:19:20,466 [INFO] IPUIPlugin:80 - create IPUIPlugin
2026-07-08 11:19:20,466 [INFO] PluginManager:220 - loadIPPluginJar : add dma
2026-07-08 11:19:20,468 [INFO] IPUIPlugin:80 - create IPUIPlugin
2026-07-08 11:19:20,469 [INFO] PluginManager:220 - loadIPPluginJar : add dma3
2026-07-08 11:19:20,469 [INFO] IPUIPlugin:80 - create IPUIPlugin
2026-07-08 11:19:20,469 [INFO] PluginManager:220 - loadIPPluginJar : add fatfs
2026-07-08 11:19:20,472 [INFO] IPUIPlugin:80 - create IPUIPlugin
2026-07-08 11:19:20,472 [INFO] PluginManager:220 - loadIPPluginJar : add fmc
2026-07-08 11:19:20,477 [INFO] IPUIPlugin:80 - create IPUIPlugin
2026-07-08 11:19:20,477 [INFO] PluginManager:220 - loadIPPluginJar : add freertos
2026-07-08 11:19:20,478 [INFO] IPUIPlugin:80 - create IPUIPlugin
2026-07-08 11:19:20,478 [INFO] PluginManager:220 - loadIPPluginJar : add genericplugin
2026-07-08 11:19:20,480 [INFO] IPUIPlugin:80 - create IPUIPlugin
2026-07-08 11:19:20,481 [INFO] PluginManager:220 - loadIPPluginJar : add gfxmmu
2026-07-08 11:19:20,484 [INFO] IPUIPlugin:80 - create IPUIPlugin
2026-07-08 11:19:20,484 [INFO] PluginManager:220 - loadIPPluginJar : add gic
2026-07-08 11:19:20,488 [INFO] IPUIPlugin:80 - create IPUIPlugin
2026-07-08 11:19:20,489 [INFO] PluginManager:220 - loadIPPluginJar : add gpio
2026-07-08 11:19:20,491 [INFO] IPUIPlugin:80 - create IPUIPlugin
2026-07-08 11:19:20,491 [INFO] PluginManager:220 - loadIPPluginJar : add gtzc
2026-07-08 11:19:20,493 [INFO] IPUIPlugin:80 - create IPUIPlugin
2026-07-08 11:19:20,493 [INFO] PluginManager:220 - loadIPPluginJar : add hash
2026-07-08 11:19:20,495 [INFO] IPUIPlugin:80 - create IPUIPlugin
2026-07-08 11:19:20,495 [INFO] PluginManager:220 - loadIPPluginJar : add i2c
2026-07-08 11:19:20,497 [INFO] IPUIPlugin:80 - create IPUIPlugin
2026-07-08 11:19:20,497 [INFO] PluginManager:220 - loadIPPluginJar : add i2s
2026-07-08 11:19:20,499 [INFO] IPUIPlugin:80 - create IPUIPlugin
2026-07-08 11:19:20,499 [INFO] PluginManager:220 - loadIPPluginJar : add i3c
2026-07-08 11:19:20,501 [INFO] IPUIPlugin:80 - create IPUIPlugin
2026-07-08 11:19:20,501 [INFO] PluginManager:220 - loadIPPluginJar : add ipddr
2026-07-08 11:19:20,507 [INFO] IPUIPlugin:80 - create IPUIPlugin
2026-07-08 11:19:20,508 [INFO] PluginManager:220 - loadIPPluginJar : add linkedlist
2026-07-08 11:19:20,509 [INFO] IPUIPlugin:80 - create IPUIPlugin
2026-07-08 11:19:20,510 [INFO] PluginManager:220 - loadIPPluginJar : add lorawan
2026-07-08 11:19:20,511 [INFO] IPUIPlugin:80 - create IPUIPlugin
2026-07-08 11:19:20,511 [INFO] PluginManager:220 - loadIPPluginJar : add ltdc
2026-07-08 11:19:20,515 [INFO] IPUIPlugin:80 - create IPUIPlugin
2026-07-08 11:19:20,515 [INFO] PluginManager:220 - loadIPPluginJar : add mdma
2026-07-08 11:19:20,519 [INFO] IPUIPlugin:80 - create IPUIPlugin
2026-07-08 11:19:20,519 [INFO] PluginManager:220 - loadIPPluginJar : add nvic
2026-07-08 11:19:20,521 [INFO] IPUIPlugin:80 - create IPUIPlugin
2026-07-08 11:19:20,521 [INFO] PluginManager:220 - loadIPPluginJar : add opamp
2026-07-08 11:19:20,524 [INFO] IPUIPlugin:80 - create IPUIPlugin
2026-07-08 11:19:20,524 [INFO] PluginManager:220 - loadIPPluginJar : add openamp
2026-07-08 11:19:20,527 [INFO] IPUIPlugin:80 - create IPUIPlugin
2026-07-08 11:19:20,527 [INFO] PluginManager:220 - loadIPPluginJar : add pdm2pcm
2026-07-08 11:19:20,531 [INFO] IPUIPlugin:80 - create IPUIPlugin
2026-07-08 11:19:20,533 [INFO] PluginManager:220 - loadIPPluginJar : add plateformsettings
2026-07-08 11:19:20,535 [INFO] IPUIPlugin:80 - create IPUIPlugin
2026-07-08 11:19:20,535 [INFO] PluginManager:220 - loadIPPluginJar : add quadspi
2026-07-08 11:19:20,539 [INFO] IPUIPlugin:80 - create IPUIPlugin
2026-07-08 11:19:20,539 [INFO] PluginManager:220 - loadIPPluginJar : add resmgrutility
2026-07-08 11:19:20,542 [INFO] IPUIPlugin:80 - create IPUIPlugin
2026-07-08 11:19:20,542 [INFO] PluginManager:220 - loadIPPluginJar : add sai
2026-07-08 11:19:20,544 [INFO] IPUIPlugin:80 - create IPUIPlugin
2026-07-08 11:19:20,544 [INFO] PluginManager:220 - loadIPPluginJar : add spi
2026-07-08 11:19:20,549 [INFO] IPUIPlugin:80 - create IPUIPlugin
2026-07-08 11:19:20,549 [INFO] PluginManager:220 - loadIPPluginJar : add stm32_wpan
2026-07-08 11:19:20,552 [INFO] IPUIPlugin:80 - create IPUIPlugin
2026-07-08 11:19:20,552 [INFO] PluginManager:220 - loadIPPluginJar : add tim
2026-07-08 11:19:20,554 [INFO] IPUIPlugin:80 - create IPUIPlugin
2026-07-08 11:19:20,554 [INFO] PluginManager:220 - loadIPPluginJar : add touchsensing
2026-07-08 11:19:20,557 [INFO] IPUIPlugin:80 - create IPUIPlugin
2026-07-08 11:19:20,557 [INFO] PluginManager:220 - loadIPPluginJar : add tracer_emb
2026-07-08 11:19:20,559 [INFO] IPUIPlugin:80 - create IPUIPlugin
2026-07-08 11:19:20,560 [INFO] PluginManager:220 - loadIPPluginJar : add ts
2026-07-08 11:19:20,561 [INFO] IPUIPlugin:80 - create IPUIPlugin
2026-07-08 11:19:20,561 [INFO] PluginManager:220 - loadIPPluginJar : add tsc
2026-07-08 11:19:20,563 [INFO] IPUIPlugin:80 - create IPUIPlugin
2026-07-08 11:19:20,563 [INFO] PluginManager:220 - loadIPPluginJar : add ucpd
2026-07-08 11:19:20,565 [INFO] IPUIPlugin:80 - create IPUIPlugin
2026-07-08 11:19:20,565 [INFO] PluginManager:220 - loadIPPluginJar : add usart
2026-07-08 11:19:20,568 [INFO] IPUIPlugin:80 - create IPUIPlugin
2026-07-08 11:19:20,568 [INFO] PluginManager:220 - loadIPPluginJar : add usbx
2026-07-08 11:19:20,695 [INFO] CADModel:165 - CPN selected for project level
2026-07-08 11:19:20,696 [INFO] CADModel:114 - Register for checkConnection events
2026-07-08 11:19:20,696 [FATAL] Updater:308 - Updater called before beeing initialized
2026-07-08 11:19:20,696 [ERROR] CADModel:125 - Updater not yet initialized, retry later 
2026-07-08 11:19:20,788 [INFO] CADModel:165 - CPN selected for project level
2026-07-08 11:19:20,788 [INFO] CADModel:114 - Register for checkConnection events
2026-07-08 11:19:20,788 [FATAL] Updater:308 - Updater called before beeing initialized
2026-07-08 11:19:20,788 [ERROR] CADModel:125 - Updater not yet initialized, retry later 
2026-07-08 11:19:20,791 [FATAL] Updater:308 - Updater called before beeing initialized
2026-07-08 11:19:20,891 [FATAL] Updater:308 - Updater called before beeing initialized
2026-07-08 11:19:20,894 [INFO] DbMcusAds:53 - JSON generation date=Thu Jan 08 16:56:32 CET 2026 (1767887792457)
2026-07-08 11:19:20,894 [FATAL] Updater:308 - Updater called before beeing initialized
2026-07-08 11:19:20,927 [WARN] DetailPanel:346 - Failed to get advertising image, set to default
2026-07-08 11:19:20,997 [FATAL] Updater:308 - Updater called before beeing initialized
2026-07-08 11:19:20,999 [FATAL] Updater:308 - Updater called before beeing initialized
2026-07-08 11:19:20,999 [FATAL] Updater:308 - Updater called before beeing initialized
2026-07-08 11:19:20,999 [WARN] DetailPanel:346 - Failed to get advertising image, set to default
2026-07-08 11:19:21,000 [FATAL] Updater:308 - Updater called before beeing initialized
2026-07-08 11:19:21,041 [ERROR] Updater:1120 - MainUpdater not yet initialized. External WinMGr cannot be set.
2026-07-08 11:19:21,042 [INFO] Updater:1056 - Updater Version found : 6.10.0
2026-07-08 11:19:21,058 [INFO] ApplicationProperties:184 - Using Application install path: C:\Program Files (x86)\STM32CubeIDE_1.14.1\plugins\com.st.stm32cube.common.mx_6.10.0.202311202037
2026-07-08 11:19:21,295 [INFO] MainUpdater:2873 - connection check result : 10
2026-07-08 11:19:21,295 [INFO] MainUpdater:290 - Updater Check For Update Now.
2026-07-08 11:19:21,296 [INFO] MicroXplorer:498 - Change Database Version : DB.6.0.100
2026-07-08 11:19:21,299 [INFO] McuFinderGlobals:63 - Set McuFinder mode to 2 (CubeIDE integrated)
2026-07-08 11:19:21,463 [INFO] UserAuth:404 - Internet connection configuration mode: 1
2026-07-08 11:19:21,463 [INFO] CheckServerUpdateThread:120 - End of CheckServer Thread
2026-07-08 11:19:21,478 [INFO] JxBrowserEngine:152 - Initiate JxBrowser Engine with user profile folder
2026-07-08 11:19:22,232 [INFO] WebApp:161 - Instantiating new browser for Auth
2026-07-08 11:19:22,899 [INFO] WebApp:780 - Register for checkConnection events
2026-07-08 11:19:22,900 [INFO] WebApp:414 - Apply proxy settings
2026-07-08 11:19:22,900 [INFO] WebApp:499 - Chromium requires no authentication
2026-07-08 11:19:22,909 [INFO] WebApp:442 - Direct internet connection detected
2026-07-08 11:19:23,105 [INFO] WebApp:192 - Starting web application
2026-07-08 11:19:23,105 [INFO] WebApp:544 - Web application path used C:\Program Files (x86)\STM32CubeIDE_1.14.1\plugins\com.st.stm32cube.common.mx_6.10.0.202311202037\db\plugins\mcufinder\reactClient1\index.html
2026-07-08 11:19:23,379 [WARN] PackLoader:240 - Cannot read IP mode file for STMicroelectronics.X-CUBE-AZRTOS-H7.3.5.0
2026-07-08 11:19:23,391 [WARN] PackLoader:240 - Cannot read IP mode file for STMicroelectronics.FP-SNS-MOTENVWB1.1.4.0
2026-07-08 11:19:23,398 [WARN] PackLoader:240 - Cannot read IP mode file for STMicroelectronics.FP-ATR-ASTRA1.2.0.2
2026-07-08 11:19:23,405 [ERROR] Engine:466 - C:\Users\tka008729\.stm32cubemx\thirdparties\pdsc\STMicroelectronics.X-CUBE-SMBUS.2.1.1.pdsc: PDSC version is not supported
2026-07-08 11:19:23,410 [WARN] PackLoader:240 - Cannot read IP mode file for STMicroelectronics.X-CUBE-SMBUS.2.1.0
2026-07-08 11:19:23,434 [WARN] PackLoader:240 - Cannot read IP mode file for STMicroelectronics.X-CUBE-AZRTOS-F7.1.1.0
2026-07-08 11:19:23,443 [ERROR] Engine:466 - C:\Users\tka008729\.stm32cubemx\thirdparties\pdsc\STMicroelectronics.X-CUBE-FREERTOS.1.6.0.pdsc: PDSC version is not supported
2026-07-08 11:19:23,446 [ERROR] Engine:466 - C:\Users\tka008729\.stm32cubemx\thirdparties\pdsc\STMicroelectronics.FP-SNS-MOTENV1.5.1.0.pdsc: PDSC version is not supported
2026-07-08 11:19:23,471 [WARN] PackLoader:240 - Cannot read IP mode file for STMicroelectronics.X-CUBE-AZRTOS-H7RS.1.3.0
2026-07-08 11:19:23,478 [ERROR] Engine:466 - C:\Users\tka008729\.stm32cubemx\thirdparties\pdsc\WES.I-CUBE-Cesium.1.4.0.pdsc: PDSC version is not supported
2026-07-08 11:19:23,490 [WARN] PackLoader:240 - Cannot read IP mode file for STMicroelectronics.X-CUBE-AZRTOS-H7.3.4.0
2026-07-08 11:19:23,500 [WARN] PackLoader:240 - Cannot read IP mode file for STMicroelectronics.X-CUBE-DISPLAY.3.0.0
2026-07-08 11:19:23,514 [WARN] PackLoader:240 - Cannot read IP mode file for STMicroelectronics.X-CUBE-GNSS1.7.1.1
2026-07-08 11:19:23,518 [ERROR] Engine:466 - C:\Users\tka008729\.stm32cubemx\thirdparties\pdsc\STMicroelectronics.FP-SNS-MOTENVWB1.1.5.0.pdsc: PDSC version is not supported
2026-07-08 11:19:23,524 [WARN] PackLoader:240 - Cannot read IP mode file for STMicroelectronics.X-CUBE-NFC10.1.0.0
2026-07-08 11:19:23,527 [ERROR] Engine:466 - C:\Users\tka008729\.stm32cubemx\thirdparties\pdsc\STMicroelectronics.X-CUBE-ST60.1.1.0.pdsc: PDSC version is not supported
2026-07-08 11:19:23,533 [WARN] PackLoader:240 - Cannot read IP mode file for emotas.I-CUBE-CANOPEN.1.3.0
2026-07-08 11:19:23,536 [ERROR] Engine:466 - C:\Users\tka008729\.stm32cubemx\thirdparties\pdsc\STMicroelectronics.X-CUBE-WBA.1.1.0.pdsc: PDSC version is not supported
2026-07-08 11:19:23,540 [WARN] PackLoader:240 - Cannot read IP mode file for STMicroelectronics.X-CUBE-GNSS1.7.1.0
2026-07-08 11:19:23,543 [ERROR] Engine:466 - C:\Users\tka008729\.stm32cubemx\thirdparties\pdsc\STMicroelectronics.FP-SNS-STBOX1.2.1.0.pdsc: PDSC version is not supported
2026-07-08 11:19:23,549 [WARN] PackLoader:240 - Cannot read IP mode file for STMicroelectronics.FP-SNS-SMARTAG2.1.2.0
2026-07-08 11:19:23,552 [ERROR] Engine:466 - C:\Users\tka008729\.stm32cubemx\thirdparties\pdsc\STMicroelectronics.FP-SNS-FLIGHT1.5.1.0.pdsc: PDSC version is not supported
2026-07-08 11:19:23,560 [INFO] LogOutputStream:77 - [STDOUT_REDIRECT] 1 : Invalid condition id : UX_CORESTACK_Condition cause : null
2026-07-08 11:19:23,561 [INFO] LogOutputStream:77 - [STDOUT_REDIRECT] 1 : Invalid condition id : UX_CORESTACK_Condition cause : null
2026-07-08 11:19:23,562 [INFO] LogOutputStream:77 - [STDOUT_REDIRECT] 1 : Invalid condition id : UX_CORESTACK_Condition cause : null
2026-07-08 11:19:23,563 [INFO] LogOutputStream:77 - [STDOUT_REDIRECT] 1 : Invalid condition id : UX_CORESTACK_Condition cause : null
2026-07-08 11:19:23,565 [INFO] LogOutputStream:77 - [STDOUT_REDIRECT] 1 : Invalid condition id : UX_CORESTACK_Condition cause : null
2026-07-08 11:19:23,567 [WARN] PackLoader:240 - Cannot read IP mode file for STMicroelectronics.X-CUBE-AZRTOS-WL.2.0.0
2026-07-08 11:19:23,578 [WARN] PackLoader:240 - Cannot read IP mode file for STMicroelectronics.X-CUBE-AZRTOS-H7RS.1.2.0
2026-07-08 11:19:23,586 [WARN] PackLoader:240 - Cannot read IP mode file for STMicroelectronics.X-CUBE-BLE2.3.3.0
2026-07-08 11:19:23,589 [ERROR] Engine:466 - C:\Users\tka008729\.stm32cubemx\thirdparties\pdsc\Avnet-IOTCONNECT.X-CUBE-iotc-st67-sdk.1.0.0.pdsc: PDSC version is not supported
2026-07-08 11:19:23,605 [WARN] PackLoader:240 - Cannot read IP mode file for Infineon.AIROC-Wi-Fi-Bluetooth-STM32.1.8.0
2026-07-08 11:19:23,613 [WARN] PackLoader:240 - Cannot read IP mode file for STMicroelectronics.X-CUBE-NFC9.1.0.0
2026-07-08 11:19:23,620 [WARN] PackLoader:240 - Cannot read IP mode file for STMicroelectronics.X-CUBE-BLE1.7.1.0
2026-07-08 11:19:23,626 [WARN] PackLoader:240 - Cannot read IP mode file for wolfSSL.I-CUBE-wolfMQTT.1.19.2
2026-07-08 11:19:23,629 [ERROR] Engine:466 - C:\Users\tka008729\.stm32cubemx\thirdparties\pdsc\STMicroelectronics.X-CUBE-FREERTOS.1.4.0.pdsc: PDSC version is not supported
2026-07-08 11:19:23,636 [WARN] PackLoader:240 - Cannot read IP mode file for STMicroelectronics.X-CUBE-EEPRMA1.5.2.0
2026-07-08 11:19:23,643 [WARN] PackLoader:240 - Cannot read IP mode file for wolfSSL.I-CUBE-wolfSSL.5.8.4
2026-07-08 11:19:23,646 [ERROR] Engine:466 - C:\Users\tka008729\.stm32cubemx\thirdparties\pdsc\Cesanta.I-CUBE-Mongoose.7.20.0.pdsc: PDSC version is not supported
2026-07-08 11:19:23,649 [ERROR] Engine:466 - C:\Users\tka008729\.stm32cubemx\thirdparties\pdsc\STMicroelectronics.X-CUBE-ST67W61.1.1.0.pdsc: PDSC version is not supported
2026-07-08 11:19:23,652 [ERROR] Engine:466 - C:\Users\tka008729\.stm32cubemx\thirdparties\pdsc\STMicroelectronics.FP-SNS-STAIOTCFT.1.1.0.pdsc: PDSC version is not supported
2026-07-08 11:19:23,680 [WARN] PackLoader:240 - Cannot read IP mode file for STMicroelectronics.X-CUBE-MEMS1.12.0.0
2026-07-08 11:19:23,747 [WARN] PackLoader:240 - Cannot read IP mode file for STMicroelectronics.X-CUBE-AZRTOS-G0.1.1.0
2026-07-08 11:19:23,755 [WARN] PackLoader:240 - Cannot read IP mode file for STMicroelectronics.X-CUBE-NFC4.3.0.0
2026-07-08 11:19:23,765 [WARN] PackLoader:240 - Cannot read IP mode file for EmbeddedOffice.I-CUBE-FS-RTOS.1.0.1
2026-07-08 11:19:23,766 [ERROR] ConditionMgr:805 - Attr not supported : Dmpu
2026-07-08 11:19:23,766 [ERROR] ConditionMgr:805 - Attr not supported : Dmpu
2026-07-08 11:19:23,766 [ERROR] ConditionMgr:805 - Attr not supported : Dmpu
2026-07-08 11:19:23,766 [ERROR] ConditionMgr:805 - Attr not supported : Dmpu
2026-07-08 11:19:23,766 [ERROR] ConditionMgr:805 - Attr not supported : Dmpu
2026-07-08 11:19:23,766 [ERROR] ConditionMgr:805 - Attr not supported : Dmpu
2026-07-08 11:19:23,767 [ERROR] ConditionMgr:805 - Attr not supported : Dmpu
2026-07-08 11:19:23,767 [ERROR] ConditionMgr:805 - Attr not supported : Dmpu
2026-07-08 11:19:23,767 [ERROR] ConditionMgr:805 - Attr not supported : Dmpu
2026-07-08 11:19:23,767 [ERROR] ConditionMgr:805 - Attr not supported : Dmpu
2026-07-08 11:19:23,767 [ERROR] ConditionMgr:805 - Attr not supported : Dmpu
2026-07-08 11:19:23,767 [ERROR] ConditionMgr:805 - Attr not supported : Dmpu
2026-07-08 11:19:23,767 [ERROR] ConditionMgr:805 - Attr not supported : Dmpu
2026-07-08 11:19:23,767 [ERROR] ConditionMgr:805 - Attr not supported : Dmpu
2026-07-08 11:19:23,767 [ERROR] ConditionMgr:805 - Attr not supported : Dmpu
2026-07-08 11:19:23,767 [ERROR] ConditionMgr:805 - Attr not supported : Dmpu
2026-07-08 11:19:23,767 [ERROR] ConditionMgr:805 - Attr not supported : Dmpu
2026-07-08 11:19:23,767 [ERROR] ConditionMgr:805 - Attr not supported : Dmpu
2026-07-08 11:19:23,767 [ERROR] ConditionMgr:805 - Attr not supported : Dmpu
2026-07-08 11:19:23,768 [ERROR] ConditionMgr:805 - Attr not supported : Dmpu
2026-07-08 11:19:23,768 [ERROR] ConditionMgr:805 - Attr not supported : Dmpu
2026-07-08 11:19:23,768 [ERROR] ConditionMgr:805 - Attr not supported : Dmpu
2026-07-08 11:19:23,768 [ERROR] ConditionMgr:805 - Attr not supported : Dmpu
2026-07-08 11:19:23,768 [ERROR] ConditionMgr:805 - Attr not supported : Dmpu
2026-07-08 11:19:23,768 [ERROR] ConditionMgr:805 - Attr not supported : Dmpu
2026-07-08 11:19:23,768 [ERROR] ConditionMgr:805 - Attr not supported : Dmpu
2026-07-08 11:19:23,768 [ERROR] ConditionMgr:805 - Attr not supported : Dmpu
2026-07-08 11:19:23,768 [ERROR] ConditionMgr:805 - Attr not supported : Dmpu
2026-07-08 11:19:23,768 [ERROR] ConditionMgr:805 - Attr not supported : Dmpu
2026-07-08 11:19:23,768 [ERROR] ConditionMgr:805 - Attr not supported : Dmpu
2026-07-08 11:19:23,768 [ERROR] ConditionMgr:805 - Attr not supported : Dmpu
2026-07-08 11:19:23,768 [ERROR] ConditionMgr:805 - Attr not supported : Dmpu
2026-07-08 11:19:23,768 [ERROR] ConditionMgr:805 - Attr not supported : Dmpu
2026-07-08 11:19:23,768 [ERROR] ConditionMgr:805 - Attr not supported : Dmpu
2026-07-08 11:19:23,768 [ERROR] ConditionMgr:805 - Attr not supported : Dmpu
2026-07-08 11:19:23,769 [ERROR] ConditionMgr:805 - Attr not supported : Dmpu
2026-07-08 11:19:23,769 [ERROR] ConditionMgr:805 - Attr not supported : Dmpu
2026-07-08 11:19:23,769 [ERROR] ConditionMgr:805 - Attr not supported : Dmpu
2026-07-08 11:19:23,769 [ERROR] ConditionMgr:805 - Attr not supported : Dmpu
2026-07-08 11:19:23,769 [ERROR] ConditionMgr:805 - Attr not supported : Dmpu
2026-07-08 11:19:23,769 [ERROR] ConditionMgr:805 - Attr not supported : Dmpu
2026-07-08 11:19:23,769 [ERROR] ConditionMgr:805 - Attr not supported : Dmpu
2026-07-08 11:19:23,769 [ERROR] ConditionMgr:805 - Attr not supported : Dmpu
2026-07-08 11:19:23,769 [ERROR] ConditionMgr:805 - Attr not supported : Dmpu
2026-07-08 11:19:23,769 [ERROR] ConditionMgr:805 - Attr not supported : Dmpu
2026-07-08 11:19:23,769 [ERROR] ConditionMgr:805 - Attr not supported : Dmpu
2026-07-08 11:19:23,769 [ERROR] ConditionMgr:805 - Attr not supported : Dmpu
2026-07-08 11:19:23,769 [ERROR] ConditionMgr:805 - Attr not supported : Dmpu
2026-07-08 11:19:23,769 [ERROR] ConditionMgr:805 - Attr not supported : Dmpu
2026-07-08 11:19:23,769 [ERROR] ConditionMgr:805 - Attr not supported : Dmpu
2026-07-08 11:19:23,769 [ERROR] ConditionMgr:805 - Attr not supported : Dmpu
2026-07-08 11:19:23,769 [ERROR] ConditionMgr:805 - Attr not supported : Dmpu
2026-07-08 11:19:23,769 [ERROR] ConditionMgr:805 - Attr not supported : Dmpu
2026-07-08 11:19:23,770 [ERROR] ConditionMgr:805 - Attr not supported : Dmpu
2026-07-08 11:19:23,770 [ERROR] ConditionMgr:805 - Attr not supported : Dmpu
2026-07-08 11:19:23,770 [ERROR] ConditionMgr:805 - Attr not supported : Dmpu
2026-07-08 11:19:23,770 [ERROR] ConditionMgr:805 - Attr not supported : Dmpu
2026-07-08 11:19:23,770 [ERROR] ConditionMgr:805 - Attr not supported : Dmpu
2026-07-08 11:19:23,770 [ERROR] ConditionMgr:805 - Attr not supported : Dmpu
2026-07-08 11:19:23,770 [ERROR] ConditionMgr:805 - Attr not supported : Dmpu
2026-07-08 11:19:23,770 [ERROR] ConditionMgr:805 - Attr not supported : Dmpu
2026-07-08 11:19:23,770 [ERROR] ConditionMgr:805 - Attr not supported : Dmpu
2026-07-08 11:19:23,770 [ERROR] ConditionMgr:805 - Attr not supported : Dmpu
2026-07-08 11:19:23,770 [ERROR] ConditionMgr:805 - Attr not supported : Dmpu
2026-07-08 11:19:23,776 [WARN] PackLoader:240 - Cannot read IP mode file for STMicroelectronics.X-CUBE-WB05N.2.0.0
2026-07-08 11:19:23,781 [WARN] PackLoader:240 - Cannot read IP mode file for wolfSSL.I-CUBE-wolfTPM.3.8.0
2026-07-08 11:19:23,785 [ERROR] Engine:466 - C:\Users\tka008729\.stm32cubemx\thirdparties\pdsc\STMicroelectronics.X-CUBE-TCPP.4.2.0.pdsc: PDSC version is not supported
2026-07-08 11:19:23,790 [WARN] PackLoader:240 - Cannot read IP mode file for RealThread.X-CUBE-RT-Thread_Nano.4.1.1
2026-07-08 11:19:23,795 [WARN] PackLoader:240 - Cannot read IP mode file for STMicroelectronics.FP-ATR-SIGFOX1.3.2.0
2026-07-08 11:19:23,802 [WARN] PackLoader:240 - Cannot read IP mode file for ITTIA_DB.I-CUBE-ITTIADB.8.9.0
2026-07-08 11:19:23,811 [WARN] PackLoader:240 - Cannot read IP mode file for STMicroelectronics.X-CUBE-NFC6.3.2.0
2026-07-08 11:19:23,820 [WARN] PackLoader:240 - Cannot read IP mode file for STMicroelectronics.X-CUBE-AI.10.2.1
2026-07-08 11:19:23,824 [WARN] PackLoader:240 - Cannot read IP mode file for STMicroelectronics.X-CUBE-AI.10.2.0
2026-07-08 11:19:23,854 [WARN] PackLoader:240 - Cannot read IP mode file for STMicroelectronics.X-CUBE-MEMS1.12.1.0
2026-07-08 11:19:23,933 [WARN] PackLoader:240 - Cannot read IP mode file for SEGGER.I-CUBE-embOS.1.3.1
2026-07-08 11:19:23,957 [WARN] PackLoader:240 - Cannot read IP mode file for STMicroelectronics.X-CUBE-ALGOBUILD.1.4.0
2026-07-08 11:19:23,963 [WARN] PackLoader:240 - Cannot read IP mode file for STMicroelectronics.X-CUBE-NFC13.1.0.0
2026-07-08 11:19:23,969 [WARN] PackLoader:240 - Cannot read IP mode file for STMicroelectronics.X-CUBE-PM33A1.1.0.0
2026-07-08 11:19:23,979 [WARN] PackLoader:240 - Cannot read IP mode file for STMicroelectronics.X-CUBE-AZRTOS-F4.1.1.0
2026-07-08 11:19:23,986 [WARN] PackLoader:240 - Cannot read IP mode file for STMicroelectronics.X-CUBE-ISPU.2.1.0
2026-07-08 11:19:23,991 [ERROR] Engine:466 - C:\Users\tka008729\.stm32cubemx\thirdparties\pdsc\STMicroelectronics.X-CUBE-IPS.3.2.0.pdsc: PDSC version is not supported
2026-07-08 11:19:23,993 [ERROR] Engine:466 - C:\Users\tka008729\.stm32cubemx\thirdparties\pdsc\STMicroelectronics.eDS-WB_DPC_TT-BIDIR.2.1.1.pdsc: PDSC version is not supported
2026-07-08 11:19:23,999 [WARN] PackLoader:240 - Cannot read IP mode file for STMicroelectronics.X-CUBE-NFC12.1.0.0
2026-07-08 11:19:24,010 [WARN] PackLoader:240 - Cannot read IP mode file for STMicroelectronics.X-CUBE-AZRTOS-L5.2.0.0
2026-07-08 11:19:24,018 [WARN] PackLoader:240 - Cannot read IP mode file for STMicroelectronics.X-CUBE-NFC6.3.1.0
2026-07-08 11:19:24,025 [WARN] PackLoader:240 - Cannot read IP mode file for STMicroelectronics.X-CUBE-ALGOBUILD.1.5.0
2026-07-08 11:19:24,027 [ERROR] Engine:466 - C:\Users\tka008729\.stm32cubemx\thirdparties\pdsc\STMicroelectronics.eDS-WB_DPC_VIENNA.1.2.0.pdsc: PDSC version is not supported
2026-07-08 11:19:24,030 [ERROR] Engine:466 - C:\Users\tka008729\.stm32cubemx\thirdparties\pdsc\STMicroelectronics.eDS-WB_DPC_3PH2L-BIDIR.1.1.1.pdsc: PDSC version is not supported
2026-07-08 11:19:24,033 [ERROR] Engine:466 - C:\Users\tka008729\.stm32cubemx\thirdparties\pdsc\STMicroelectronics.X-CUBE-ST67W61.1.3.0.pdsc: PDSC version is not supported
2026-07-08 11:19:24,038 [WARN] PackLoader:240 - Cannot read IP mode file for STMicroelectronics.X-CUBE-TOUCHGFX.4.26.0
2026-07-08 11:19:24,041 [WARN] PackLoader:240 - Cannot read IP mode file for STMicroelectronics.X-CUBE-TOUCHGFX.4.26.1
2026-07-08 11:19:24,044 [ERROR] Engine:466 - C:\Users\tka008729\.stm32cubemx\thirdparties\pdsc\STMicroelectronics.FP-SNS-STAIOTCFT.1.0.0.pdsc: PDSC version is not supported
2026-07-08 11:19:24,049 [WARN] PackLoader:240 - Cannot read IP mode file for STMicroelectronics.X-CUBE-DPower.1.3.0
2026-07-08 11:19:24,062 [WARN] ConditionMgr:438 - getConditionDescription Invalid condition id : LAN8742 Phy interface Condition cause : null
2026-07-08 11:19:24,063 [WARN] PackLoader:240 - Cannot read IP mode file for STMicroelectronics.X-CUBE-AZRTOS-L4.2.0.0
2026-07-08 11:19:24,064 [WARN] ConditionMgr:1039 - genDependencies : Invalid condition id : LAN8742 Phy interface Condition cause : null
2026-07-08 11:19:24,065 [WARN] ConditionMgr:1039 - genDependencies : Invalid condition id : LAN8742 Phy interface Condition cause : null
2026-07-08 11:19:24,065 [WARN] ConditionMgr:1039 - genDependencies : Invalid condition id : LAN8742 Phy interface Condition cause : null
2026-07-08 11:19:24,072 [WARN] PackLoader:240 - Cannot read IP mode file for STMicroelectronics.X-CUBE-SFXS2LP1.4.0.0
2026-07-08 11:19:24,076 [WARN] PackLoader:240 - Cannot read IP mode file for STMicroelectronics.X-CUBE-WB05N.2.1.0
2026-07-08 11:19:24,079 [ERROR] Engine:466 - C:\Users\tka008729\.stm32cubemx\thirdparties\pdsc\STMicroelectronics.X-CUBE-ST67W61.1.2.0.pdsc: PDSC version is not supported
2026-07-08 11:19:24,083 [ERROR] Engine:466 - C:\Users\tka008729\.stm32cubemx\thirdparties\pdsc\STMicroelectronics.X-CUBE-BLEMGR.4.1.0.pdsc: PDSC version is not supported
2026-07-08 11:19:24,092 [WARN] ConditionMgr:438 - getConditionDescription Invalid condition id : UX DEVICE CLASS RTOS Condition cause : null
2026-07-08 11:19:24,092 [WARN] ConditionMgr:438 - getConditionDescription Invalid condition id : UX DEVICE CLASS RTOS Condition cause : null
2026-07-08 11:19:24,093 [WARN] PackLoader:240 - Cannot read IP mode file for STMicroelectronics.X-CUBE-AZRTOS-WB.2.0.0
2026-07-08 11:19:24,094 [WARN] ConditionMgr:1039 - genDependencies : Invalid condition id : UX DEVICE CLASS RTOS Condition cause : null
2026-07-08 11:19:24,094 [WARN] ConditionMgr:1039 - genDependencies : Invalid condition id : UX DEVICE CLASS RTOS Condition cause : null
2026-07-08 11:19:24,094 [WARN] ConditionMgr:1039 - genDependencies : Invalid condition id : UX DEVICE CLASS RTOS Condition cause : null
2026-07-08 11:19:24,094 [WARN] ConditionMgr:1039 - genDependencies : Invalid condition id : UX DEVICE CLASS RTOS Condition cause : null
2026-07-08 11:19:24,094 [WARN] ConditionMgr:1039 - genDependencies : Invalid condition id : UX DEVICE CLASS RTOS Condition cause : null
2026-07-08 11:19:24,098 [WARN] ConditionMgr:438 - getConditionDescription Invalid condition id : Cortex-A Device cause : null
2026-07-08 11:19:24,111 [WARN] ConditionMgr:1039 - genDependencies : Invalid condition id : Cortex-A Device cause : null
2026-07-08 11:19:24,111 [WARN] ConditionMgr:1039 - genDependencies : Invalid condition id : Cortex-A Device cause : null
2026-07-08 11:19:24,111 [WARN] ConditionMgr:1039 - genDependencies : Invalid condition id : Cortex-A Device cause : null
2026-07-08 11:19:24,117 [WARN] PackLoader:240 - Cannot read IP mode file for STMicroelectronics.X-CUBE-STSE01.2.0.0
2026-07-08 11:19:24,124 [WARN] PackLoader:240 - Cannot read IP mode file for STMicroelectronics.X-CUBE-SUBG2.5.0.0
2026-07-08 11:19:24,135 [WARN] PackLoader:240 - Cannot read IP mode file for STMicroelectronics.X-CUBE-AZRTOS-G4.2.0.0
2026-07-08 11:19:24,140 [WARN] PackLoader:240 - Cannot read IP mode file for wolfSSL.I-CUBE-wolfSSH.1.4.20
2026-07-08 11:19:24,144 [WARN] PackLoader:240 - Cannot read IP mode file for STMicroelectronics.X-CUBE-NFC7.2.0.0
2026-07-08 11:19:24,148 [ERROR] Engine:466 - C:\Users\tka008729\.stm32cubemx\thirdparties\pdsc\STMicroelectronics.X-CUBE-BLEMGR.4.2.0.pdsc: PDSC version is not supported
2026-07-08 11:19:24,153 [WARN] PackLoader:240 - Cannot read IP mode file for STMicroelectronics.X-CUBE-ALS.1.0.2
2026-07-08 11:19:24,159 [WARN] PackLoader:240 - Cannot read IP mode file for STMicroelectronics.X-CUBE-STSE01.1.0.0
2026-07-08 11:19:24,165 [ERROR] Engine:466 - C:\Users\tka008729\.stm32cubemx\thirdparties\pdsc\STMicroelectronics.X-CUBE-TOF1.3.4.3.pdsc: PDSC version is not supported
2026-07-08 11:19:24,166 [INFO] ThirdParty:978 - Integrity check success = true
2026-07-08 11:19:24,166 [INFO] IntegrityCheckThread:100 - exiting critical section [integrity check]
2026-07-08 11:19:24,166 [INFO] IntegrityCheckThread:103 - End integrity checks thread
2026-07-08 11:19:43,588 [ERROR] LogOutputStream:75 - [STDERR_REDIRECT] SLF4J: Failed to load class "org.slf4j.impl.StaticLoggerBinder".
2026-07-08 11:19:43,588 [ERROR] LogOutputStream:75 - [STDERR_REDIRECT] SLF4J: Defaulting to no-operation (NOP) logger implementation
2026-07-08 11:19:43,589 [ERROR] LogOutputStream:75 - [STDERR_REDIRECT] SLF4J: See http://www.slf4j.org/codes.html#StaticLoggerBinder for further details.
2026-07-08 11:20:48,154 [INFO] McuFinderGlobals:63 - Set McuFinder mode to 2 (CubeIDE integrated)
2026-07-08 11:20:48,159 [INFO] MainUpdater:2873 - connection check result : 10
2026-07-08 11:20:48,160 [INFO] MainUpdater:2873 - connection check result : 10
2026-07-08 11:20:48,202 [INFO] MicroXplorer:468 - Change Database Path : 
2026-07-08 11:20:48,202 [INFO] MicroXplorer:498 - Change Database Version : DB.6.0.100
2026-07-08 11:20:48,207 [WARN] ThirdParty:871 - waiting for thirdparty lock release [close project]
2026-07-08 11:20:48,207 [INFO] ThirdParty:873 - entering critical section [close project]
2026-07-08 11:20:48,208 [INFO] ThirdParty:883 - exiting critical section [close project]
2026-07-08 11:20:48,209 [INFO] PinOutPanel:1499 - setPackage(No Configuration,No Configuration)
2026-07-08 11:20:48,212 [INFO] UtilMem:75 - Begin LoadConfig() Used Memory: 706881352 Bytes (1048576000)
2026-07-08 11:20:48,213 [INFO] MicroXplorer:468 - Change Database Path : 
2026-07-08 11:20:48,213 [INFO] MicroXplorer:498 - Change Database Version : DB.6.0.100
2026-07-08 11:20:48,213 [INFO] OpenFileManager:312 - Change cursor
2026-07-08 11:20:48,241 [INFO] Mcu:2016 - Initializing MCU STM32G431R(6-8-B)Tx STM32G431RBTx STM32G431RBT6
2026-07-08 11:20:50,814 [INFO] Context:659 - Trying to add GPIOservice into a context  which must be forbidden
2026-07-08 11:20:51,494 [INFO] RtosManager:555 - Registered RTOS mode: class=CMSIS, group=RTOS, mode=CMSIS_V1, owner=FREERTOS
2026-07-08 11:20:51,494 [INFO] RtosManager:555 - Registered RTOS mode: class=CMSIS, group=RTOS2, mode=CMSIS_V2, owner=FREERTOS
2026-07-08 11:20:51,494 [INFO] RtosManager:555 - Registered RTOS mode: class=RTOS, group=Core, mode=CMSIS_V1, owner=FREERTOS
2026-07-08 11:20:51,494 [INFO] RtosManager:555 - Registered RTOS mode: class=RTOS, group=Core, mode=CMSIS_V2, owner=FREERTOS
2026-07-08 11:20:51,495 [WARN] ModelIntegratedComponent:184 - Missing modes for component STMicroelectronics:FreeRTOS:0.0.1:STMicroelectronics:RTOS:FreeRTOS:Core:::10.2.0:
2026-07-08 11:20:51,503 [WARN] ModelIntegratedComponent:63 - No mode defined for component null
2026-07-08 11:20:51,503 [WARN] ModelIntegratedComponent:63 - No mode defined for component null
2026-07-08 11:20:51,503 [WARN] ModelIntegratedComponent:63 - No mode defined for component null
2026-07-08 11:20:51,504 [WARN] ModelIntegratedComponent:63 - No mode defined for component null
2026-07-08 11:20:51,504 [WARN] ModelIntegratedComponent:63 - No mode defined for component null
2026-07-08 11:20:51,504 [WARN] ModelIntegratedComponent:63 - No mode defined for component null
2026-07-08 11:20:51,504 [WARN] ModelIntegratedComponent:63 - No mode defined for component null
2026-07-08 11:20:51,504 [WARN] ModelIntegratedComponent:63 - No mode defined for component null
2026-07-08 11:20:51,504 [WARN] ModelIntegratedComponent:63 - No mode defined for component null
2026-07-08 11:20:51,504 [WARN] ModelIntegratedComponent:63 - No mode defined for component null
2026-07-08 11:20:51,504 [WARN] ModelIntegratedComponent:63 - No mode defined for component null
2026-07-08 11:20:51,504 [WARN] ModelIntegratedComponent:63 - No mode defined for component null
2026-07-08 11:20:51,504 [WARN] ModelIntegratedComponent:63 - No mode defined for component null
2026-07-08 11:20:51,504 [WARN] ModelIntegratedComponent:63 - No mode defined for component null
2026-07-08 11:20:51,504 [WARN] ModelIntegratedComponent:63 - No mode defined for component null
2026-07-08 11:20:51,504 [WARN] ModelIntegratedComponent:63 - No mode defined for component null
2026-07-08 11:20:51,504 [WARN] ModelIntegratedComponent:63 - No mode defined for component null
2026-07-08 11:20:51,504 [WARN] ModelIntegratedComponent:63 - No mode defined for component null
2026-07-08 11:20:51,504 [WARN] ModelIntegratedComponent:63 - No mode defined for component null
2026-07-08 11:20:51,504 [WARN] ModelIntegratedComponent:63 - No mode defined for component null
2026-07-08 11:20:51,504 [WARN] ModelIntegratedComponent:63 - No mode defined for component null
2026-07-08 11:20:51,504 [WARN] ModelIntegratedComponent:63 - No mode defined for component null
2026-07-08 11:20:51,504 [WARN] ModelIntegratedComponent:63 - No mode defined for component null
2026-07-08 11:20:51,504 [WARN] ModelIntegratedComponent:63 - No mode defined for component null
2026-07-08 11:20:51,504 [WARN] ModelIntegratedComponent:63 - No mode defined for component null
2026-07-08 11:20:51,504 [WARN] ModelIntegratedComponent:63 - No mode defined for component null
2026-07-08 11:20:51,504 [WARN] ModelIntegratedComponent:63 - No mode defined for component null
2026-07-08 11:20:51,504 [WARN] ModelIntegratedComponent:63 - No mode defined for component null
2026-07-08 11:20:51,504 [WARN] ModelIntegratedComponent:63 - No mode defined for component null
2026-07-08 11:20:51,504 [WARN] ModelIntegratedComponent:63 - No mode defined for component null
2026-07-08 11:20:51,504 [WARN] ModelIntegratedComponent:63 - No mode defined for component null
2026-07-08 11:20:51,504 [WARN] ModelIntegratedComponent:63 - No mode defined for component null
2026-07-08 11:20:51,504 [WARN] ModelIntegratedComponent:63 - No mode defined for component null
2026-07-08 11:20:51,550 [INFO] ThirdPartyModel:298 - Start build external matchings
2026-07-08 11:20:51,737 [INFO] ThirdPartyModel:316 - End build external matchings
2026-07-08 11:20:51,745 [INFO] ImportTextPane:194 - (OptionalMessage_ERROR) IP (ADC1) : Parameter (CommonPathInternal) has invalid value (null|null|null|null)
2026-07-08 11:20:51,746 [INFO] ImportTextPane:194 - (OptionalMessage_ERROR) IP (ADC2) : Parameter (CommonPathInternal) has invalid value (null|null|null|null)
2026-07-08 11:20:51,746 [WARN] IP:2119 - MessageRAMOffset not found: check if there is a RefParameter without a condition.
2026-07-08 11:20:51,746 [WARN] IP:2119 - RxFifo0ElmtsNbr not found: check if there is a RefParameter without a condition.
2026-07-08 11:20:51,746 [WARN] IP:2119 - RxFifo0ElmtSize not found: check if there is a RefParameter without a condition.
2026-07-08 11:20:51,746 [WARN] IP:2119 - RxFifo1ElmtsNbr not found: check if there is a RefParameter without a condition.
2026-07-08 11:20:51,746 [WARN] IP:2119 - RxFifo1ElmtSize not found: check if there is a RefParameter without a condition.
2026-07-08 11:20:51,746 [WARN] IP:2119 - RxBuffersNbr not found: check if there is a RefParameter without a condition.
2026-07-08 11:20:51,746 [WARN] IP:2119 - RxBufferSize not found: check if there is a RefParameter without a condition.
2026-07-08 11:20:51,746 [WARN] IP:2119 - TxEventsNbr not found: check if there is a RefParameter without a condition.
2026-07-08 11:20:51,746 [WARN] IP:2119 - TxBuffersNbr not found: check if there is a RefParameter without a condition.
2026-07-08 11:20:51,746 [WARN] IP:2119 - TxFifoQueueElmtsNbr not found: check if there is a RefParameter without a condition.
2026-07-08 11:20:51,747 [WARN] IP:2119 - TxElmtSize not found: check if there is a RefParameter without a condition.
2026-07-08 11:20:51,747 [WARN] IP:2119 - ClockCalibrationCCU not found: check if there is a RefParameter without a condition.
2026-07-08 11:20:51,747 [WARN] IP:2119 - ClockDividerCCU not found: check if there is a RefParameter without a condition.
2026-07-08 11:20:51,747 [WARN] IP:2119 - MinOscClkPeriodsCCU not found: check if there is a RefParameter without a condition.
2026-07-08 11:20:51,747 [WARN] IP:2119 - TimeQuantaPerBitTimeCCU not found: check if there is a RefParameter without a condition.
2026-07-08 11:20:51,747 [WARN] IP:2119 - WatchdogStartValueCCU not found: check if there is a RefParameter without a condition.
2026-07-08 11:20:51,749 [INFO] ImportTextPane:194 - (OptionalMessage_ERROR) IP (RCC) : Invalid parameter (FamilyName)
2026-07-08 11:20:51,750 [INFO] ImportTextPane:194 - (OptionalMessage_ERROR) IP (RCC) : Parameter (RNGFreq_Value) has invalid value (170000000)
2026-07-08 11:20:51,751 [INFO] ImportTextPane:194 - (OptionalMessage_ERROR) IP (RCC) : Parameter (USBFreq_Value) has invalid value (170000000)
2026-07-08 11:20:52,099 [INFO] UtilMem:75 - End LoadConfig() Used Memory: 801956720 Bytes (1073741824)
2026-07-08 11:20:52,271 [INFO] ApiDb:581 - Connected to CubeFinder SQLite database (C:\Users\tka008729\.stmcufinder\plugins\mcufinder\mcu\cube-finder-db.db)
2026-07-08 11:20:52,336 [INFO] ApiDb:668 - CubeFinder database Data Model version=2.1
2026-07-08 11:20:52,336 [INFO] ApiDb:669 - CubeFinder database Configuration version=3.0.39
2026-07-08 11:20:52,336 [INFO] ApiDb:670 - CubeFinder database generation date=2025-12-22 (1766407740)
2026-07-08 11:20:52,337 [INFO] ApiDb:671 - CubeFinder database FW Pack versions=[FP-ATR-ASTRA1_V2.0.0, FP-SNS-FLIGHT1_V5.1.0, FP-SNS-MOTENV1_V5.1.0, FP-SNS-MOTENVWB1_V1.4.0, FP-SNS-SMARTAG2_V1.2.0, FP-SNS-STBOX1_V2.1.0, STM32Cube_FW_C0_V1.4.0, STM32Cube_FW_F4_V1.28.3, STM32Cube_FW_F7_V1.17.4, STM32Cube_FW_G0_V1.6.2, STM32Cube_FW_G4_V1.6.1, STM32Cube_FW_H5_V1.5.1, STM32Cube_FW_H7RS_V1.3.0, STM32Cube_FW_H7_V1.12.1, STM32Cube_FW_L0_V1.12.2, STM32Cube_FW_L4_V1.18.1, STM32Cube_FW_L5_V1.6.0, STM32Cube_FW_N6_V1.3.0, STM32Cube_FW_U0_V1.3.0, STM32Cube_FW_U3_V1.2.1, STM32Cube_FW_U5_V1.8.0, STM32Cube_FW_WB0_V1.4.0, STM32Cube_FW_WBA_V1.8.0, STM32Cube_FW_WB_V1.24.0, STM32Cube_FW_WL3_V1.3.0, STM32Cube_FW_WL_V1.4.0, X-CUBE-ALGOBUILD_V1.4.0, X-CUBE-ALS_V1.0.2, X-CUBE-AZRTOS-F4_V1.1.0, X-CUBE-AZRTOS-F7_V1.1.0, X-CUBE-AZRTOS-G0_V1.1.0, X-CUBE-AZRTOS-G4_V2.0.0, X-CUBE-AZRTOS-H7RS_V1.1.0, X-CUBE-AZRTOS-H7_V3.4.0, X-CUBE-AZRTOS-L4_V2.0.0, X-CUBE-AZRTOS-L5_V2.0.0, X-CUBE-AZRTOS-WB_V2.0.0, X-CUBE-AZRTOS-WL_V2.0.0, X-CUBE-BLE1_V7.1.0, X-CUBE-BLE2_V3.3.0, X-CUBE-BLEMGR_V4.1.0, X-CUBE-EEPRMA1_V5.2.0, X-CUBE-FREERTOS_V1.3.1, X-CUBE-GNSS1_V6.0.0, X-CUBE-MEMS1_V12.0.0, X-CUBE-NFC4_V3.0.0, X-CUBE-NFC7_V2.0.0, X-CUBE-SFXS2LP1_V4.0.0, X-CUBE-ST67W61_V1.1.0, X-CUBE-SUBG2_V5.0.0, X-CUBE-TOF1_V3.4.3]
2026-07-08 11:20:54,400 [INFO] ApiDb:240 - Found 371 in-development CPN: [B-G473E-ZEST1S, B-WB1M-WPAN1, B-WL5M-SUBG1, NUCLEO-C031C6, NUCLEO-H503RB, NUCLEO-H563ZI, NUCLEO-U545RE-Q, NUCLEO-U5A5ZJ-Q, NUCLEO-WBA52CG, NUCLEO-WBA55CG, STEVAL-MKBOXPRO, STEVAL-PROTEUS1, STEVAL-STWINBX1, STM320518-EVAL, STM32C0116-DK, STM32C011D6Y3TR, STM32C011D6Y6TR, STM32C011F4P3, STM32C011F4P6, STM32C011F4U3, STM32C011F4U6TR, STM32C011F6P3, STM32C011F6P6, STM32C011F6U3, STM32C011F6U6TR, STM32C011J4M3, STM32C011J4M6, STM32C011J6M3, STM32C011J6M6, STM32C0316-DK, STM32C031C4T3, STM32C031C4T6, STM32C031C4U3, STM32C031C4U6, STM32C031C6T3, STM32C031C6T6, STM32C031C6U3, STM32C031C6U6, STM32C031F4P3, STM32C031F4P6, STM32C031F6P3, STM32C031F6P6, STM32C031G4U3, STM32C031G4U6, STM32C031G6U3, STM32C031G6U6, STM32C031K4T3, STM32C031K4T6, STM32C031K4U3, STM32C031K4U6, STM32C031K6T3, STM32C031K6T6, STM32C031K6U3, STM32C031K6U6, STM32G071K8TXN, STM32G071K8UXN, STM32G081GBU6N, STM32G081KBT6N, STM32G081KBUXN, STM32G0B1CCT6N, STM32G0B1KCT6, STM32G0B1NEY6TR, STM32G0B1RCT6N, STM32G0C1CCT6, STM32G0C1CCT6N, STM32G0C1CCU6N, STM32G0C1CET6N, STM32G0C1CEU6N, STM32G0C1KCT6, STM32G0C1NEY6TR, STM32G0C1RCI6N, STM32G0C1RCT6N, STM32G0C1REI6N, STM32G0C1RET6N, STM32G0C1VCI6, STM32G0C1VEI6, STM32G471CCT6, STM32G471CCU6, STM32G471CET3, STM32G471CET6, STM32G471CEU3, STM32G471CEU6, STM32G471MCT6, STM32G471MET3, STM32G471MET6, STM32G471MEY6TR, STM32G471QCT6, STM32G471QET3, STM32G471RCT6, STM32G471RET3, STM32G471RET6, STM32G471VCH6, STM32G471VCI6, STM32G471VCT6, STM32G471VEH3, STM32G471VEH6, STM32G471VEI3, STM32G471VEI6, STM32G471VET3, STM32G471VET6, STM32G474CCT6, STM32H503CBT6, STM32H503CBU6, STM32H503EBY6TR, STM32H503KBU6, STM32H503RBT6, STM32H562AGI6, STM32H562AII6, STM32H562IGK6, STM32H562IGT6, STM32H562IIK6, STM32H562IIT6, STM32H562RGT6, STM32H562RGV6, STM32H562RIT6, STM32H562RIV6, STM32H562VGT6, STM32H562VIT6, STM32H562ZGT6, STM32H562ZIT6, STM32H563AGI6, STM32H563AII3Q, STM32H563AII6, STM32H563IGK6, STM32H563IGT6, STM32H563IIK3Q, STM32H563IIK6, STM32H563IIT3Q, STM32H563IIT6, STM32H563MIY3QTR, STM32H563RGT6, STM32H563RGV6, STM32H563RIT6, STM32H563RIV6, STM32H563VGT6, STM32H563VIT3Q, STM32H563VIT6, STM32H563ZGT6, STM32H563ZIT3Q, STM32H563ZIT6, STM32H573AII3Q, STM32H573AII6, STM32H573I-DK, STM32H573IIK3Q, STM32H573IIK6, STM32H573IIT3Q, STM32H573IIT6, STM32H573MIY3QTR, STM32H573RIT6, STM32H573RIV6, STM32H573VIT3Q, STM32H573VIT6, STM32H573ZIT3Q, STM32H573ZIT6, STM32L4R5QGI6STR, STM32MP131AAE3, STM32MP131AAF3, STM32MP131AAG3, STM32MP131CAE3, STM32MP131CAF3, STM32MP131CAG3, STM32MP131DAE7, STM32MP131DAF7, STM32MP131DAG7, STM32MP131FAE7, STM32MP131FAF7, STM32MP131FAG7, STM32MP133AAE3, STM32MP133AAF3, STM32MP133AAG3, STM32MP133CAE3, STM32MP133CAF3, STM32MP133CAG3, STM32MP133DAE7, STM32MP133DAF7, STM32MP133DAG7, STM32MP133FAE7, STM32MP133FAF7, STM32MP133FAG7, STM32MP135AAE3, STM32MP135AAF3, STM32MP135AAG3, STM32MP135CAE3, STM32MP135CAF3, STM32MP135CAG3, STM32MP135DAE7, STM32MP135DAF7, STM32MP135DAG7, STM32MP135F-DK, STM32MP135FAE7, STM32MP135FAF7, STM32MP135FAF7T, STM32MP135FAF7U, STM32MP135FAG7, STM32U535CBT6, STM32U535CBT6Q, STM32U535CBU6, STM32U535CBU6Q, STM32U535CCT6, STM32U535CCT6Q, STM32U535CCU6, STM32U535CCU6Q, STM32U535CET6, STM32U535CET6Q, STM32U535CEU6, STM32U535CEU6Q, STM32U535JEY6QTR, STM32U535NCY6QTR, STM32U535NEY6QTR, STM32U535RBI6, STM32U535RBI6Q, STM32U535RBT6, STM32U535RBT6Q, STM32U535RCI6, STM32U535RCI6Q, STM32U535RCT6, STM32U535RCT6Q, STM32U535REI6, STM32U535REI6Q, STM32U535RET6, STM32U535RET6Q, STM32U535VCI6, STM32U535VCI6Q, STM32U535VCT6, STM32U535VCT6Q, STM32U535VEI6, STM32U535VEI6Q, STM32U535VET6, STM32U535VET6Q, STM32U545CET6, STM32U545CET6Q, STM32U545CEU6, STM32U545CEU6Q, STM32U545JEY6QTR, STM32U545NEY6QTR, STM32U545REI6, STM32U545REI6Q, STM32U545RET6, STM32U545RET6Q, STM32U545VEI6, STM32U545VEI6Q, STM32U545VET6, STM32U545VET6Q, STM32U595AIH6, STM32U595AIH6Q, STM32U595AJH6, STM32U595AJH6Q, STM32U595QII6, STM32U595QII6Q, STM32U595QJI6, STM32U595QJI6Q, STM32U595RIT6, STM32U595RIT6Q, STM32U595RJT6, STM32U595RJT6Q, STM32U595VIT6, STM32U595VIT6Q, STM32U595VJT6, STM32U595VJT6Q, STM32U595ZIT6, STM32U595ZIT6Q, STM32U595ZIY6QTR, STM32U595ZJT6, STM32U595ZJT6Q, STM32U595ZJY6QTR, STM32U599BJY6QTR, STM32U599NIH6Q, STM32U599NJH6Q, STM32U599VIT6Q, STM32U599VJT6, STM32U599VJT6Q, STM32U599ZIT6Q, STM32U599ZIY6QTR, STM32U599ZJT6Q, STM32U599ZJY6QTR, STM32U5A5AJH6, STM32U5A5AJH6Q, STM32U5A5QJI6, STM32U5A5QJI6Q, STM32U5A5RJT6, STM32U5A5RJT6Q, STM32U5A5VJT6, STM32U5A5VJT6Q, STM32U5A5ZJT6, STM32U5A5ZJT6Q, STM32U5A5ZJY6QTR, STM32U5A9BJY6QTR, STM32U5A9J-DK, STM32U5A9NJH6Q, STM32U5A9VJT6Q, STM32U5A9ZJT6Q, STM32U5A9ZJY6QTR, STM32U5F7VIT6, STM32U5F7VIT6Q, STM32U5F7VJT6, STM32U5F7VJT6Q, STM32U5F9BJY6QTR, STM32U5F9NJH6Q, STM32U5F9VIT6Q, STM32U5F9VJT6Q, STM32U5F9ZIJ6QTR, STM32U5F9ZIT6Q, STM32U5F9ZJJ6QTR, STM32U5F9ZJT6Q, STM32U5G7VJT6, STM32U5G7VJT6Q, STM32U5G9BJY6QTR, STM32U5G9J-DK1, STM32U5G9J-DK2, STM32U5G9NJH6Q, STM32U5G9VJT6Q, STM32U5G9ZJJ6QTR, STM32U5G9ZJT6Q, STM32WB1MMCH6, STM32WBA50KEU6, STM32WBA50KEU6TR, STM32WBA50KGU6, STM32WBA50KGU6TR, STM32WBA52CEU6, STM32WBA52CEU6TR, STM32WBA52CEU7, STM32WBA52CEU7TR, STM32WBA52CGU6, STM32WBA52CGU6TR, STM32WBA52CGU6U, STM32WBA52CGU7, STM32WBA52CGU7TR, STM32WBA52KEU6, STM32WBA52KEU6TR, STM32WBA52KGU6, STM32WBA52KGU6TR, STM32WBA54CEU6, STM32WBA54CEU6TR, STM32WBA54CEU7, STM32WBA54CEU7TR, STM32WBA54CGU6, STM32WBA54CGU6TR, STM32WBA54CGU7, STM32WBA54CGU7TR, STM32WBA54KEU6, STM32WBA54KEU6TR, STM32WBA54KEU7, STM32WBA54KEU7TR, STM32WBA54KGU6, STM32WBA54KGU6TR, STM32WBA54KGU7, STM32WBA54KGU7TR, STM32WBA55CEU6, STM32WBA55CEU6TR, STM32WBA55CEU7, STM32WBA55CEU7TR, STM32WBA55CGU6, STM32WBA55CGU6TR, STM32WBA55CGU6U, STM32WBA55CGU7, STM32WBA55CGU7TR, STM32WBA55G-DK1, STM32WBA55HEF6, STM32WBA55HEF7, STM32WBA55HGF6, STM32WBA55HGF7, STM32WBA55UEI6, STM32WBA55UEI6TR, STM32WBA55UEI7, STM32WBA55UEI7TR, STM32WBA55UGI6, STM32WBA55UGI6TR, STM32WBA55UGI7, STM32WBA55UGI7TR, STM32WL5MOCH6, STM32WL5MOCH6TR]
2026-07-08 11:20:54,405 [INFO] DbMcus:218 - Found 4816 MCUs, 4816 are supported
2026-07-08 11:20:54,406 [INFO] ApiDb:423 - Load user favorites file C:\Users\tka008729/.stm32cubeide/favorites.mcus.txt: 0 item(s)
2026-07-08 11:20:54,406 [INFO] ApiDb:427 - User favorites MCUs=[]
2026-07-08 11:20:54,406 [INFO] DbMcus:224 - Set 0 / 0 favorites MCUs
2026-07-08 11:20:54,708 [INFO] MicroXplorer:468 - Change Database Path : 
2026-07-08 11:20:54,709 [INFO] MicroXplorer:498 - Change Database Version : DB.6.0.100
2026-07-08 11:20:54,709 [WARN] ThirdParty:833 - waiting for thirdparty lock release [change project]
2026-07-08 11:20:54,709 [INFO] ThirdParty:835 - entering critical section [change project]
2026-07-08 11:20:54,709 [INFO] ThirdParty:1030 - CMSIS Pack Vendor :STMicroelectronics X-CUBE-AZRTOS-H7 3.5.0
2026-07-08 11:20:54,709 [INFO] ThirdParty:1030 - CMSIS Pack Vendor :STMicroelectronics X-CUBE-PM33A1 1.0.0
2026-07-08 11:20:54,709 [INFO] ThirdParty:1030 - CMSIS Pack Vendor :STMicroelectronics USBPD 4.1
2026-07-08 11:20:54,709 [INFO] ThirdParty:1030 - CMSIS Pack Vendor :STMicroelectronics X-CUBE-NFC9 1.0.0
2026-07-08 11:20:54,709 [INFO] ThirdParty:1030 - CMSIS Pack Vendor :STMicroelectronics USB_HOST 2.0.0
2026-07-08 11:20:54,709 [INFO] ThirdParty:1030 - CMSIS Pack Vendor :STMicroelectronics FP-SNS-MOTENVWB1 1.4.0
2026-07-08 11:20:54,709 [INFO] ThirdParty:1030 - CMSIS Pack Vendor :STMicroelectronics X-CUBE-AZRTOS-F4 1.1.0
2026-07-08 11:20:54,709 [INFO] ThirdParty:1030 - CMSIS Pack Vendor :STMicroelectronics LIBJPEG 8.0.0
2026-07-08 11:20:54,709 [INFO] ThirdParty:1030 - CMSIS Pack Vendor :STMicroelectronics FP-ATR-ASTRA1 2.0.2
2026-07-08 11:20:54,710 [INFO] ThirdParty:1030 - CMSIS Pack Vendor :STMicroelectronics X-CUBE-BLE1 7.1.0
2026-07-08 11:20:54,710 [INFO] ThirdParty:1030 - CMSIS Pack Vendor :STMicroelectronics X-CUBE-SMBUS 2.1.0
2026-07-08 11:20:54,710 [INFO] ThirdParty:1030 - CMSIS Pack Vendor :wolfSSL I-CUBE-wolfMQTT 1.19.2
2026-07-08 11:20:54,710 [INFO] ThirdParty:1030 - CMSIS Pack Vendor :STMicroelectronics USB_DEVICE 3.0.0
2026-07-08 11:20:54,710 [INFO] ThirdParty:1030 - CMSIS Pack Vendor :STMicroelectronics X-CUBE-ISPU 2.1.0
2026-07-08 11:20:54,710 [INFO] ThirdParty:1030 - CMSIS Pack Vendor :STMicroelectronics X-CUBE-EEPRMA1 5.2.0
2026-07-08 11:20:54,710 [INFO] ThirdParty:1030 - CMSIS Pack Vendor :STMicroelectronics X-CUBE-AZRTOS-WB 2.0.0
2026-07-08 11:20:54,710 [INFO] ThirdParty:1030 - CMSIS Pack Vendor :wolfSSL I-CUBE-wolfSSL 5.8.4
2026-07-08 11:20:54,710 [INFO] ThirdParty:1030 - CMSIS Pack Vendor :STMicroelectronics X-CUBE-NFC12 1.0.0
2026-07-08 11:20:54,710 [INFO] ThirdParty:1030 - CMSIS Pack Vendor :STMicroelectronics X-CUBE-AZRTOS-F7 1.1.0
2026-07-08 11:20:54,710 [INFO] ThirdParty:1030 - CMSIS Pack Vendor :STMicroelectronics X-CUBE-AZRTOS-L5 2.0.0
2026-07-08 11:20:54,710 [INFO] ThirdParty:1030 - CMSIS Pack Vendor :STMicroelectronics USB_DEVICE 2.0.0
2026-07-08 11:20:54,710 [INFO] ThirdParty:1030 - CMSIS Pack Vendor :STMicroelectronics X-CUBE-NFC6 3.1.0
2026-07-08 11:20:54,710 [INFO] ThirdParty:1030 - CMSIS Pack Vendor :quantropi X-CUBE-qispace-sdk-base 2.1.0
2026-07-08 11:20:54,710 [INFO] ThirdParty:1030 - CMSIS Pack Vendor :STMicroelectronics X-CUBE-MEMS1 12.0.0
2026-07-08 11:20:54,710 [INFO] ThirdParty:1030 - CMSIS Pack Vendor :STMicroelectronics X-CUBE-STSE01 2.0.0
2026-07-08 11:20:54,710 [INFO] ThirdParty:1030 - CMSIS Pack Vendor :STMicroelectronics X-CUBE-ALGOBUILD 1.5.0
2026-07-08 11:20:54,710 [INFO] ThirdParty:1030 - CMSIS Pack Vendor :STMicroelectronics FreeRTOS 0.0.1
2026-07-08 11:20:54,710 [INFO] ThirdParty:1030 - CMSIS Pack Vendor :STMicroelectronics X-CUBE-AZRTOS-H7RS 1.3.0
2026-07-08 11:20:54,710 [INFO] ThirdParty:1030 - CMSIS Pack Vendor :STMicroelectronics X-CUBE-AZRTOS-G0 1.1.0
2026-07-08 11:20:54,710 [INFO] ThirdParty:1030 - CMSIS Pack Vendor :STMicroelectronics X-CUBE-NFC4 3.0.0
2026-07-08 11:20:54,710 [INFO] ThirdParty:1030 - CMSIS Pack Vendor :STMicroelectronics X-CUBE-SUBG2 5.0.0
2026-07-08 11:20:54,710 [INFO] ThirdParty:1030 - CMSIS Pack Vendor :STMicroelectronics STM32_WPAN 1.0.0
2026-07-08 11:20:54,710 [INFO] ThirdParty:1030 - CMSIS Pack Vendor :EmbeddedOffice I-CUBE-FS-RTOS 1.0.1
2026-07-08 11:20:54,710 [INFO] ThirdParty:1030 - CMSIS Pack Vendor :STMicroelectronics lwIP 2.0.3
2026-07-08 11:20:54,710 [INFO] ThirdParty:1030 - CMSIS Pack Vendor :STMicroelectronics USB_HOST 1.0.0
2026-07-08 11:20:54,710 [INFO] ThirdParty:1030 - CMSIS Pack Vendor :STMicroelectronics X-CUBE-AZRTOS-G4 2.0.0
2026-07-08 11:20:54,710 [INFO] ThirdParty:1030 - CMSIS Pack Vendor :STMicroelectronics X-CUBE-WB05N 2.0.0
2026-07-08 11:20:54,710 [INFO] ThirdParty:1030 - CMSIS Pack Vendor :STMicroelectronics PDM2PCM 3.1.0
2026-07-08 11:20:54,710 [INFO] ThirdParty:1030 - CMSIS Pack Vendor :STMicroelectronics PDM2PCM 3.3.0
2026-07-08 11:20:54,710 [INFO] ThirdParty:1030 - CMSIS Pack Vendor :wolfSSL I-CUBE-wolfTPM 3.8.0
2026-07-08 11:20:54,710 [INFO] ThirdParty:1030 - CMSIS Pack Vendor :STMicroelectronics X-CUBE-AZRTOS-H7 3.4.0
2026-07-08 11:20:54,710 [INFO] ThirdParty:1030 - CMSIS Pack Vendor :STMicroelectronics X-CUBE-DISPLAY 3.0.0
2026-07-08 11:20:54,710 [INFO] ThirdParty:1030 - CMSIS Pack Vendor :wolfSSL I-CUBE-wolfSSH 1.4.20
2026-07-08 11:20:54,710 [INFO] ThirdParty:1030 - CMSIS Pack Vendor :STMicroelectronics X-CUBE-NFC7 2.0.0
2026-07-08 11:20:54,710 [INFO] ThirdParty:1030 - CMSIS Pack Vendor :STMicroelectronics X-CUBE-GNSS1 7.1.1
2026-07-08 11:20:54,710 [INFO] ThirdParty:1030 - CMSIS Pack Vendor :RealThread X-CUBE-RT-Thread_Nano 4.1.1
2026-07-08 11:20:54,710 [INFO] ThirdParty:1030 - CMSIS Pack Vendor :STMicroelectronics FP-ATR-SIGFOX1 3.2.0
2026-07-08 11:20:54,710 [INFO] ThirdParty:1030 - CMSIS Pack Vendor :STMicroelectronics X-CUBE-NFC10 1.0.0
2026-07-08 11:20:54,710 [INFO] ThirdParty:1030 - CMSIS Pack Vendor :STMicroelectronics HAL Drivers 0.0.0
2026-07-08 11:20:54,710 [INFO] ThirdParty:1030 - CMSIS Pack Vendor :STMicroelectronics MBEDTLS 2.16.2
2026-07-08 11:20:54,711 [INFO] ThirdParty:1030 - CMSIS Pack Vendor :STMicroelectronics X-CUBE-ALS 1.0.2
2026-07-08 11:20:54,711 [INFO] ThirdParty:1030 - CMSIS Pack Vendor :emotas I-CUBE-CANOPEN 1.3.0
2026-07-08 11:20:54,711 [INFO] ThirdParty:1030 - CMSIS Pack Vendor :STMicroelectronics MBEDTLS 2.14.1
2026-07-08 11:20:54,711 [INFO] ThirdParty:1030 - CMSIS Pack Vendor :STMicroelectronics X-CUBE-GNSS1 7.1.0
2026-07-08 11:20:54,711 [INFO] ThirdParty:1030 - CMSIS Pack Vendor :ITTIA_DB I-CUBE-ITTIADB 8.9.0
2026-07-08 11:20:54,711 [INFO] ThirdParty:1030 - CMSIS Pack Vendor :STMicroelectronics X-CUBE-TOUCHGFX 4.26.0
2026-07-08 11:20:54,711 [INFO] ThirdParty:1030 - CMSIS Pack Vendor :STMicroelectronics X-CUBE-STSE01 1.0.0
2026-07-08 11:20:54,711 [INFO] ThirdParty:1030 - CMSIS Pack Vendor :STMicroelectronics X-CUBE-TOUCHGFX 4.26.1
2026-07-08 11:20:54,711 [INFO] ThirdParty:1030 - CMSIS Pack Vendor :STMicroelectronics X-CUBE-NFC6 3.2.0
2026-07-08 11:20:54,711 [INFO] ThirdParty:1030 - CMSIS Pack Vendor :STMicroelectronics X-CUBE-AI 10.2.1
2026-07-08 11:20:54,711 [INFO] ThirdParty:1030 - CMSIS Pack Vendor :STMicroelectronics X-CUBE-AI 10.2.0
2026-07-08 11:20:54,711 [INFO] ThirdParty:1030 - CMSIS Pack Vendor :STMicroelectronics ThreadX 1.0.0
2026-07-08 11:20:54,711 [INFO] ThirdParty:1030 - CMSIS Pack Vendor :STMicroelectronics FP-SNS-SMARTAG2 1.2.0
2026-07-08 11:20:54,711 [INFO] ThirdParty:1030 - CMSIS Pack Vendor :STMicroelectronics X-CUBE-MEMS1 12.1.0
2026-07-08 11:20:54,711 [INFO] ThirdParty:1030 - CMSIS Pack Vendor :STMicroelectronics X-CUBE-AZRTOS-WL 2.0.0
2026-07-08 11:20:54,711 [INFO] ThirdParty:1030 - CMSIS Pack Vendor :SEGGER I-CUBE-embOS 1.3.1
2026-07-08 11:20:54,711 [INFO] ThirdParty:1030 - CMSIS Pack Vendor :STMicroelectronics X-CUBE-ALGOBUILD 1.4.0
2026-07-08 11:20:54,711 [INFO] ThirdParty:1030 - CMSIS Pack Vendor :STMicroelectronics X-CUBE-DPower 1.3.0
2026-07-08 11:20:54,711 [INFO] ThirdParty:1030 - CMSIS Pack Vendor :STMicroelectronics USB_DEVICE 1.0.0
2026-07-08 11:20:54,711 [INFO] ThirdParty:1030 - CMSIS Pack Vendor :STMicroelectronics X-CUBE-AZRTOS-H7RS 1.2.0
2026-07-08 11:20:54,711 [INFO] ThirdParty:1030 - CMSIS Pack Vendor :STMicroelectronics X-CUBE-AZRTOS-L4 2.0.0
2026-07-08 11:20:54,712 [INFO] ThirdParty:1030 - CMSIS Pack Vendor :STMicroelectronics ThreadX 0.0.2
2026-07-08 11:20:54,712 [INFO] ThirdParty:1030 - CMSIS Pack Vendor :STMicroelectronics lwIP 2.1.2
2026-07-08 11:20:54,712 [INFO] ThirdParty:1030 - CMSIS Pack Vendor :STMicroelectronics X-CUBE-SFXS2LP1 4.0.0
2026-07-08 11:20:54,712 [INFO] ThirdParty:1030 - CMSIS Pack Vendor :STMicroelectronics X-CUBE-BLE2 3.3.0
2026-07-08 11:20:54,712 [INFO] ThirdParty:1030 - CMSIS Pack Vendor :Infineon AIROC-Wi-Fi-Bluetooth-STM32 1.8.0
2026-07-08 11:20:54,712 [INFO] ThirdParty:1030 - CMSIS Pack Vendor :STMicroelectronics X-CUBE-NFC13 1.0.0
2026-07-08 11:20:54,712 [INFO] ThirdParty:1030 - CMSIS Pack Vendor :STMicroelectronics PDM2PCM 3.2.0
2026-07-08 11:20:54,712 [INFO] ThirdParty:1030 - CMSIS Pack Vendor :STMicroelectronics X-CUBE-WB05N 2.1.0
2026-07-08 11:20:54,712 [INFO] ThirdParty:841 - exiting critical section [change project]
2026-07-08 11:20:55,012 [INFO] PinOutPanel:1499 - setPackage(No Configuration,No Configuration)
2026-07-08 11:20:55,013 [INFO] PinOutPanel:1499 - setPackage(STM32G431RBTx,LQFP64)
2026-07-08 11:20:55,492 [INFO] UtilMem:75 - Before build in PCC Used Memory: 805992088 Bytes (1073741824)
2026-07-08 11:20:56,219 [INFO] UtilMem:75 - After build in PCC Used Memory: 709544504 Bytes (1073741824)
2026-07-08 11:20:56,241 [INFO] IPUIPlugin:80 - create IPUIPlugin
2026-07-08 11:20:56,241 [INFO] IPUIPlugin:80 - create IPUIPlugin
2026-07-08 11:20:56,241 [INFO] IPUIPlugin:80 - create IPUIPlugin
2026-07-08 11:20:56,241 [INFO] IPUIPlugin:80 - create IPUIPlugin
2026-07-08 11:20:56,241 [INFO] IPUIPlugin:80 - create IPUIPlugin
2026-07-08 11:20:56,241 [INFO] IPUIPlugin:80 - create IPUIPlugin
2026-07-08 11:20:56,241 [INFO] IPUIPlugin:80 - create IPUIPlugin
2026-07-08 11:20:56,241 [INFO] IPUIPlugin:80 - create IPUIPlugin
2026-07-08 11:20:56,241 [INFO] IPUIPlugin:80 - create IPUIPlugin
2026-07-08 11:20:56,241 [INFO] IPUIPlugin:80 - create IPUIPlugin
2026-07-08 11:20:56,241 [INFO] IPUIPlugin:80 - create IPUIPlugin
2026-07-08 11:20:56,241 [INFO] IPUIPlugin:80 - create IPUIPlugin
2026-07-08 11:20:56,241 [INFO] IPUIPlugin:80 - create IPUIPlugin
2026-07-08 11:20:56,241 [INFO] IPUIPlugin:80 - create IPUIPlugin
2026-07-08 11:20:56,242 [INFO] IPUIPlugin:80 - create IPUIPlugin
2026-07-08 11:20:56,242 [INFO] IPUIPlugin:80 - create IPUIPlugin
2026-07-08 11:20:56,242 [INFO] IPUIPlugin:80 - create IPUIPlugin
2026-07-08 11:20:56,242 [INFO] IPUIPlugin:80 - create IPUIPlugin
2026-07-08 11:20:56,242 [INFO] IPUIPlugin:80 - create IPUIPlugin
2026-07-08 11:20:56,242 [INFO] IPUIPlugin:80 - create IPUIPlugin
2026-07-08 11:20:56,242 [INFO] IPUIPlugin:80 - create IPUIPlugin
2026-07-08 11:20:56,242 [INFO] IPUIPlugin:80 - create IPUIPlugin
2026-07-08 11:20:56,242 [INFO] IPUIPlugin:80 - create IPUIPlugin
2026-07-08 11:20:56,242 [INFO] IPUIPlugin:80 - create IPUIPlugin
2026-07-08 11:20:56,242 [INFO] IPUIPlugin:80 - create IPUIPlugin
2026-07-08 11:20:56,243 [INFO] IPUIPlugin:80 - create IPUIPlugin
2026-07-08 11:20:56,243 [INFO] IPUIPlugin:80 - create IPUIPlugin
2026-07-08 11:20:56,243 [INFO] IPUIPlugin:80 - create IPUIPlugin
2026-07-08 11:20:56,243 [INFO] IPUIPlugin:80 - create IPUIPlugin
2026-07-08 11:20:56,243 [INFO] IPUIPlugin:80 - create IPUIPlugin
2026-07-08 11:20:56,243 [INFO] IPUIPlugin:80 - create IPUIPlugin
2026-07-08 11:20:56,243 [INFO] IPUIPlugin:80 - create IPUIPlugin
2026-07-08 11:20:56,243 [INFO] IPUIPlugin:80 - create IPUIPlugin
2026-07-08 11:20:56,243 [INFO] IPUIPlugin:80 - create IPUIPlugin
2026-07-08 11:20:56,243 [INFO] IPUIPlugin:80 - create IPUIPlugin
2026-07-08 11:20:56,244 [INFO] IPUIPlugin:80 - create IPUIPlugin
2026-07-08 11:20:56,244 [INFO] IPUIPlugin:80 - create IPUIPlugin
2026-07-08 11:20:56,244 [INFO] IPUIPlugin:80 - create IPUIPlugin
2026-07-08 11:20:56,244 [INFO] IPUIPlugin:80 - create IPUIPlugin
2026-07-08 11:20:56,244 [INFO] IPUIPlugin:80 - create IPUIPlugin
2026-07-08 11:20:56,244 [INFO] IPUIPlugin:80 - create IPUIPlugin
2026-07-08 11:20:56,244 [INFO] IPUIPlugin:80 - create IPUIPlugin
2026-07-08 11:20:56,244 [INFO] IPUIPlugin:80 - create IPUIPlugin
2026-07-08 11:20:56,244 [INFO] IPUIPlugin:80 - create IPUIPlugin
2026-07-08 11:20:56,245 [INFO] IPUIPlugin:80 - create IPUIPlugin
2026-07-08 11:20:56,245 [INFO] IPUIPlugin:80 - create IPUIPlugin
2026-07-08 11:20:56,245 [INFO] IPUIPlugin:80 - create IPUIPlugin
2026-07-08 11:20:56,245 [INFO] IPUIPlugin:80 - create IPUIPlugin
2026-07-08 11:20:56,245 [INFO] IPUIPlugin:80 - create IPUIPlugin
2026-07-08 11:20:56,245 [INFO] IPUIPlugin:80 - create IPUIPlugin
2026-07-08 11:20:56,245 [INFO] IPUIPlugin:80 - create IPUIPlugin
2026-07-08 11:20:56,246 [INFO] IPUIPlugin:80 - create IPUIPlugin
2026-07-08 11:20:56,246 [INFO] IPUIPlugin:80 - create IPUIPlugin
2026-07-08 11:20:56,246 [INFO] IPUIPlugin:80 - create IPUIPlugin
2026-07-08 11:20:56,246 [INFO] IPUIPlugin:80 - create IPUIPlugin
2026-07-08 11:20:56,246 [INFO] IPUIPlugin:80 - create IPUIPlugin
2026-07-08 11:20:56,247 [INFO] IPUIPlugin:80 - create IPUIPlugin
2026-07-08 11:20:56,247 [INFO] IPUIPlugin:80 - create IPUIPlugin
2026-07-08 11:20:56,255 [WARN] IP:2119 - MessageRAMOffset not found: check if there is a RefParameter without a condition.
2026-07-08 11:20:56,256 [WARN] IP:2119 - RxFifo0ElmtsNbr not found: check if there is a RefParameter without a condition.
2026-07-08 11:20:56,256 [WARN] IP:2119 - RxFifo0ElmtSize not found: check if there is a RefParameter without a condition.
2026-07-08 11:20:56,256 [WARN] IP:2119 - RxFifo1ElmtsNbr not found: check if there is a RefParameter without a condition.
2026-07-08 11:20:56,256 [WARN] IP:2119 - RxFifo1ElmtSize not found: check if there is a RefParameter without a condition.
2026-07-08 11:20:56,256 [WARN] IP:2119 - RxBuffersNbr not found: check if there is a RefParameter without a condition.
2026-07-08 11:20:56,256 [WARN] IP:2119 - RxBufferSize not found: check if there is a RefParameter without a condition.
2026-07-08 11:20:56,256 [WARN] IP:2119 - TxEventsNbr not found: check if there is a RefParameter without a condition.
2026-07-08 11:20:56,256 [WARN] IP:2119 - TxBuffersNbr not found: check if there is a RefParameter without a condition.
2026-07-08 11:20:56,256 [WARN] IP:2119 - TxFifoQueueElmtsNbr not found: check if there is a RefParameter without a condition.
2026-07-08 11:20:56,256 [WARN] IP:2119 - TxElmtSize not found: check if there is a RefParameter without a condition.
2026-07-08 11:20:56,256 [WARN] IP:2119 - ClockCalibrationCCU not found: check if there is a RefParameter without a condition.
2026-07-08 11:20:56,256 [WARN] IP:2119 - ClockDividerCCU not found: check if there is a RefParameter without a condition.
2026-07-08 11:20:56,256 [WARN] IP:2119 - MinOscClkPeriodsCCU not found: check if there is a RefParameter without a condition.
2026-07-08 11:20:56,256 [WARN] IP:2119 - TimeQuantaPerBitTimeCCU not found: check if there is a RefParameter without a condition.
2026-07-08 11:20:56,256 [WARN] IP:2119 - WatchdogStartValueCCU not found: check if there is a RefParameter without a condition.
2026-07-08 11:20:56,263 [INFO] LogOutputStream:77 - [STDOUT_REDIRECT] Nominal 
2026-07-08 11:20:56,263 [INFO] Can:71 - Can Add PropertyChangeListener com.st.microxplorer.plugins.ip.can.Can@b3c813c
2026-07-08 11:20:56,438 [INFO] CADModel:165 - CPN selected for project levelSTM32G431RBT6
2026-07-08 11:20:56,438 [INFO] CADModel:114 - Register for checkConnection events
2026-07-08 11:20:56,488 [INFO] OpenFileManager:343 - Restore cursor
2026-07-08 11:20:56,729 [WARN] IP:2119 - MessageRAMOffset not found: check if there is a RefParameter without a condition.
2026-07-08 11:20:56,729 [WARN] IP:2119 - RxFifo0ElmtsNbr not found: check if there is a RefParameter without a condition.
2026-07-08 11:20:56,729 [WARN] IP:2119 - RxFifo0ElmtSize not found: check if there is a RefParameter without a condition.
2026-07-08 11:20:56,729 [WARN] IP:2119 - RxFifo1ElmtsNbr not found: check if there is a RefParameter without a condition.
2026-07-08 11:20:56,729 [WARN] IP:2119 - RxFifo1ElmtSize not found: check if there is a RefParameter without a condition.
2026-07-08 11:20:56,729 [WARN] IP:2119 - RxBuffersNbr not found: check if there is a RefParameter without a condition.
2026-07-08 11:20:56,729 [WARN] IP:2119 - RxBufferSize not found: check if there is a RefParameter without a condition.
2026-07-08 11:20:56,729 [WARN] IP:2119 - TxEventsNbr not found: check if there is a RefParameter without a condition.
2026-07-08 11:20:56,729 [WARN] IP:2119 - TxBuffersNbr not found: check if there is a RefParameter without a condition.
2026-07-08 11:20:56,729 [WARN] IP:2119 - TxFifoQueueElmtsNbr not found: check if there is a RefParameter without a condition.
2026-07-08 11:20:56,729 [WARN] IP:2119 - TxElmtSize not found: check if there is a RefParameter without a condition.
2026-07-08 11:20:56,729 [WARN] IP:2119 - ClockCalibrationCCU not found: check if there is a RefParameter without a condition.
2026-07-08 11:20:56,729 [WARN] IP:2119 - ClockDividerCCU not found: check if there is a RefParameter without a condition.
2026-07-08 11:20:56,729 [WARN] IP:2119 - MinOscClkPeriodsCCU not found: check if there is a RefParameter without a condition.
2026-07-08 11:20:56,729 [WARN] IP:2119 - TimeQuantaPerBitTimeCCU not found: check if there is a RefParameter without a condition.
2026-07-08 11:20:56,729 [WARN] IP:2119 - WatchdogStartValueCCU not found: check if there is a RefParameter without a condition.
