2026-09-01 07:54:00,582 [INFO] Activator:176 - 


2026-09-01 07:54:00,585 [INFO] Activator:177 - !SESSION log4j initialized
2026-09-01 07:54:02,800 [INFO] LogOutputStream:77 - [STDOUT_REDIRECT] 
2026-09-01 07:54:03,918 [INFO] ApplicationProperties:184 - Using Application install path: C:\Program Files (x86)\STM32CubeIDE_1.14.1\plugins\com.st.stm32cube.common.mx_6.10.0.202311202037
2026-09-01 07:54:03,940 [INFO] DbMcusXml:78 - Set database path to: C:\Program Files (x86)\STM32CubeIDE_1.14.1\plugins\com.st.stm32cube.common.mx_6.10.0.202311202037\\db\/mcu/
2026-09-01 07:54:03,941 [INFO] ApiDb:274 - Set plugin database path to: C:\Program Files (x86)\STM32CubeIDE_1.14.1\plugins\com.st.stm32cube.common.mx_6.10.0.202311202037\\db\/plugins/boardmanager/
2026-09-01 07:54:03,942 [WARN] ApiDb:259 - Overriding images path with different value:  => C:\Program Files (x86)\STM32CubeIDE_1.14.1\plugins\com.st.stm32cube.common.mx_6.10.0.202311202037\\db\/plugins/mcufinder/images/
2026-09-01 07:54:03,951 [INFO] ApiDb:250 - Set database path to: C:\Users\tka008729\.stmcufinder\plugins\mcufinder//mcu/
2026-09-01 07:54:03,953 [INFO] DbMcusAds:125 - Set database path to: C:\Users\tka008729\.stmcufinder\plugins\mcufinder//mcu/
2026-09-01 07:54:03,955 [INFO] CrossReferenceDbSqlite:203 - Set database path to: C:\Users\tka008729\.stmcufinder\plugins\mcufinder//mcu/cs/
2026-09-01 07:54:04,070 [INFO] RulesReader:64 - Compatibility file has been processed (297 Rules)
2026-09-01 07:54:04,169 [INFO] DbMcusXml:78 - Set database path to: C:\Program Files (x86)\STM32CubeIDE_1.14.1\plugins\com.st.stm32cube.common.mx_6.10.0.202311202037\\db\/mcu/
2026-09-01 07:54:04,169 [INFO] ApiDb:274 - Set plugin database path to: C:\Program Files (x86)\STM32CubeIDE_1.14.1\plugins\com.st.stm32cube.common.mx_6.10.0.202311202037\\db\/plugins/boardmanager/
2026-09-01 07:54:04,169 [INFO] ApiDb:261 - Set plugin images path to: C:\Program Files (x86)\STM32CubeIDE_1.14.1\plugins\com.st.stm32cube.common.mx_6.10.0.202311202037\\db\/plugins/mcufinder/images/
2026-09-01 07:54:04,170 [WARN] DbFile:41 - Overriding database path with different value: C:\Users\tka008729\.stmcufinder\plugins\mcufinder/ => C:\Users\tka008729\.stmcufinder\plugins\mcufinder
2026-09-01 07:54:04,170 [INFO] ApiDb:250 - Set database path to: C:\Users\tka008729\.stmcufinder\plugins\mcufinder//mcu/
2026-09-01 07:54:04,170 [WARN] DbFile:41 - Overriding database path with different value: C:\Users\tka008729\.stmcufinder\plugins\mcufinder/ => C:\Users\tka008729\.stmcufinder\plugins\mcufinder
2026-09-01 07:54:04,170 [INFO] DbMcusAds:125 - Set database path to: C:\Users\tka008729\.stmcufinder\plugins\mcufinder//mcu/
2026-09-01 07:54:04,170 [WARN] DbFile:41 - Overriding database path with different value: C:\Users\tka008729\.stmcufinder\plugins\mcufinder/ => C:\Users\tka008729\.stmcufinder\plugins\mcufinder
2026-09-01 07:54:04,170 [WARN] DbFile:41 - Overriding database path with different value: C:\Users\tka008729\.stmcufinder\plugins\mcufinder/ => C:\Users\tka008729\.stmcufinder\plugins\mcufinder
2026-09-01 07:54:04,170 [INFO] CrossReferenceDbSqlite:203 - Set database path to: C:\Users\tka008729\.stmcufinder\plugins\mcufinder//mcu/cs/
2026-09-01 07:54:04,237 [INFO] MainPanel:264 - HeapMemory: 268435456
2026-09-01 07:54:04,313 [INFO] DbMcusXml:78 - Set database path to: C:\Program Files (x86)\STM32CubeIDE_1.14.1\plugins\com.st.stm32cube.common.mx_6.10.0.202311202037\\db\/mcu/
2026-09-01 07:54:04,313 [INFO] ApiDb:274 - Set plugin database path to: C:\Program Files (x86)\STM32CubeIDE_1.14.1\plugins\com.st.stm32cube.common.mx_6.10.0.202311202037\\db\/plugins/boardmanager/
2026-09-01 07:54:04,313 [INFO] ApiDb:261 - Set plugin images path to: C:\Program Files (x86)\STM32CubeIDE_1.14.1\plugins\com.st.stm32cube.common.mx_6.10.0.202311202037\\db\/plugins/mcufinder/images/
2026-09-01 07:54:04,313 [WARN] DbFile:41 - Overriding database path with different value: C:\Users\tka008729\.stmcufinder\plugins\mcufinder/ => C:\Users\tka008729\.stmcufinder\plugins\mcufinder
2026-09-01 07:54:04,314 [INFO] ApiDb:250 - Set database path to: C:\Users\tka008729\.stmcufinder\plugins\mcufinder//mcu/
2026-09-01 07:54:04,314 [WARN] DbFile:41 - Overriding database path with different value: C:\Users\tka008729\.stmcufinder\plugins\mcufinder/ => C:\Users\tka008729\.stmcufinder\plugins\mcufinder
2026-09-01 07:54:04,314 [INFO] DbMcusAds:125 - Set database path to: C:\Users\tka008729\.stmcufinder\plugins\mcufinder//mcu/
2026-09-01 07:54:04,314 [WARN] DbFile:41 - Overriding database path with different value: C:\Users\tka008729\.stmcufinder\plugins\mcufinder/ => C:\Users\tka008729\.stmcufinder\plugins\mcufinder
2026-09-01 07:54:04,314 [WARN] DbFile:41 - Overriding database path with different value: C:\Users\tka008729\.stmcufinder\plugins\mcufinder/ => C:\Users\tka008729\.stmcufinder\plugins\mcufinder
2026-09-01 07:54:04,314 [INFO] CrossReferenceDbSqlite:203 - Set database path to: C:\Users\tka008729\.stmcufinder\plugins\mcufinder//mcu/cs/
2026-09-01 07:54:04,330 [INFO] ApplicationProperties:184 - Using Application install path: C:\Program Files (x86)\STM32CubeIDE_1.14.1\plugins\com.st.stm32cube.common.mx_6.10.0.202311202037
2026-09-01 07:54:04,331 [INFO] PluginManage:196 - Search for loadable plugins [exclusion list=, ]
2026-09-01 07:54:04,332 [INFO] PluginManage:310 - Check plugin analytics
2026-09-01 07:54:04,473 [INFO] AnalyticsPlugin:253 - Accepted Software Licenses: 
2026-09-01 07:54:04,473 [INFO] AnalyticsPlugin:255 - Accepted CMSIS Pack Licenses: 
2026-09-01 07:54:04,474 [INFO] AnalyticsPlugin:257 - Accepted Firmware Licenses: FW.G4.1.5.0
2026-09-01 07:54:04,476 [INFO] PluginManage:359 - Loaded plugin analytics (category:tool,tabindex:-1)
2026-09-01 07:54:04,477 [INFO] PluginManage:310 - Check plugin cadmodel
2026-09-01 07:54:04,483 [INFO] CADModel:105 - Init CAD model plugin
2026-09-01 07:54:04,484 [INFO] PluginManage:359 - Loaded plugin cadmodel (category:power,tabindex:5)
2026-09-01 07:54:04,484 [INFO] PluginManage:310 - Check plugin clock
2026-09-01 07:54:04,496 [INFO] PluginManage:359 - Loaded plugin clock (category:base,tabindex:2)
2026-09-01 07:54:04,496 [INFO] PluginManage:310 - Check plugin ddr
2026-09-01 07:54:04,498 [INFO] PluginManage:359 - Loaded plugin ddr (category:tool,tabindex:6)
2026-09-01 07:54:04,498 [INFO] PluginManage:310 - Check plugin filemanager
2026-09-01 07:54:04,628 [INFO] PluginManage:359 - Loaded plugin filemanager (category:base,tabindex:10)
2026-09-01 07:54:04,628 [INFO] PluginManage:310 - Check plugin ipmanager
2026-09-01 07:54:04,639 [INFO] PluginManage:359 - Loaded plugin ipmanager (category:base,tabindex:5)
2026-09-01 07:54:04,640 [INFO] PluginManage:310 - Check plugin lpbam
2026-09-01 07:54:04,647 [INFO] PluginManage:359 - Loaded plugin lpbam (category:base,tabindex:0)
2026-09-01 07:54:04,647 [INFO] PluginManage:310 - Check plugin memorymap
2026-09-01 07:54:04,658 [INFO] PluginManage:359 - Loaded plugin memorymap (category:base,tabindex:4)
2026-09-01 07:54:04,658 [INFO] PluginManage:310 - Check plugin pinoutandconfiguration
2026-09-01 07:54:04,665 [INFO] PluginManage:359 - Loaded plugin pinoutandconfiguration (category:base,tabindex:1)
2026-09-01 07:54:04,665 [INFO] PluginManage:310 - Check plugin pinoutconfig
2026-09-01 07:54:04,743 [WARN] SupportedApi:132 - Cannot load RTOS API schema: s4s-elt-must-match.1: The content of 'definitions' must match (annotation?, (simpleType | complexType)?, (unique | key | keyref)*)). A problem was found starting at: attribute.
2026-09-01 07:54:04,915 [INFO] PluginManage:359 - Loaded plugin pinoutconfig (category:base,tabindex:0)
2026-09-01 07:54:04,915 [INFO] PluginManage:310 - Check plugin power
2026-09-01 07:54:04,926 [INFO] PluginManage:359 - Loaded plugin power (category:power,tabindex:4)
2026-09-01 07:54:04,926 [INFO] PluginManage:310 - Check plugin projectmanager
2026-09-01 07:54:04,939 [INFO] PluginManage:359 - Loaded plugin projectmanager (category:projectmanager,tabindex:3)
2026-09-01 07:54:04,940 [INFO] PluginManage:310 - Check plugin thirdparty
2026-09-01 07:54:05,042 [INFO] PluginManage:359 - Loaded plugin thirdparty (category:base,tabindex:-1)
2026-09-01 07:54:05,042 [INFO] PluginManage:310 - Check plugin tools
2026-09-01 07:54:05,042 [WARN] IntegrityCheckThread:84 - waiting for thirdparty lock release [integrity check]
2026-09-01 07:54:05,042 [INFO] IntegrityCheckThread:86 - entering critical section [integrity check]
2026-09-01 07:54:05,043 [INFO] ThirdPartyUpdaterWithRetryManager:70 - Updater plugin not ready yet. [1/15]
2026-09-01 07:54:05,046 [INFO] PluginManage:359 - Loaded plugin tools (category:base,tabindex:7)
2026-09-01 07:54:05,046 [INFO] PluginManage:310 - Check plugin tutovideos
2026-09-01 07:54:05,164 [INFO] PluginManage:359 - Loaded plugin tutovideos (category:base,tabindex:-1)
2026-09-01 07:54:05,164 [INFO] PluginManage:310 - Check plugin updater
2026-09-01 07:54:05,174 [INFO] PluginManage:359 - Loaded plugin updater (category:base,tabindex:12)
2026-09-01 07:54:05,175 [INFO] PluginManage:310 - Check plugin userauth
2026-09-01 07:54:05,179 [INFO] UserAuth:114 - Init User Auth plugin
2026-09-01 07:54:05,179 [INFO] PluginManage:359 - Loaded plugin userauth (category:base,tabindex:14)
2026-09-01 07:54:05,180 [INFO] PluginManage:283 - PluginManage : Loaded plugins [17]
2026-09-01 07:54:05,359 [INFO] PinOutPanel:1499 - setPackage(No Configuration,No Configuration)
2026-09-01 07:54:05,436 [INFO] CADModel:165 - CPN selected for project level
2026-09-01 07:54:05,436 [INFO] CADModel:114 - Register for checkConnection events
2026-09-01 07:54:05,451 [INFO] IPUIPlugin:80 - create IPUIPlugin
2026-09-01 07:54:05,451 [INFO] PluginManager:220 - loadIPPluginJar : add adc
2026-09-01 07:54:05,454 [INFO] IPUIPlugin:80 - create IPUIPlugin
2026-09-01 07:54:05,454 [INFO] PluginManager:220 - loadIPPluginJar : add aes
2026-09-01 07:54:05,456 [INFO] IPUIPlugin:80 - create IPUIPlugin
2026-09-01 07:54:05,456 [INFO] PluginManager:220 - loadIPPluginJar : add can
2026-09-01 07:54:05,458 [INFO] IPUIPlugin:80 - create IPUIPlugin
2026-09-01 07:54:05,458 [INFO] PluginManager:220 - loadIPPluginJar : add comp
2026-09-01 07:54:05,460 [INFO] IPUIPlugin:80 - create IPUIPlugin
2026-09-01 07:54:05,460 [INFO] PluginManager:220 - loadIPPluginJar : add cryp
2026-09-01 07:54:05,463 [INFO] IPUIPlugin:80 - create IPUIPlugin
2026-09-01 07:54:05,463 [INFO] PluginManager:220 - loadIPPluginJar : add dfsdm
2026-09-01 07:54:05,468 [INFO] IPUIPlugin:80 - create IPUIPlugin
2026-09-01 07:54:05,468 [INFO] PluginManager:220 - loadIPPluginJar : add dma
2026-09-01 07:54:05,471 [INFO] IPUIPlugin:80 - create IPUIPlugin
2026-09-01 07:54:05,471 [INFO] PluginManager:220 - loadIPPluginJar : add dma3
2026-09-01 07:54:05,472 [INFO] IPUIPlugin:80 - create IPUIPlugin
2026-09-01 07:54:05,472 [INFO] PluginManager:220 - loadIPPluginJar : add fatfs
2026-09-01 07:54:05,475 [INFO] IPUIPlugin:80 - create IPUIPlugin
2026-09-01 07:54:05,475 [INFO] PluginManager:220 - loadIPPluginJar : add fmc
2026-09-01 07:54:05,480 [INFO] IPUIPlugin:80 - create IPUIPlugin
2026-09-01 07:54:05,480 [INFO] PluginManager:220 - loadIPPluginJar : add freertos
2026-09-01 07:54:05,481 [INFO] IPUIPlugin:80 - create IPUIPlugin
2026-09-01 07:54:05,481 [INFO] PluginManager:220 - loadIPPluginJar : add genericplugin
2026-09-01 07:54:05,482 [INFO] IPUIPlugin:80 - create IPUIPlugin
2026-09-01 07:54:05,483 [INFO] PluginManager:220 - loadIPPluginJar : add gfxmmu
2026-09-01 07:54:05,486 [INFO] IPUIPlugin:80 - create IPUIPlugin
2026-09-01 07:54:05,486 [INFO] PluginManager:220 - loadIPPluginJar : add gic
2026-09-01 07:54:05,489 [INFO] IPUIPlugin:80 - create IPUIPlugin
2026-09-01 07:54:05,489 [INFO] PluginManager:220 - loadIPPluginJar : add gpio
2026-09-01 07:54:05,492 [INFO] IPUIPlugin:80 - create IPUIPlugin
2026-09-01 07:54:05,492 [INFO] PluginManager:220 - loadIPPluginJar : add gtzc
2026-09-01 07:54:05,495 [INFO] IPUIPlugin:80 - create IPUIPlugin
2026-09-01 07:54:05,495 [INFO] PluginManager:220 - loadIPPluginJar : add hash
2026-09-01 07:54:05,497 [INFO] IPUIPlugin:80 - create IPUIPlugin
2026-09-01 07:54:05,497 [INFO] PluginManager:220 - loadIPPluginJar : add i2c
2026-09-01 07:54:05,498 [INFO] IPUIPlugin:80 - create IPUIPlugin
2026-09-01 07:54:05,498 [INFO] PluginManager:220 - loadIPPluginJar : add i2s
2026-09-01 07:54:05,500 [INFO] IPUIPlugin:80 - create IPUIPlugin
2026-09-01 07:54:05,500 [INFO] PluginManager:220 - loadIPPluginJar : add i3c
2026-09-01 07:54:05,502 [INFO] IPUIPlugin:80 - create IPUIPlugin
2026-09-01 07:54:05,502 [INFO] PluginManager:220 - loadIPPluginJar : add ipddr
2026-09-01 07:54:05,507 [INFO] IPUIPlugin:80 - create IPUIPlugin
2026-09-01 07:54:05,507 [INFO] PluginManager:220 - loadIPPluginJar : add linkedlist
2026-09-01 07:54:05,509 [INFO] IPUIPlugin:80 - create IPUIPlugin
2026-09-01 07:54:05,509 [INFO] PluginManager:220 - loadIPPluginJar : add lorawan
2026-09-01 07:54:05,511 [INFO] IPUIPlugin:80 - create IPUIPlugin
2026-09-01 07:54:05,511 [INFO] PluginManager:220 - loadIPPluginJar : add ltdc
2026-09-01 07:54:05,515 [INFO] IPUIPlugin:80 - create IPUIPlugin
2026-09-01 07:54:05,515 [INFO] PluginManager:220 - loadIPPluginJar : add mdma
2026-09-01 07:54:05,518 [INFO] IPUIPlugin:80 - create IPUIPlugin
2026-09-01 07:54:05,518 [INFO] PluginManager:220 - loadIPPluginJar : add nvic
2026-09-01 07:54:05,519 [INFO] IPUIPlugin:80 - create IPUIPlugin
2026-09-01 07:54:05,519 [INFO] PluginManager:220 - loadIPPluginJar : add opamp
2026-09-01 07:54:05,521 [INFO] IPUIPlugin:80 - create IPUIPlugin
2026-09-01 07:54:05,521 [INFO] PluginManager:220 - loadIPPluginJar : add openamp
2026-09-01 07:54:05,524 [INFO] IPUIPlugin:80 - create IPUIPlugin
2026-09-01 07:54:05,524 [INFO] PluginManager:220 - loadIPPluginJar : add pdm2pcm
2026-09-01 07:54:05,528 [INFO] IPUIPlugin:80 - create IPUIPlugin
2026-09-01 07:54:05,529 [INFO] PluginManager:220 - loadIPPluginJar : add plateformsettings
2026-09-01 07:54:05,531 [INFO] IPUIPlugin:80 - create IPUIPlugin
2026-09-01 07:54:05,531 [INFO] PluginManager:220 - loadIPPluginJar : add quadspi
2026-09-01 07:54:05,535 [INFO] IPUIPlugin:80 - create IPUIPlugin
2026-09-01 07:54:05,535 [INFO] PluginManager:220 - loadIPPluginJar : add resmgrutility
2026-09-01 07:54:05,538 [INFO] IPUIPlugin:80 - create IPUIPlugin
2026-09-01 07:54:05,538 [INFO] PluginManager:220 - loadIPPluginJar : add sai
2026-09-01 07:54:05,540 [INFO] IPUIPlugin:80 - create IPUIPlugin
2026-09-01 07:54:05,540 [INFO] PluginManager:220 - loadIPPluginJar : add spi
2026-09-01 07:54:05,544 [INFO] IPUIPlugin:80 - create IPUIPlugin
2026-09-01 07:54:05,544 [INFO] PluginManager:220 - loadIPPluginJar : add stm32_wpan
2026-09-01 07:54:05,546 [INFO] IPUIPlugin:80 - create IPUIPlugin
2026-09-01 07:54:05,546 [INFO] PluginManager:220 - loadIPPluginJar : add tim
2026-09-01 07:54:05,548 [INFO] IPUIPlugin:80 - create IPUIPlugin
2026-09-01 07:54:05,548 [INFO] PluginManager:220 - loadIPPluginJar : add touchsensing
2026-09-01 07:54:05,550 [INFO] IPUIPlugin:80 - create IPUIPlugin
2026-09-01 07:54:05,550 [INFO] PluginManager:220 - loadIPPluginJar : add tracer_emb
2026-09-01 07:54:05,552 [INFO] IPUIPlugin:80 - create IPUIPlugin
2026-09-01 07:54:05,552 [INFO] PluginManager:220 - loadIPPluginJar : add ts
2026-09-01 07:54:05,553 [INFO] IPUIPlugin:80 - create IPUIPlugin
2026-09-01 07:54:05,553 [INFO] PluginManager:220 - loadIPPluginJar : add tsc
2026-09-01 07:54:05,555 [INFO] IPUIPlugin:80 - create IPUIPlugin
2026-09-01 07:54:05,555 [INFO] PluginManager:220 - loadIPPluginJar : add ucpd
2026-09-01 07:54:05,557 [INFO] IPUIPlugin:80 - create IPUIPlugin
2026-09-01 07:54:05,557 [INFO] PluginManager:220 - loadIPPluginJar : add usart
2026-09-01 07:54:05,560 [INFO] IPUIPlugin:80 - create IPUIPlugin
2026-09-01 07:54:05,560 [INFO] PluginManager:220 - loadIPPluginJar : add usbx
2026-09-01 07:54:05,685 [INFO] CADModel:165 - CPN selected for project level
2026-09-01 07:54:05,686 [INFO] CADModel:114 - Register for checkConnection events
2026-09-01 07:54:05,686 [FATAL] Updater:308 - Updater called before beeing initialized
2026-09-01 07:54:05,686 [ERROR] CADModel:125 - Updater not yet initialized, retry later 
2026-09-01 07:54:05,787 [INFO] CADModel:165 - CPN selected for project level
2026-09-01 07:54:05,787 [INFO] CADModel:114 - Register for checkConnection events
2026-09-01 07:54:05,788 [FATAL] Updater:308 - Updater called before beeing initialized
2026-09-01 07:54:05,788 [ERROR] CADModel:125 - Updater not yet initialized, retry later 
2026-09-01 07:54:05,791 [FATAL] Updater:308 - Updater called before beeing initialized
2026-09-01 07:54:05,886 [FATAL] Updater:308 - Updater called before beeing initialized
2026-09-01 07:54:05,890 [INFO] DbMcusAds:53 - JSON generation date=Thu Jan 08 16:56:32 CET 2026 (1767887792457)
2026-09-01 07:54:05,890 [FATAL] Updater:308 - Updater called before beeing initialized
2026-09-01 07:54:05,921 [WARN] DetailPanel:346 - Failed to get advertising image, set to default
2026-09-01 07:54:05,989 [FATAL] Updater:308 - Updater called before beeing initialized
2026-09-01 07:54:05,992 [FATAL] Updater:308 - Updater called before beeing initialized
2026-09-01 07:54:05,992 [FATAL] Updater:308 - Updater called before beeing initialized
2026-09-01 07:54:05,992 [WARN] DetailPanel:346 - Failed to get advertising image, set to default
2026-09-01 07:54:05,992 [FATAL] Updater:308 - Updater called before beeing initialized
2026-09-01 07:54:06,039 [ERROR] Updater:1120 - MainUpdater not yet initialized. External WinMGr cannot be set.
2026-09-01 07:54:06,041 [INFO] Updater:1056 - Updater Version found : 6.10.0
2026-09-01 07:54:06,059 [INFO] ApplicationProperties:184 - Using Application install path: C:\Program Files (x86)\STM32CubeIDE_1.14.1\plugins\com.st.stm32cube.common.mx_6.10.0.202311202037
2026-09-01 07:54:06,277 [INFO] MainUpdater:2873 - connection check result : 10
2026-09-01 07:54:06,277 [INFO] MainUpdater:3567 - Updater definition file requires update
2026-09-01 07:54:06,278 [INFO] MainUpdater:290 - Updater Check For Update Now.
2026-09-01 07:54:06,278 [INFO] MicroXplorer:498 - Change Database Version : DB.6.0.100
2026-09-01 07:54:06,285 [INFO] McuFinderGlobals:63 - Set McuFinder mode to 2 (CubeIDE integrated)
2026-09-01 07:54:06,352 [INFO] ServerAccessManage:473 - Download File updaters.zip
2026-09-01 07:54:06,579 [INFO] FileExtend:240 - Unzip File : updaters.zip
2026-09-01 07:54:06,580 [INFO] FileExtend:255 - Standard Zip Deflate
2026-09-01 07:54:06,585 [INFO] UserAuth:404 - Internet connection configuration mode: 1
2026-09-01 07:54:06,607 [INFO] JxBrowserEngine:152 - Initiate JxBrowser Engine with user profile folder
2026-09-01 07:54:07,237 [INFO] ServerAccessManage:473 - Download File PacksControlFlags.xml
2026-09-01 07:54:07,399 [INFO] ServerAccessManage:473 - Download File cubemx.pidx
2026-09-01 07:54:07,695 [INFO] WebApp:161 - Instantiating new browser for Auth
2026-09-01 07:54:07,928 [INFO] ServerAccessManage:473 - Download File STMicroelectronics.FP-SNS-STAIOTCFT.pdsc
2026-09-01 07:54:08,044 [WARN] MainUpdater:1194 - Updater busy. Cannot search thirdparties
2026-09-01 07:54:08,044 [INFO] ThirdPartyUpdaterWithRetryManager:96 - Updater plugin is busy. [1/15]
2026-09-01 07:54:08,343 [INFO] ServerAccessManage:473 - Download File STMicroelectronics.X-CUBE-FREERTOS.pdsc
2026-09-01 07:54:08,535 [INFO] WebApp:780 - Register for checkConnection events
2026-09-01 07:54:08,535 [INFO] WebApp:414 - Apply proxy settings
2026-09-01 07:54:08,536 [INFO] WebApp:499 - Chromium requires no authentication
2026-09-01 07:54:08,544 [INFO] WebApp:442 - Direct internet connection detected
2026-09-01 07:54:08,706 [INFO] WebApp:192 - Starting web application
2026-09-01 07:54:08,706 [INFO] WebApp:544 - Web application path used C:\Program Files (x86)\STM32CubeIDE_1.14.1\plugins\com.st.stm32cube.common.mx_6.10.0.202311202037\db\plugins\mcufinder\reactClient1\index.html
2026-09-01 07:54:08,984 [INFO] ServerAccessManage:473 - Download File STMicroelectronics.X-CUBE-MEMS1.pdsc
2026-09-01 07:54:11,047 [WARN] MainUpdater:1194 - Updater busy. Cannot search thirdparties
2026-09-01 07:54:11,047 [INFO] ThirdPartyUpdaterWithRetryManager:96 - Updater plugin is busy. [2/15]
2026-09-01 07:54:11,803 [INFO] ServerAccessManage:473 - Download File WES.I-CUBE-Cesium.pdsc
2026-09-01 07:54:12,474 [ERROR] ServerAccessManage:1089 - Problem, file not found on Server
2026-09-01 07:54:12,718 [ERROR] ServerAccessManage:1089 - Problem, file not found on Server
2026-09-01 07:54:12,810 [WARN] PopulateThirdPartyThread:106 - Error when creating pack: C:/Users/tka008729/.stm32cubemx/thirdparties/pdsc/STMicroelectronics.FP-SNS-STAIOTCFT.pdsc
2026-09-01 07:54:12,813 [WARN] PopulateThirdPartyThread:106 - Error when creating pack: C:/Users/tka008729/.stm32cubemx/thirdparties/pdsc/STMicroelectronics.X-CUBE-FREERTOS.pdsc
2026-09-01 07:54:12,898 [WARN] PackLoader:240 - Cannot read IP mode file for STMicroelectronics.X-CUBE-MEMS1.13.0.0
2026-09-01 07:54:12,956 [INFO] CheckServerUpdateThread:120 - End of CheckServer Thread
2026-09-01 07:54:12,966 [WARN] PopulateThirdPartyThread:106 - Error when creating pack: C:/Users/tka008729/.stm32cubemx/thirdparties/pdsc/WES.I-CUBE-Cesium.pdsc
2026-09-01 07:54:12,966 [INFO] PopulateThirdPartyThread:66 - Ending populate Thread
2026-09-01 07:54:12,967 [INFO] ThirdParty:1030 - CMSIS Pack Vendor :STMicroelectronics X-CUBE-MEMS1 13.0.0
2026-09-01 07:54:12,967 [INFO] LoadServerUpdatesThread:375 - End of LoadServerUpdate Thread
2026-09-01 07:54:14,229 [WARN] PackLoader:240 - Cannot read IP mode file for STMicroelectronics.X-CUBE-AZRTOS-H7.3.5.0
2026-09-01 07:54:14,235 [WARN] PackLoader:240 - Cannot read IP mode file for STMicroelectronics.FP-SNS-MOTENVWB1.1.4.0
2026-09-01 07:54:14,241 [WARN] PackLoader:240 - Cannot read IP mode file for STMicroelectronics.FP-ATR-ASTRA1.2.0.3
2026-09-01 07:54:14,245 [WARN] PackLoader:240 - Cannot read IP mode file for STMicroelectronics.FP-ATR-ASTRA1.2.0.2
2026-09-01 07:54:14,247 [ERROR] Engine:466 - C:\Users\tka008729\.stm32cubemx\thirdparties\pdsc\STMicroelectronics.X-CUBE-SMBUS.2.1.1.pdsc: PDSC version is not supported
2026-09-01 07:54:14,252 [WARN] PackLoader:240 - Cannot read IP mode file for STMicroelectronics.X-CUBE-SMBUS.2.1.0
2026-09-01 07:54:14,260 [WARN] PackLoader:240 - Cannot read IP mode file for STMicroelectronics.X-CUBE-AZRTOS-F7.1.1.0
2026-09-01 07:54:14,264 [ERROR] Engine:466 - C:\Users\tka008729\.stm32cubemx\thirdparties\pdsc\STMicroelectronics.X-CUBE-FREERTOS.1.6.0.pdsc: PDSC version is not supported
2026-09-01 07:54:14,266 [ERROR] Engine:466 - C:\Users\tka008729\.stm32cubemx\thirdparties\pdsc\STMicroelectronics.FP-SNS-MOTENV1.5.1.0.pdsc: PDSC version is not supported
2026-09-01 07:54:14,280 [WARN] PackLoader:240 - Cannot read IP mode file for STMicroelectronics.X-CUBE-AZRTOS-H7RS.1.3.0
2026-09-01 07:54:14,283 [ERROR] Engine:466 - C:\Users\tka008729\.stm32cubemx\thirdparties\pdsc\WES.I-CUBE-Cesium.1.4.0.pdsc: PDSC version is not supported
2026-09-01 07:54:14,297 [WARN] PackLoader:240 - Cannot read IP mode file for STMicroelectronics.X-CUBE-AZRTOS-H7.3.4.0
2026-09-01 07:54:14,305 [WARN] PackLoader:240 - Cannot read IP mode file for STMicroelectronics.X-CUBE-DISPLAY.3.0.0
2026-09-01 07:54:14,311 [WARN] PackLoader:240 - Cannot read IP mode file for STMicroelectronics.X-CUBE-GNSS1.7.1.1
2026-09-01 07:54:14,313 [ERROR] Engine:466 - C:\Users\tka008729\.stm32cubemx\thirdparties\pdsc\STMicroelectronics.FP-SNS-MOTENVWB1.1.5.0.pdsc: PDSC version is not supported
2026-09-01 07:54:14,319 [WARN] PackLoader:240 - Cannot read IP mode file for STMicroelectronics.X-CUBE-NFC10.1.0.0
2026-09-01 07:54:14,324 [ERROR] Engine:466 - C:\Users\tka008729\.stm32cubemx\thirdparties\pdsc\STMicroelectronics.X-CUBE-ST60.1.1.0.pdsc: PDSC version is not supported
2026-09-01 07:54:14,330 [WARN] PackLoader:240 - Cannot read IP mode file for emotas.I-CUBE-CANOPEN.1.3.0
2026-09-01 07:54:14,333 [ERROR] Engine:466 - C:\Users\tka008729\.stm32cubemx\thirdparties\pdsc\STMicroelectronics.X-CUBE-WBA.1.1.0.pdsc: PDSC version is not supported
2026-09-01 07:54:14,336 [WARN] PackLoader:240 - Cannot read IP mode file for STMicroelectronics.X-CUBE-GNSS1.7.1.0
2026-09-01 07:54:14,340 [ERROR] Engine:466 - C:\Users\tka008729\.stm32cubemx\thirdparties\pdsc\STMicroelectronics.FP-SNS-STBOX1.2.1.0.pdsc: PDSC version is not supported
2026-09-01 07:54:14,345 [WARN] PackLoader:240 - Cannot read IP mode file for STMicroelectronics.FP-SNS-SMARTAG2.1.2.0
2026-09-01 07:54:14,348 [ERROR] Engine:466 - C:\Users\tka008729\.stm32cubemx\thirdparties\pdsc\STMicroelectronics.FP-SNS-FLIGHT1.5.1.0.pdsc: PDSC version is not supported
2026-09-01 07:54:14,354 [INFO] LogOutputStream:77 - [STDOUT_REDIRECT] 1 : Invalid condition id : UX_CORESTACK_Condition cause : null
2026-09-01 07:54:14,355 [INFO] LogOutputStream:77 - [STDOUT_REDIRECT] 1 : Invalid condition id : UX_CORESTACK_Condition cause : null
2026-09-01 07:54:14,355 [INFO] LogOutputStream:77 - [STDOUT_REDIRECT] 1 : Invalid condition id : UX_CORESTACK_Condition cause : null
2026-09-01 07:54:14,356 [INFO] LogOutputStream:77 - [STDOUT_REDIRECT] 1 : Invalid condition id : UX_CORESTACK_Condition cause : null
2026-09-01 07:54:14,357 [INFO] LogOutputStream:77 - [STDOUT_REDIRECT] 1 : Invalid condition id : UX_CORESTACK_Condition cause : null
2026-09-01 07:54:14,359 [WARN] PackLoader:240 - Cannot read IP mode file for STMicroelectronics.X-CUBE-AZRTOS-WL.2.0.0
2026-09-01 07:54:14,371 [WARN] PackLoader:240 - Cannot read IP mode file for STMicroelectronics.X-CUBE-AZRTOS-H7RS.1.2.0
2026-09-01 07:54:14,376 [WARN] PackLoader:240 - Cannot read IP mode file for STMicroelectronics.X-CUBE-BLE2.3.3.0
2026-09-01 07:54:14,378 [ERROR] Engine:466 - C:\Users\tka008729\.stm32cubemx\thirdparties\pdsc\Avnet-IOTCONNECT.X-CUBE-iotc-st67-sdk.1.0.0.pdsc: PDSC version is not supported
2026-09-01 07:54:14,390 [WARN] PackLoader:240 - Cannot read IP mode file for Infineon.AIROC-Wi-Fi-Bluetooth-STM32.1.8.0
2026-09-01 07:54:14,398 [WARN] PackLoader:240 - Cannot read IP mode file for STMicroelectronics.X-CUBE-NFC9.1.0.0
2026-09-01 07:54:14,404 [WARN] PackLoader:240 - Cannot read IP mode file for STMicroelectronics.X-CUBE-BLE1.7.1.0
2026-09-01 07:54:14,409 [WARN] PackLoader:240 - Cannot read IP mode file for wolfSSL.I-CUBE-wolfMQTT.1.19.2
2026-09-01 07:54:14,413 [ERROR] Engine:466 - C:\Users\tka008729\.stm32cubemx\thirdparties\pdsc\STMicroelectronics.X-CUBE-FREERTOS.1.4.0.pdsc: PDSC version is not supported
2026-09-01 07:54:14,419 [WARN] PackLoader:240 - Cannot read IP mode file for STMicroelectronics.X-CUBE-EEPRMA1.5.2.0
2026-09-01 07:54:14,426 [WARN] PackLoader:240 - Cannot read IP mode file for wolfSSL.I-CUBE-wolfSSL.5.8.4
2026-09-01 07:54:14,428 [ERROR] Engine:466 - C:\Users\tka008729\.stm32cubemx\thirdparties\pdsc\Cesanta.I-CUBE-Mongoose.7.20.0.pdsc: PDSC version is not supported
2026-09-01 07:54:14,431 [ERROR] Engine:466 - C:\Users\tka008729\.stm32cubemx\thirdparties\pdsc\STMicroelectronics.X-CUBE-ST67W61.1.1.0.pdsc: PDSC version is not supported
2026-09-01 07:54:14,434 [ERROR] Engine:466 - C:\Users\tka008729\.stm32cubemx\thirdparties\pdsc\STMicroelectronics.FP-SNS-STAIOTCFT.1.1.0.pdsc: PDSC version is not supported
2026-09-01 07:54:14,458 [WARN] PackLoader:240 - Cannot read IP mode file for STMicroelectronics.X-CUBE-MEMS1.12.0.0
2026-09-01 07:54:14,513 [WARN] PackLoader:240 - Cannot read IP mode file for STMicroelectronics.X-CUBE-AZRTOS-G0.1.1.0
2026-09-01 07:54:14,519 [WARN] PackLoader:240 - Cannot read IP mode file for STMicroelectronics.X-CUBE-NFC4.3.0.0
2026-09-01 07:54:14,533 [WARN] PackLoader:240 - Cannot read IP mode file for EmbeddedOffice.I-CUBE-FS-RTOS.1.0.1
2026-09-01 07:54:14,533 [ERROR] ConditionMgr:805 - Attr not supported : Dmpu
2026-09-01 07:54:14,533 [ERROR] ConditionMgr:805 - Attr not supported : Dmpu
2026-09-01 07:54:14,533 [ERROR] ConditionMgr:805 - Attr not supported : Dmpu
2026-09-01 07:54:14,534 [ERROR] ConditionMgr:805 - Attr not supported : Dmpu
2026-09-01 07:54:14,534 [ERROR] ConditionMgr:805 - Attr not supported : Dmpu
2026-09-01 07:54:14,534 [ERROR] ConditionMgr:805 - Attr not supported : Dmpu
2026-09-01 07:54:14,534 [ERROR] ConditionMgr:805 - Attr not supported : Dmpu
2026-09-01 07:54:14,534 [ERROR] ConditionMgr:805 - Attr not supported : Dmpu
2026-09-01 07:54:14,534 [ERROR] ConditionMgr:805 - Attr not supported : Dmpu
2026-09-01 07:54:14,534 [ERROR] ConditionMgr:805 - Attr not supported : Dmpu
2026-09-01 07:54:14,534 [ERROR] ConditionMgr:805 - Attr not supported : Dmpu
2026-09-01 07:54:14,534 [ERROR] ConditionMgr:805 - Attr not supported : Dmpu
2026-09-01 07:54:14,534 [ERROR] ConditionMgr:805 - Attr not supported : Dmpu
2026-09-01 07:54:14,534 [ERROR] ConditionMgr:805 - Attr not supported : Dmpu
2026-09-01 07:54:14,534 [ERROR] ConditionMgr:805 - Attr not supported : Dmpu
2026-09-01 07:54:14,535 [ERROR] ConditionMgr:805 - Attr not supported : Dmpu
2026-09-01 07:54:14,535 [ERROR] ConditionMgr:805 - Attr not supported : Dmpu
2026-09-01 07:54:14,535 [ERROR] ConditionMgr:805 - Attr not supported : Dmpu
2026-09-01 07:54:14,535 [ERROR] ConditionMgr:805 - Attr not supported : Dmpu
2026-09-01 07:54:14,535 [ERROR] ConditionMgr:805 - Attr not supported : Dmpu
2026-09-01 07:54:14,535 [ERROR] ConditionMgr:805 - Attr not supported : Dmpu
2026-09-01 07:54:14,535 [ERROR] ConditionMgr:805 - Attr not supported : Dmpu
2026-09-01 07:54:14,535 [ERROR] ConditionMgr:805 - Attr not supported : Dmpu
2026-09-01 07:54:14,535 [ERROR] ConditionMgr:805 - Attr not supported : Dmpu
2026-09-01 07:54:14,535 [ERROR] ConditionMgr:805 - Attr not supported : Dmpu
2026-09-01 07:54:14,535 [ERROR] ConditionMgr:805 - Attr not supported : Dmpu
2026-09-01 07:54:14,535 [ERROR] ConditionMgr:805 - Attr not supported : Dmpu
2026-09-01 07:54:14,535 [ERROR] ConditionMgr:805 - Attr not supported : Dmpu
2026-09-01 07:54:14,536 [ERROR] ConditionMgr:805 - Attr not supported : Dmpu
2026-09-01 07:54:14,536 [ERROR] ConditionMgr:805 - Attr not supported : Dmpu
2026-09-01 07:54:14,536 [ERROR] ConditionMgr:805 - Attr not supported : Dmpu
2026-09-01 07:54:14,536 [ERROR] ConditionMgr:805 - Attr not supported : Dmpu
2026-09-01 07:54:14,536 [ERROR] ConditionMgr:805 - Attr not supported : Dmpu
2026-09-01 07:54:14,536 [ERROR] ConditionMgr:805 - Attr not supported : Dmpu
2026-09-01 07:54:14,536 [ERROR] ConditionMgr:805 - Attr not supported : Dmpu
2026-09-01 07:54:14,536 [ERROR] ConditionMgr:805 - Attr not supported : Dmpu
2026-09-01 07:54:14,536 [ERROR] ConditionMgr:805 - Attr not supported : Dmpu
2026-09-01 07:54:14,536 [ERROR] ConditionMgr:805 - Attr not supported : Dmpu
2026-09-01 07:54:14,536 [ERROR] ConditionMgr:805 - Attr not supported : Dmpu
2026-09-01 07:54:14,537 [ERROR] ConditionMgr:805 - Attr not supported : Dmpu
2026-09-01 07:54:14,537 [ERROR] ConditionMgr:805 - Attr not supported : Dmpu
2026-09-01 07:54:14,537 [ERROR] ConditionMgr:805 - Attr not supported : Dmpu
2026-09-01 07:54:14,537 [ERROR] ConditionMgr:805 - Attr not supported : Dmpu
2026-09-01 07:54:14,537 [ERROR] ConditionMgr:805 - Attr not supported : Dmpu
2026-09-01 07:54:14,537 [ERROR] ConditionMgr:805 - Attr not supported : Dmpu
2026-09-01 07:54:14,537 [ERROR] ConditionMgr:805 - Attr not supported : Dmpu
2026-09-01 07:54:14,537 [ERROR] ConditionMgr:805 - Attr not supported : Dmpu
2026-09-01 07:54:14,538 [ERROR] ConditionMgr:805 - Attr not supported : Dmpu
2026-09-01 07:54:14,538 [ERROR] ConditionMgr:805 - Attr not supported : Dmpu
2026-09-01 07:54:14,538 [ERROR] ConditionMgr:805 - Attr not supported : Dmpu
2026-09-01 07:54:14,538 [ERROR] ConditionMgr:805 - Attr not supported : Dmpu
2026-09-01 07:54:14,538 [ERROR] ConditionMgr:805 - Attr not supported : Dmpu
2026-09-01 07:54:14,538 [ERROR] ConditionMgr:805 - Attr not supported : Dmpu
2026-09-01 07:54:14,539 [ERROR] ConditionMgr:805 - Attr not supported : Dmpu
2026-09-01 07:54:14,539 [ERROR] ConditionMgr:805 - Attr not supported : Dmpu
2026-09-01 07:54:14,539 [ERROR] ConditionMgr:805 - Attr not supported : Dmpu
2026-09-01 07:54:14,539 [ERROR] ConditionMgr:805 - Attr not supported : Dmpu
2026-09-01 07:54:14,539 [ERROR] ConditionMgr:805 - Attr not supported : Dmpu
2026-09-01 07:54:14,539 [ERROR] ConditionMgr:805 - Attr not supported : Dmpu
2026-09-01 07:54:14,539 [ERROR] ConditionMgr:805 - Attr not supported : Dmpu
2026-09-01 07:54:14,540 [ERROR] ConditionMgr:805 - Attr not supported : Dmpu
2026-09-01 07:54:14,540 [ERROR] ConditionMgr:805 - Attr not supported : Dmpu
2026-09-01 07:54:14,540 [ERROR] ConditionMgr:805 - Attr not supported : Dmpu
2026-09-01 07:54:14,540 [ERROR] ConditionMgr:805 - Attr not supported : Dmpu
2026-09-01 07:54:14,547 [WARN] PackLoader:240 - Cannot read IP mode file for STMicroelectronics.X-CUBE-WB05N.2.0.0
2026-09-01 07:54:14,552 [WARN] PackLoader:240 - Cannot read IP mode file for wolfSSL.I-CUBE-wolfTPM.3.8.0
2026-09-01 07:54:14,556 [ERROR] Engine:466 - C:\Users\tka008729\.stm32cubemx\thirdparties\pdsc\STMicroelectronics.X-CUBE-TCPP.4.2.0.pdsc: PDSC version is not supported
2026-09-01 07:54:14,561 [WARN] PackLoader:240 - Cannot read IP mode file for RealThread.X-CUBE-RT-Thread_Nano.4.1.1
2026-09-01 07:54:14,566 [WARN] PackLoader:240 - Cannot read IP mode file for STMicroelectronics.FP-ATR-SIGFOX1.3.2.0
2026-09-01 07:54:14,572 [WARN] PackLoader:240 - Cannot read IP mode file for ITTIA_DB.I-CUBE-ITTIADB.8.9.0
2026-09-01 07:54:14,577 [WARN] PackLoader:240 - Cannot read IP mode file for STMicroelectronics.X-CUBE-NFC6.3.2.0
2026-09-01 07:54:14,583 [WARN] PackLoader:240 - Cannot read IP mode file for STMicroelectronics.X-CUBE-AI.10.2.1
2026-09-01 07:54:14,586 [WARN] PackLoader:240 - Cannot read IP mode file for STMicroelectronics.X-CUBE-AI.10.2.0
2026-09-01 07:54:14,612 [WARN] PackLoader:240 - Cannot read IP mode file for STMicroelectronics.X-CUBE-MEMS1.12.1.0
2026-09-01 07:54:14,678 [WARN] PackLoader:240 - Cannot read IP mode file for SEGGER.I-CUBE-embOS.1.3.1
2026-09-01 07:54:14,700 [WARN] PackLoader:240 - Cannot read IP mode file for STMicroelectronics.X-CUBE-ALGOBUILD.1.4.0
2026-09-01 07:54:14,702 [ERROR] Engine:466 - C:\Users\tka008729\.stm32cubemx\thirdparties\pdsc\STMicroelectronics.FP-SNS-STAIOTCFT.2.0.0.pdsc: PDSC version is not supported
2026-09-01 07:54:14,706 [WARN] PackLoader:240 - Cannot read IP mode file for STMicroelectronics.X-CUBE-NFC13.1.0.0
2026-09-01 07:54:14,711 [WARN] PackLoader:240 - Cannot read IP mode file for STMicroelectronics.X-CUBE-PM33A1.1.0.0
2026-09-01 07:54:14,719 [WARN] PackLoader:240 - Cannot read IP mode file for STMicroelectronics.X-CUBE-AZRTOS-F4.1.1.0
2026-09-01 07:54:14,725 [WARN] PackLoader:240 - Cannot read IP mode file for STMicroelectronics.X-CUBE-ISPU.2.1.0
2026-09-01 07:54:14,729 [ERROR] Engine:466 - C:\Users\tka008729\.stm32cubemx\thirdparties\pdsc\STMicroelectronics.X-CUBE-IPS.3.2.0.pdsc: PDSC version is not supported
2026-09-01 07:54:14,731 [ERROR] Engine:466 - C:\Users\tka008729\.stm32cubemx\thirdparties\pdsc\STMicroelectronics.eDS-WB_DPC_TT-BIDIR.2.1.1.pdsc: PDSC version is not supported
2026-09-01 07:54:14,737 [WARN] PackLoader:240 - Cannot read IP mode file for STMicroelectronics.X-CUBE-NFC12.1.0.0
2026-09-01 07:54:14,748 [WARN] PackLoader:240 - Cannot read IP mode file for STMicroelectronics.X-CUBE-AZRTOS-L5.2.0.0
2026-09-01 07:54:14,755 [WARN] PackLoader:240 - Cannot read IP mode file for STMicroelectronics.X-CUBE-NFC6.3.1.0
2026-09-01 07:54:14,761 [WARN] PackLoader:240 - Cannot read IP mode file for STMicroelectronics.X-CUBE-ALGOBUILD.1.5.0
2026-09-01 07:54:14,763 [ERROR] Engine:466 - C:\Users\tka008729\.stm32cubemx\thirdparties\pdsc\STMicroelectronics.eDS-WB_DPC_VIENNA.1.2.0.pdsc: PDSC version is not supported
2026-09-01 07:54:14,785 [WARN] PackLoader:240 - Cannot read IP mode file for STMicroelectronics.X-CUBE-MEMS1.13.0.0
2026-09-01 07:54:14,823 [ERROR] Engine:466 - C:\Users\tka008729\.stm32cubemx\thirdparties\pdsc\STMicroelectronics.eDS-WB_DPC_3PH2L-BIDIR.1.1.1.pdsc: PDSC version is not supported
2026-09-01 07:54:14,827 [ERROR] Engine:466 - C:\Users\tka008729\.stm32cubemx\thirdparties\pdsc\STMicroelectronics.X-CUBE-ST67W61.1.3.0.pdsc: PDSC version is not supported
2026-09-01 07:54:14,831 [WARN] PackLoader:240 - Cannot read IP mode file for STMicroelectronics.X-CUBE-TOUCHGFX.4.26.0
2026-09-01 07:54:14,835 [WARN] PackLoader:240 - Cannot read IP mode file for STMicroelectronics.X-CUBE-TOUCHGFX.4.26.1
2026-09-01 07:54:14,837 [ERROR] Engine:466 - C:\Users\tka008729\.stm32cubemx\thirdparties\pdsc\STMicroelectronics.FP-SNS-STAIOTCFT.1.0.0.pdsc: PDSC version is not supported
2026-09-01 07:54:14,843 [WARN] PackLoader:240 - Cannot read IP mode file for STMicroelectronics.X-CUBE-DPower.1.3.0
2026-09-01 07:54:14,854 [WARN] ConditionMgr:438 - getConditionDescription Invalid condition id : LAN8742 Phy interface Condition cause : null
2026-09-01 07:54:14,855 [WARN] PackLoader:240 - Cannot read IP mode file for STMicroelectronics.X-CUBE-AZRTOS-L4.2.0.0
2026-09-01 07:54:14,856 [WARN] ConditionMgr:1039 - genDependencies : Invalid condition id : LAN8742 Phy interface Condition cause : null
2026-09-01 07:54:14,856 [WARN] ConditionMgr:1039 - genDependencies : Invalid condition id : LAN8742 Phy interface Condition cause : null
2026-09-01 07:54:14,856 [WARN] ConditionMgr:1039 - genDependencies : Invalid condition id : LAN8742 Phy interface Condition cause : null
2026-09-01 07:54:14,861 [WARN] PackLoader:240 - Cannot read IP mode file for STMicroelectronics.X-CUBE-SFXS2LP1.4.0.0
2026-09-01 07:54:14,865 [WARN] PackLoader:240 - Cannot read IP mode file for STMicroelectronics.X-CUBE-WB05N.2.1.0
2026-09-01 07:54:14,868 [ERROR] Engine:466 - C:\Users\tka008729\.stm32cubemx\thirdparties\pdsc\STMicroelectronics.X-CUBE-ST67W61.1.2.0.pdsc: PDSC version is not supported
2026-09-01 07:54:14,872 [ERROR] Engine:466 - C:\Users\tka008729\.stm32cubemx\thirdparties\pdsc\STMicroelectronics.X-CUBE-BLEMGR.4.1.0.pdsc: PDSC version is not supported
2026-09-01 07:54:14,881 [WARN] ConditionMgr:438 - getConditionDescription Invalid condition id : UX DEVICE CLASS RTOS Condition cause : null
2026-09-01 07:54:14,881 [WARN] ConditionMgr:438 - getConditionDescription Invalid condition id : UX DEVICE CLASS RTOS Condition cause : null
2026-09-01 07:54:14,882 [WARN] PackLoader:240 - Cannot read IP mode file for STMicroelectronics.X-CUBE-AZRTOS-WB.2.0.0
2026-09-01 07:54:14,883 [WARN] ConditionMgr:1039 - genDependencies : Invalid condition id : UX DEVICE CLASS RTOS Condition cause : null
2026-09-01 07:54:14,883 [WARN] ConditionMgr:1039 - genDependencies : Invalid condition id : UX DEVICE CLASS RTOS Condition cause : null
2026-09-01 07:54:14,883 [WARN] ConditionMgr:1039 - genDependencies : Invalid condition id : UX DEVICE CLASS RTOS Condition cause : null
2026-09-01 07:54:14,883 [WARN] ConditionMgr:1039 - genDependencies : Invalid condition id : UX DEVICE CLASS RTOS Condition cause : null
2026-09-01 07:54:14,883 [WARN] ConditionMgr:1039 - genDependencies : Invalid condition id : UX DEVICE CLASS RTOS Condition cause : null
2026-09-01 07:54:14,888 [WARN] ConditionMgr:438 - getConditionDescription Invalid condition id : Cortex-A Device cause : null
2026-09-01 07:54:14,900 [WARN] ConditionMgr:1039 - genDependencies : Invalid condition id : Cortex-A Device cause : null
2026-09-01 07:54:14,900 [WARN] ConditionMgr:1039 - genDependencies : Invalid condition id : Cortex-A Device cause : null
2026-09-01 07:54:14,900 [WARN] ConditionMgr:1039 - genDependencies : Invalid condition id : Cortex-A Device cause : null
2026-09-01 07:54:14,907 [WARN] PackLoader:240 - Cannot read IP mode file for STMicroelectronics.X-CUBE-STSE01.2.0.0
2026-09-01 07:54:14,918 [WARN] PackLoader:240 - Cannot read IP mode file for STMicroelectronics.X-CUBE-SUBG2.5.0.0
2026-09-01 07:54:14,930 [WARN] PackLoader:240 - Cannot read IP mode file for STMicroelectronics.X-CUBE-AZRTOS-G4.2.0.0
2026-09-01 07:54:14,935 [WARN] PackLoader:240 - Cannot read IP mode file for wolfSSL.I-CUBE-wolfSSH.1.4.20
2026-09-01 07:54:14,940 [WARN] PackLoader:240 - Cannot read IP mode file for STMicroelectronics.X-CUBE-NFC7.2.0.0
2026-09-01 07:54:14,943 [ERROR] Engine:466 - C:\Users\tka008729\.stm32cubemx\thirdparties\pdsc\STMicroelectronics.X-CUBE-BLEMGR.4.2.0.pdsc: PDSC version is not supported
2026-09-01 07:54:14,947 [WARN] PackLoader:240 - Cannot read IP mode file for STMicroelectronics.X-CUBE-ALS.1.0.2
2026-09-01 07:54:14,952 [WARN] PackLoader:240 - Cannot read IP mode file for STMicroelectronics.X-CUBE-STSE01.1.0.0
2026-09-01 07:54:14,957 [ERROR] Engine:466 - C:\Users\tka008729\.stm32cubemx\thirdparties\pdsc\STMicroelectronics.X-CUBE-TOF1.3.4.3.pdsc: PDSC version is not supported
2026-09-01 07:54:14,957 [INFO] ThirdParty:978 - Integrity check success = true
2026-09-01 07:54:14,957 [INFO] IntegrityCheckThread:100 - exiting critical section [integrity check]
2026-09-01 07:54:14,957 [INFO] IntegrityCheckThread:103 - End integrity checks thread
2026-09-01 07:54:29,061 [ERROR] LogOutputStream:75 - [STDERR_REDIRECT] SLF4J: Failed to load class "org.slf4j.impl.StaticLoggerBinder".
2026-09-01 07:54:29,061 [ERROR] LogOutputStream:75 - [STDERR_REDIRECT] SLF4J: Defaulting to no-operation (NOP) logger implementation
2026-09-01 07:54:29,062 [ERROR] LogOutputStream:75 - [STDERR_REDIRECT] SLF4J: See http://www.slf4j.org/codes.html#StaticLoggerBinder for further details.
