C:/Users/azmib/Desktop/Bachelorarbeit/05Software/STM_Workspace/Pilotix6SC_Measurement/Src/mc_api.c:95:13:MC_StartMotor1	0	static
C:/Users/azmib/Desktop/Bachelorarbeit/05Software/STM_Workspace/Pilotix6SC_Measurement/Src/mc_api.c:115:13:MC_StopMotor1	0	static
C:/Users/azmib/Desktop/Bachelorarbeit/05Software/STM_Workspace/Pilotix6SC_Measurement/Src/mc_api.c:150:13:MC_ProgramSpeedRampMotor1	4	static
C:/Users/azmib/Desktop/Bachelorarbeit/05Software/STM_Workspace/Pilotix6SC_Measurement/Src/mc_api.c:167:28:MC_GetCommandStateMotor1	0	static
C:/Users/azmib/Desktop/Bachelorarbeit/05Software/STM_Workspace/Pilotix6SC_Measurement/Src/mc_api.c:182:13:MC_StopSpeedRampMotor1	0	static
C:/Users/azmib/Desktop/Bachelorarbeit/05Software/STM_Workspace/Pilotix6SC_Measurement/Src/mc_api.c:193:13:MC_StopRampMotor1	0	static
C:/Users/azmib/Desktop/Bachelorarbeit/05Software/STM_Workspace/Pilotix6SC_Measurement/Src/mc_api.c:201:13:MC_HasRampCompletedMotor1	0	static
C:/Users/azmib/Desktop/Bachelorarbeit/05Software/STM_Workspace/Pilotix6SC_Measurement/Src/mc_api.c:209:16:MC_GetMecSpeedReferenceMotor1	0	static
C:/Users/azmib/Desktop/Bachelorarbeit/05Software/STM_Workspace/Pilotix6SC_Measurement/Src/mc_api.c:217:16:MC_GetMecSpeedReferenceMotor1_F	0	static
C:/Users/azmib/Desktop/Bachelorarbeit/05Software/STM_Workspace/Pilotix6SC_Measurement/Src/mc_api.c:225:16:MC_GetMecSpeedAverageMotor1	0	static
C:/Users/azmib/Desktop/Bachelorarbeit/05Software/STM_Workspace/Pilotix6SC_Measurement/Src/mc_api.c:233:16:MC_GetAverageMecSpeedMotor1_F	0	static
C:/Users/azmib/Desktop/Bachelorarbeit/05Software/STM_Workspace/Pilotix6SC_Measurement/Src/mc_api.c:241:16:MC_GetLastRampFinalSpeedMotor1	0	static
C:/Users/azmib/Desktop/Bachelorarbeit/05Software/STM_Workspace/Pilotix6SC_Measurement/Src/mc_api.c:249:16:MC_GetLastRampFinalSpeedM1_F	0	static
C:/Users/azmib/Desktop/Bachelorarbeit/05Software/STM_Workspace/Pilotix6SC_Measurement/Src/mc_api.c:256:25:MC_GetControlModeMotor1	0	static
C:/Users/azmib/Desktop/Bachelorarbeit/05Software/STM_Workspace/Pilotix6SC_Measurement/Src/mc_api.c:272:16:MC_GetImposedDirectionMotor1	0	static
C:/Users/azmib/Desktop/Bachelorarbeit/05Software/STM_Workspace/Pilotix6SC_Measurement/Src/mc_api.c:280:13:MC_GetSpeedSensorReliabilityMotor1	0	static
C:/Users/azmib/Desktop/Bachelorarbeit/05Software/STM_Workspace/Pilotix6SC_Measurement/Src/mc_api.c:293:13:MC_AcknowledgeFaultMotor1	0	static
C:/Users/azmib/Desktop/Bachelorarbeit/05Software/STM_Workspace/Pilotix6SC_Measurement/Src/mc_api.c:307:17:MC_GetOccurredFaultsMotor1	0	static
C:/Users/azmib/Desktop/Bachelorarbeit/05Software/STM_Workspace/Pilotix6SC_Measurement/Src/mc_api.c:321:17:MC_GetCurrentFaultsMotor1	0	static
C:/Users/azmib/Desktop/Bachelorarbeit/05Software/STM_Workspace/Pilotix6SC_Measurement/Src/mc_api.c:329:20:MC_GetSTMStateMotor1	0	static
C:/Users/azmib/Desktop/Bachelorarbeit/05Software/STM_Workspace/Pilotix6SC_Measurement/Src/mc_api.c:337:16:MC_ProfilerCommand	0	static
