C:/Users/azmib/Desktop/Bachelorarbeit/05Software/STM_Workspace/Pilotix6SC_Measurement/Src/mc_interface.c:92:13:MCI_ExecSpeedRamp	0	static
C:/Users/azmib/Desktop/Bachelorarbeit/05Software/STM_Workspace/Pilotix6SC_Measurement/Src/mc_interface.c:142:13:MCI_ExecSpeedRamp_F	8	static
C:/Users/azmib/Desktop/Bachelorarbeit/05Software/STM_Workspace/Pilotix6SC_Measurement/Src/mc_interface.c:335:13:MCI_FaultProcessing	0	static
C:/Users/azmib/Desktop/Bachelorarbeit/05Software/STM_Workspace/Pilotix6SC_Measurement/Src/mc_interface.c:360:13:MCI_ExecBufferedCommands	8	static
C:/Users/azmib/Desktop/Bachelorarbeit/05Software/STM_Workspace/Pilotix6SC_Measurement/Src/mc_interface.c:417:27:MCI_IsCommandAcknowledged	0	static
C:/Users/azmib/Desktop/Bachelorarbeit/05Software/STM_Workspace/Pilotix6SC_Measurement/Src/mc_interface.c:449:20:MCI_GetSTMState	0	static
C:/Users/azmib/Desktop/Bachelorarbeit/05Software/STM_Workspace/Pilotix6SC_Measurement/Src/mc_interface.c:470:17:MCI_GetOccurredFaults	0	static
C:/Users/azmib/Desktop/Bachelorarbeit/05Software/STM_Workspace/Pilotix6SC_Measurement/Src/mc_interface.c:490:17:MCI_GetCurrentFaults	0	static
C:/Users/azmib/Desktop/Bachelorarbeit/05Software/STM_Workspace/Pilotix6SC_Measurement/Src/mc_interface.c:200:13:MCI_StartMotor	8	static
C:/Users/azmib/Desktop/Bachelorarbeit/05Software/STM_Workspace/Pilotix6SC_Measurement/Src/mc_interface.c:245:13:MCI_StopMotor	16	static
C:/Users/azmib/Desktop/Bachelorarbeit/05Software/STM_Workspace/Pilotix6SC_Measurement/Src/mc_interface.c:300:13:MCI_FaultAcknowledged	8	static
C:/Users/azmib/Desktop/Bachelorarbeit/05Software/STM_Workspace/Pilotix6SC_Measurement/Src/mc_interface.c:514:17:MCI_GetFaultState	0	static
C:/Users/azmib/Desktop/Bachelorarbeit/05Software/STM_Workspace/Pilotix6SC_Measurement/Src/mc_interface.c:539:25:MCI_GetControlMode	0	static
C:/Users/azmib/Desktop/Bachelorarbeit/05Software/STM_Workspace/Pilotix6SC_Measurement/Src/mc_interface.c:555:16:MCI_GetImposedMotorDirection	0	static
C:/Users/azmib/Desktop/Bachelorarbeit/05Software/STM_Workspace/Pilotix6SC_Measurement/Src/mc_interface.c:598:16:MCI_GetLastRampFinalSpeed	0	static
C:/Users/azmib/Desktop/Bachelorarbeit/05Software/STM_Workspace/Pilotix6SC_Measurement/Src/mc_interface.c:623:17:MCI_GetLastRampFinalDuration	0	static
C:/Users/azmib/Desktop/Bachelorarbeit/05Software/STM_Workspace/Pilotix6SC_Measurement/Src/mc_interface.c:647:16:MCI_GetLastRampFinalSpeed_F	0	static
C:/Users/azmib/Desktop/Bachelorarbeit/05Software/STM_Workspace/Pilotix6SC_Measurement/Src/mc_interface.c:667:13:MCI_RampCompleted	8	static
C:/Users/azmib/Desktop/Bachelorarbeit/05Software/STM_Workspace/Pilotix6SC_Measurement/Src/mc_interface.c:700:13:MCI_StopSpeedRamp	0	static
C:/Users/azmib/Desktop/Bachelorarbeit/05Software/STM_Workspace/Pilotix6SC_Measurement/Src/mc_interface.c:713:13:MCI_StopRamp	0	static
C:/Users/azmib/Desktop/Bachelorarbeit/05Software/STM_Workspace/Pilotix6SC_Measurement/Src/mc_interface.c:737:13:MCI_GetSpdSensorReliability	0	static
C:/Users/azmib/Desktop/Bachelorarbeit/05Software/STM_Workspace/Pilotix6SC_Measurement/Src/mc_interface.c:764:16:MCI_GetAvrgMecSpeedUnit	0	static
C:/Users/azmib/Desktop/Bachelorarbeit/05Software/STM_Workspace/Pilotix6SC_Measurement/Src/mc_interface.c:788:16:MCI_GetAvrgMecSpeed_F	8	static
C:/Users/azmib/Desktop/Bachelorarbeit/05Software/STM_Workspace/Pilotix6SC_Measurement/Src/mc_interface.c:813:16:MCI_GetMecSpeedRefUnit	0	static
C:/Users/azmib/Desktop/Bachelorarbeit/05Software/STM_Workspace/Pilotix6SC_Measurement/Src/mc_interface.c:828:16:MCI_GetMecSpeedRef_F	0	static
C:/Users/azmib/Desktop/Bachelorarbeit/05Software/STM_Workspace/Pilotix6SC_Measurement/Src/mc_interface.c:838:13:MCI_Clear_PerfMeasure	0	static
