C:/Users/azmib/Desktop/Bachelorarbeit/05Software/STM_Workspace/Pilotix6SC_Measurement/Src/mc_tasks.c:79:13:MCboot	16	static
C:/Users/azmib/Desktop/Bachelorarbeit/05Software/STM_Workspace/Pilotix6SC_Measurement/Src/mc_tasks.c:255:13:TSK_SetChargeBootCapDelayM1	0	static
C:/Users/azmib/Desktop/Bachelorarbeit/05Software/STM_Workspace/Pilotix6SC_Measurement/Src/mc_tasks.c:266:13:TSK_SetBrakeDelayM1	0	static
C:/Users/azmib/Desktop/Bachelorarbeit/05Software/STM_Workspace/Pilotix6SC_Measurement/Src/mc_tasks.c:277:13:TSK_SetOTFDetectionDelayM1	0	static
C:/Users/azmib/Desktop/Bachelorarbeit/05Software/STM_Workspace/Pilotix6SC_Measurement/Src/mc_tasks.c:288:13:TSK_ChargeBootCapDelayHasElapsedM1	0	static
C:/Users/azmib/Desktop/Bachelorarbeit/05Software/STM_Workspace/Pilotix6SC_Measurement/Src/mc_tasks.c:304:13:TSK_SetStopPermanencyTimeM1	0	static
C:/Users/azmib/Desktop/Bachelorarbeit/05Software/STM_Workspace/Pilotix6SC_Measurement/Src/mc_tasks.c:315:13:TSK_StopPermanencyTimeHasElapsedM1	0	static
C:/Users/azmib/Desktop/Bachelorarbeit/05Software/STM_Workspace/Pilotix6SC_Measurement/Src/mc_tasks.c:331:13:TSK_BrakeDelayHasElapsedM1	0	static
C:/Users/azmib/Desktop/Bachelorarbeit/05Software/STM_Workspace/Pilotix6SC_Measurement/Src/mc_tasks.c:347:13:TSK_OTFDetectionDelayHasElapsedM1	0	static
C:/Users/azmib/Desktop/Bachelorarbeit/05Software/STM_Workspace/Pilotix6SC_Measurement/Src/mc_tasks.c:385:13:TSK_SafetyTask_PWMOFF	24	static
C:/Users/azmib/Desktop/Bachelorarbeit/05Software/STM_Workspace/Pilotix6SC_Measurement/Src/mc_tasks.c:362:13:TSK_SafetyTask	8	static
C:/Users/azmib/Desktop/Bachelorarbeit/05Software/STM_Workspace/Pilotix6SC_Measurement/Src/mc_tasks.c:150:13:MC_RunMotorControlTasks	16	static
C:/Users/azmib/Desktop/Bachelorarbeit/05Software/STM_Workspace/Pilotix6SC_Measurement/Src/mc_tasks.c:443:13:TSK_HardwareFaultTask	8	static
C:/Users/azmib/Desktop/Bachelorarbeit/05Software/STM_Workspace/Pilotix6SC_Measurement/Src/mc_tasks.c:456:13:UI_HandleStartStopButton_cb	8	static
C:/Users/azmib/Desktop/Bachelorarbeit/05Software/STM_Workspace/Pilotix6SC_Measurement/Src/mc_tasks.c:474:13:mc_lock_pins	72	static
