C:/Users/azmib/Desktop/Bachelorarbeit/05Software/STM_Workspace/Pilotix6SC_Measurement/Src/pwmc_sixstep.c:62:13:PWMC_Init	8	static
C:/Users/azmib/Desktop/Bachelorarbeit/05Software/STM_Workspace/Pilotix6SC_Measurement/Src/pwmc_sixstep.c:96:13:PWMC_SetPhaseVoltage	0	static
C:/Users/azmib/Desktop/Bachelorarbeit/05Software/STM_Workspace/Pilotix6SC_Measurement/Src/pwmc_sixstep.c:120:13:PWMC_LoadNextStep	20	static
C:/Users/azmib/Desktop/Bachelorarbeit/05Software/STM_Workspace/Pilotix6SC_Measurement/Src/pwmc_sixstep.c:225:13:PWMC_TurnOnLowSides	8	static
C:/Users/azmib/Desktop/Bachelorarbeit/05Software/STM_Workspace/Pilotix6SC_Measurement/Src/pwmc_sixstep.c:265:13:PWMC_SwitchOnPWM	0	static
C:/Users/azmib/Desktop/Bachelorarbeit/05Software/STM_Workspace/Pilotix6SC_Measurement/Src/pwmc_sixstep.c:305:13:PWMC_SetADCTriggerChannel	0	static
C:/Users/azmib/Desktop/Bachelorarbeit/05Software/STM_Workspace/Pilotix6SC_Measurement/Src/pwmc_sixstep.c:331:13:PWMC_SwitchOffPWM	12	static
C:/Users/azmib/Desktop/Bachelorarbeit/05Software/STM_Workspace/Pilotix6SC_Measurement/Src/pwmc_sixstep.c:369:6:PWMC_ForceNextStep	0	static
C:/Users/azmib/Desktop/Bachelorarbeit/05Software/STM_Workspace/Pilotix6SC_Measurement/Src/pwmc_sixstep.c:416:10:PWMC_IsFaultOccurred	0	static
C:/Users/azmib/Desktop/Bachelorarbeit/05Software/STM_Workspace/Pilotix6SC_Measurement/Src/pwmc_sixstep.c:462:9:PWMC_GetLSModConfig	0	static
C:/Users/azmib/Desktop/Bachelorarbeit/05Software/STM_Workspace/Pilotix6SC_Measurement/Src/pwmc_sixstep.c:483:6:PWMC_SetLSModConfig	0	static
C:/Users/azmib/Desktop/Bachelorarbeit/05Software/STM_Workspace/Pilotix6SC_Measurement/Src/pwmc_sixstep.c:517:6:PWMC_SetQuasiSynchState	0	static
