C:/Users/azmib/Desktop/Bachelorarbeit/05Software/STM_Workspace/Pilotix6SC_Measurement/Src/speed_duty_ctrl.c:49:13:SDC_Clear	8	static
C:/Users/azmib/Desktop/Bachelorarbeit/05Software/STM_Workspace/Pilotix6SC_Measurement/Src/speed_duty_ctrl.c:91:13:SDC_ExecRamp	4	static
C:/Users/azmib/Desktop/Bachelorarbeit/05Software/STM_Workspace/Pilotix6SC_Measurement/Src/speed_duty_ctrl.c:204:17:SDC_CalcSpeedReference	16	static
C:/Users/azmib/Desktop/Bachelorarbeit/05Software/STM_Workspace/Pilotix6SC_Measurement/Src/speed_duty_ctrl.c:297:13:SDC_StopSpeedRamp	0	static
