C:/Users/azmib/Desktop/Bachelorarbeit/05Software/STM_Workspace/Pilotix6SC_Measurement/Src/stm32g4xx_hal_msp.c:67:6:HAL_MspInit	16	static
C:/Users/azmib/Desktop/Bachelorarbeit/05Software/STM_Workspace/Pilotix6SC_Measurement/Src/stm32g4xx_hal_msp.c:98:6:HAL_ADC_MspInit	120	static
C:/Users/azmib/Desktop/Bachelorarbeit/05Software/STM_Workspace/Pilotix6SC_Measurement/Src/stm32g4xx_hal_msp.c:189:6:HAL_ADC_MspDeInit	8	static
C:/Users/azmib/Desktop/Bachelorarbeit/05Software/STM_Workspace/Pilotix6SC_Measurement/Src/stm32g4xx_hal_msp.c:264:6:HAL_TIM_Base_MspInit	8	static
C:/Users/azmib/Desktop/Bachelorarbeit/05Software/STM_Workspace/Pilotix6SC_Measurement/Src/stm32g4xx_hal_msp.c:291:6:HAL_TIM_MspPostInit	40	static
C:/Users/azmib/Desktop/Bachelorarbeit/05Software/STM_Workspace/Pilotix6SC_Measurement/Src/stm32g4xx_hal_msp.c:325:6:HAL_TIM_Base_MspDeInit	8	static
C:/Users/azmib/Desktop/Bachelorarbeit/05Software/STM_Workspace/Pilotix6SC_Measurement/Src/stm32g4xx_hal_msp.c:365:6:HAL_UART_MspInit	112	static
C:/Users/azmib/Desktop/Bachelorarbeit/05Software/STM_Workspace/Pilotix6SC_Measurement/Src/stm32g4xx_hal_msp.c:448:6:HAL_UART_MspDeInit	8	static
