C:/Users/azmib/Desktop/Bachelorarbeit/05Software/STM_Workspace/PilotixFOC_Measurement/MCSDK_v6.4.2-Full/MotorControl/MCSDK/MCLib/G4xx/Src/r3_1_g4xx_pwm_curr_fdbk.c:547:13:R3_1_GetPhaseCurrents	12	static
C:/Users/azmib/Desktop/Bachelorarbeit/05Software/STM_Workspace/PilotixFOC_Measurement/MCSDK_v6.4.2-Full/MotorControl/MCSDK/MCLib/G4xx/Src/r3_1_g4xx_pwm_curr_fdbk.c:1065:10:R3_1_SetADCSampPointPolarization	4	static
C:/Users/azmib/Desktop/Bachelorarbeit/05Software/STM_Workspace/PilotixFOC_Measurement/MCSDK_v6.4.2-Full/MotorControl/MCSDK/MCLib/G4xx/Src/r3_1_g4xx_pwm_curr_fdbk.c:1311:13:R3_1_HFCurrentsPolarizationAB	8	static
C:/Users/azmib/Desktop/Bachelorarbeit/05Software/STM_Workspace/PilotixFOC_Measurement/MCSDK_v6.4.2-Full/MotorControl/MCSDK/MCLib/G4xx/Src/r3_1_g4xx_pwm_curr_fdbk.c:1364:13:R3_1_HFCurrentsPolarizationC	4	static
C:/Users/azmib/Desktop/Bachelorarbeit/05Software/STM_Workspace/PilotixFOC_Measurement/MCSDK_v6.4.2-Full/MotorControl/MCSDK/MCLib/G4xx/Src/r3_1_g4xx_pwm_curr_fdbk.c:1465:13:R3_1_SwitchOnPWM	16	static
C:/Users/azmib/Desktop/Bachelorarbeit/05Software/STM_Workspace/PilotixFOC_Measurement/MCSDK_v6.4.2-Full/MotorControl/MCSDK/MCLib/G4xx/Src/r3_1_g4xx_pwm_curr_fdbk.c:1895:13:R3_1_RLGetPhaseCurrents	4	static
C:/Users/azmib/Desktop/Bachelorarbeit/05Software/STM_Workspace/PilotixFOC_Measurement/MCSDK_v6.4.2-Full/MotorControl/MCSDK/MCLib/G4xx/Src/r3_1_g4xx_pwm_curr_fdbk.c:1989:13:R3_1_RLSwitchOnPWM	16	static
C:/Users/azmib/Desktop/Bachelorarbeit/05Software/STM_Workspace/PilotixFOC_Measurement/MCSDK_v6.4.2-Full/MotorControl/MCSDK/MCLib/G4xx/Src/r3_1_g4xx_pwm_curr_fdbk.c:1415:13:R3_1_TurnOnLowSides	4	static
C:/Users/azmib/Desktop/Bachelorarbeit/05Software/STM_Workspace/PilotixFOC_Measurement/MCSDK_v6.4.2-Full/MotorControl/MCSDK/MCLib/G4xx/Src/r3_1_g4xx_pwm_curr_fdbk.c:1525:13:R3_1_SwitchOffPWM	4	static
C:/Users/azmib/Desktop/Bachelorarbeit/05Software/STM_Workspace/PilotixFOC_Measurement/MCSDK_v6.4.2-Full/MotorControl/MCSDK/MCLib/G4xx/Src/r3_1_g4xx_pwm_curr_fdbk.c:1642:13:R3_1_SetAOReferenceVoltage	16	static
C:/Users/azmib/Desktop/Bachelorarbeit/05Software/STM_Workspace/PilotixFOC_Measurement/MCSDK_v6.4.2-Full/MotorControl/MCSDK/MCLib/G4xx/Src/r3_1_g4xx_pwm_curr_fdbk.c:1951:13:R3_1_RLTurnOnLowSides	4	static
C:/Users/azmib/Desktop/Bachelorarbeit/05Software/STM_Workspace/PilotixFOC_Measurement/MCSDK_v6.4.2-Full/MotorControl/MCSDK/MCLib/G4xx/Src/r3_1_g4xx_pwm_curr_fdbk.c:79:13:R3_1_Init	64	static
C:/Users/azmib/Desktop/Bachelorarbeit/05Software/STM_Workspace/PilotixFOC_Measurement/MCSDK_v6.4.2-Full/MotorControl/MCSDK/MCLib/G4xx/Src/r3_1_g4xx_pwm_curr_fdbk.c:394:13:R3_1_SetOffsetCalib	4	static
C:/Users/azmib/Desktop/Bachelorarbeit/05Software/STM_Workspace/PilotixFOC_Measurement/MCSDK_v6.4.2-Full/MotorControl/MCSDK/MCLib/G4xx/Src/r3_1_g4xx_pwm_curr_fdbk.c:408:13:R3_1_GetOffsetCalib	0	static
C:/Users/azmib/Desktop/Bachelorarbeit/05Software/STM_Workspace/PilotixFOC_Measurement/MCSDK_v6.4.2-Full/MotorControl/MCSDK/MCLib/G4xx/Src/r3_1_g4xx_pwm_curr_fdbk.c:422:13:R3_1_CurrentReadingPolarization	32	static,ignoring_inline_asm
C:/Users/azmib/Desktop/Bachelorarbeit/05Software/STM_Workspace/PilotixFOC_Measurement/MCSDK_v6.4.2-Full/MotorControl/MCSDK/MCLib/G4xx/Src/r3_1_g4xx_pwm_curr_fdbk.c:724:13:R3_1_GetPhaseCurrents_OVM	16	static
C:/Users/azmib/Desktop/Bachelorarbeit/05Software/STM_Workspace/PilotixFOC_Measurement/MCSDK_v6.4.2-Full/MotorControl/MCSDK/MCLib/G4xx/Src/r3_1_g4xx_pwm_curr_fdbk.c:1093:10:R3_1_SetADCSampPointSectX	12	static
C:/Users/azmib/Desktop/Bachelorarbeit/05Software/STM_Workspace/PilotixFOC_Measurement/MCSDK_v6.4.2-Full/MotorControl/MCSDK/MCLib/G4xx/Src/r3_1_g4xx_pwm_curr_fdbk.c:1177:10:R3_1_SetADCSampPointSectX_OVM	12	static
C:/Users/azmib/Desktop/Bachelorarbeit/05Software/STM_Workspace/PilotixFOC_Measurement/MCSDK_v6.4.2-Full/MotorControl/MCSDK/MCLib/G4xx/Src/r3_1_g4xx_pwm_curr_fdbk.c:1572:14:R3_1_TIMx_UP_IRQHandler	16	static
C:/Users/azmib/Desktop/Bachelorarbeit/05Software/STM_Workspace/PilotixFOC_Measurement/MCSDK_v6.4.2-Full/MotorControl/MCSDK/MCLib/G4xx/Src/r3_1_g4xx_pwm_curr_fdbk.c:1676:6:R3_1_RLDetectionModeEnable	4	static,ignoring_inline_asm
C:/Users/azmib/Desktop/Bachelorarbeit/05Software/STM_Workspace/PilotixFOC_Measurement/MCSDK_v6.4.2-Full/MotorControl/MCSDK/MCLib/G4xx/Src/r3_1_g4xx_pwm_curr_fdbk.c:1734:6:R3_1_RLDetectionModeDisable	4	static,ignoring_inline_asm
C:/Users/azmib/Desktop/Bachelorarbeit/05Software/STM_Workspace/PilotixFOC_Measurement/MCSDK_v6.4.2-Full/MotorControl/MCSDK/MCLib/G4xx/Src/r3_1_g4xx_pwm_curr_fdbk.c:1821:10:R3_1_RLDetectionModeSetDuty	4	static
C:/Users/azmib/Desktop/Bachelorarbeit/05Software/STM_Workspace/PilotixFOC_Measurement/MCSDK_v6.4.2-Full/MotorControl/MCSDK/MCLib/G4xx/Src/r3_1_g4xx_pwm_curr_fdbk.c:2053:6:R3_1_RLTurnOnLowSidesAndStart	8	static
